../Core/Src/main.c:154:6:motorStop	4	static
../Core/Src/main.c:161:6:motorBStop	8	static
../Core/Src/main.c:167:6:motorAStart	8	static
../Core/Src/main.c:174:6:motorBStart	8	static
../Core/Src/main.c:180:6:motorAForward	8	static
../Core/Src/main.c:187:6:motorAReverse	8	static
../Core/Src/main.c:192:6:motorBForward	8	static
../Core/Src/main.c:197:6:motorBReverse	8	static
../Core/Src/main.c:227:6:readByte	24	static
../Core/Src/main.c:234:6:writeByte	24	static
../Core/Src/main.c:240:6:gyroStart	8	static
../Core/Src/main.c:251:6:gyroInit	8	static
../Core/Src/main.c:274:8:abs	32	static
../Core/Src/main.c:286:6:motorForwardA	32	static
../Core/Src/main.c:355:6:motorForwardB	48	static
../Core/Src/main.c:428:6:motorRight	24	static
../Core/Src/main.c:469:6:motorLeft	24	static
../Core/Src/main.c:515:6:motorRightB	24	static
../Core/Src/main.c:559:6:motorLeftB	24	static
../Core/Src/main.c:607:6:motorRightC	32	static
../Core/Src/main.c:657:6:motorLeftC	32	static
../Core/Src/main.c:717:6:backRight	24	static
../Core/Src/main.c:758:6:backLeft	24	static
../Core/Src/main.c:802:6:motorBack	16	static
../Core/Src/main.c:810:6:motorBackA	48	static
../Core/Src/main.c:875:5:main	8	static
../Core/Src/main.c:990:6:SystemClock_Config	88	static
../Core/Src/main.c:1030:13:MX_ADC1_Init	24	static
../Core/Src/main.c:1080:13:MX_I2C1_Init	8	static
../Core/Src/main.c:1114:13:MX_TIM1_Init	96	static
../Core/Src/main.c:1188:13:MX_TIM2_Init	56	static
../Core/Src/main.c:1237:13:MX_TIM3_Init	56	static
../Core/Src/main.c:1286:13:MX_TIM4_Init	48	static
../Core/Src/main.c:1344:13:MX_TIM8_Init	96	static
../Core/Src/main.c:1423:13:MX_USART3_UART_Init	8	static
../Core/Src/main.c:1454:13:MX_DMA_Init	16	static
../Core/Src/main.c:1472:13:MX_GPIO_Init	56	static
../Core/Src/main.c:1558:6:HAL_TIM_IC_CaptureCallback	16	static
../Core/Src/main.c:1597:6:delay	16	static
../Core/Src/main.c:1603:6:HCSR04_Read	8	static
../Core/Src/main.c:1612:6:HAL_UART_RxCpltCallback	16	static
../Core/Src/main.c:1629:6:HAL_ADC_ConvCpltCallback	16	static
../Core/Src/main.c:1667:6:StartDefaultTask	16	static
../Core/Src/main.c:1706:6:encoder_task	24	static
../Core/Src/main.c:1919:6:motorTask	112	static
../Core/Src/main.c:2063:6:gyroTask	56	static
../Core/Src/main.c:2149:6:ultrasoundTask	16	static
../Core/Src/main.c:2184:6:HAL_TIM_PeriodElapsedCallback	16	static
../Core/Src/main.c:2201:6:Error_Handler	4	static,ignoring_inline_asm
