../Core/Src/main.c:130:6:OLED_Refresh_Gram	16	static
../Core/Src/main.c:142:6:OLED_WR_Byte	24	static
../Core/Src/main.c:165:6:OLED_Clear	16	static
../Core/Src/main.c:175:6:OLED_Display_On	8	static
../Core/Src/main.c:184:6:OLED_Display_Off	8	static
../Core/Src/main.c:194:6:OLED_DrawPoint	24	static
../Core/Src/main.c:207:6:OLED_ShowChar	32	static
../Core/Src/main.c:232:10:oled_pow	24	static
../Core/Src/main.c:242:6:OLED_ShowNumber	40	static
../Core/Src/main.c:264:6:OLED_ShowString	24	static
../Core/Src/main.c:278:6:OLED_Init	8	static
../Core/Src/main.c:363:6:motorStop	4	static
../Core/Src/main.c:371:6:motorForward	48	static
../Core/Src/main.c:462:6:motorBStop	8	static
../Core/Src/main.c:468:6:motorAStart	8	static
../Core/Src/main.c:475:6:motorBStart	8	static
../Core/Src/main.c:481:6:motorAForward	8	static
../Core/Src/main.c:488:6:motorAReverse	8	static
../Core/Src/main.c:493:6:motorBForward	8	static
../Core/Src/main.c:498:6:motorBReverse	8	static
../Core/Src/main.c:528:6:readByte	24	static
../Core/Src/main.c:535:6:writeByte	24	static
../Core/Src/main.c:541:6:gyroStart	8	static
../Core/Src/main.c:552:6:gyroInit	8	static
../Core/Src/main.c:587:6:motorForwardA	32	static
../Core/Src/main.c:656:6:motorForwardB	48	static
../Core/Src/main.c:729:6:motorRight	24	static
../Core/Src/main.c:770:6:motorLeft	24	static
../Core/Src/main.c:816:6:motorRightB	24	static
../Core/Src/main.c:860:6:motorLeftB	24	static
../Core/Src/main.c:908:6:motorRightC	32	static
../Core/Src/main.c:958:6:motorLeftC	32	static
../Core/Src/main.c:1018:6:backRight	24	static
../Core/Src/main.c:1059:6:backLeft	24	static
../Core/Src/main.c:1103:6:motorBack	16	static
../Core/Src/main.c:1111:6:motorBackA	48	static
../Core/Src/main.c:1176:5:main	8	static
../Core/Src/main.c:1291:6:SystemClock_Config	88	static
../Core/Src/main.c:1331:13:MX_ADC1_Init	24	static
../Core/Src/main.c:1381:13:MX_I2C1_Init	8	static
../Core/Src/main.c:1415:13:MX_TIM1_Init	96	static
../Core/Src/main.c:1489:13:MX_TIM2_Init	56	static
../Core/Src/main.c:1538:13:MX_TIM3_Init	56	static
../Core/Src/main.c:1587:13:MX_TIM4_Init	48	static
../Core/Src/main.c:1645:13:MX_TIM8_Init	96	static
../Core/Src/main.c:1724:13:MX_USART3_UART_Init	8	static
../Core/Src/main.c:1755:13:MX_DMA_Init	16	static
../Core/Src/main.c:1773:13:MX_GPIO_Init	56	static
../Core/Src/main.c:1859:6:HAL_TIM_IC_CaptureCallback	16	static
../Core/Src/main.c:1898:6:delay	16	static
../Core/Src/main.c:1904:6:HCSR04_Read	8	static
../Core/Src/main.c:1913:6:HAL_UART_RxCpltCallback	16	static
../Core/Src/main.c:1930:6:HAL_ADC_ConvCpltCallback	16	static
../Core/Src/main.c:1968:6:StartDefaultTask	16	static
../Core/Src/main.c:2011:6:encoder_task	16	static
../Core/Src/main.c:2224:6:motorTask	112	static
../Core/Src/main.c:2368:6:gyroTask	56	static
../Core/Src/main.c:2454:6:ultrasoundTask	64	static
../Core/Src/main.c:3174:6:HAL_TIM_PeriodElapsedCallback	16	static
../Core/Src/main.c:3191:6:Error_Handler	4	static,ignoring_inline_asm
