../Core/Src/main.c:2018:6:ultrasoundTask	0	static
../Core/Src/main.c:154:6:motorStop	0	static
../Core/Src/main.c:161:6:motorBStop	0	static
../Core/Src/main.c:167:6:motorAStart	0	static
../Core/Src/main.c:174:6:motorBStart	0	static
../Core/Src/main.c:180:6:motorAForward	8	static
../Core/Src/main.c:187:6:motorAReverse	8	static
../Core/Src/main.c:192:6:motorBForward	8	static
../Core/Src/main.c:197:6:motorBReverse	8	static
../Core/Src/main.c:1788:6:motorTask	24	static
../Core/Src/main.c:227:6:readByte	24	static
../Core/Src/main.c:234:6:writeByte	16	static
../Core/Src/main.c:240:6:gyroStart	8	static
../Core/Src/main.c:251:6:gyroInit	8	static
../Core/Src/main.c:1932:6:gyroTask	48	static
../Core/Src/main.c:274:8:abs	16	static
../Core/Src/main.c:286:6:motorForwardA	56	static
../Core/Src/main.c:350:6:motorForwardB	64	static
../Core/Src/main.c:423:6:motorRight	16	static
../Core/Src/main.c:464:6:motorLeft	16	static
../Core/Src/main.c:510:6:motorRightB	16	static
../Core/Src/main.c:554:6:motorLeftB	16	static
../Core/Src/main.c:602:6:backRight	16	static
../Core/Src/main.c:643:6:backLeft	16	static
../Core/Src/main.c:687:6:motorBack	8	static
../Core/Src/main.c:695:6:motorBackA	24	static
../Core/Src/main.c:1603:6:encoder_task	16	static
../Core/Src/main.c:875:6:SystemClock_Config	88	static,ignoring_inline_asm
../Core/Src/main.c:760:5:main	120	static,ignoring_inline_asm
../Core/Src/main.c:1443:6:HAL_TIM_IC_CaptureCallback	16	static
../Core/Src/main.c:1482:6:delay	0	static
../Core/Src/main.c:1488:6:HCSR04_Read	8	static
../Core/Src/main.c:1555:6:StartDefaultTask	8	static
../Core/Src/main.c:1497:6:HAL_UART_RxCpltCallback	8	static
../Core/Src/main.c:1517:6:HAL_ADC_ConvCpltCallback	0	static
../Core/Src/main.c:2054:6:HAL_TIM_PeriodElapsedCallback	0	static
../Core/Src/main.c:2071:6:Error_Handler	0	static,ignoring_inline_asm
