Archive member included to satisfy reference by file (symbol)

c:/st/stm32cubeide_1.11.0/stm32cubeide/plugins/com.st.stm32cube.ide.mcu.externaltools.gnu-tools-for-stm32.10.3-2021.10.win32_1.0.100.202210260954/tools/bin/../lib/gcc/arm-none-eabi/10.3.1/../../../../arm-none-eabi/lib/thumb/v7e-m+fp/hard\libc_nano.a(lib_a-errno.o)
                              ./Core/Src/syscalls.o (__errno)
c:/st/stm32cubeide_1.11.0/stm32cubeide/plugins/com.st.stm32cube.ide.mcu.externaltools.gnu-tools-for-stm32.10.3-2021.10.win32_1.0.100.202210260954/tools/bin/../lib/gcc/arm-none-eabi/10.3.1/../../../../arm-none-eabi/lib/thumb/v7e-m+fp/hard\libc_nano.a(lib_a-exit.o)
                              c:/st/stm32cubeide_1.11.0/stm32cubeide/plugins/com.st.stm32cube.ide.mcu.externaltools.gnu-tools-for-stm32.10.3-2021.10.win32_1.0.100.202210260954/tools/bin/../lib/gcc/arm-none-eabi/10.3.1/../../../../arm-none-eabi/lib/thumb/v7e-m+fp/hard/crt0.o (exit)
c:/st/stm32cubeide_1.11.0/stm32cubeide/plugins/com.st.stm32cube.ide.mcu.externaltools.gnu-tools-for-stm32.10.3-2021.10.win32_1.0.100.202210260954/tools/bin/../lib/gcc/arm-none-eabi/10.3.1/../../../../arm-none-eabi/lib/thumb/v7e-m+fp/hard\libc_nano.a(lib_a-impure.o)
                              c:/st/stm32cubeide_1.11.0/stm32cubeide/plugins/com.st.stm32cube.ide.mcu.externaltools.gnu-tools-for-stm32.10.3-2021.10.win32_1.0.100.202210260954/tools/bin/../lib/gcc/arm-none-eabi/10.3.1/../../../../arm-none-eabi/lib/thumb/v7e-m+fp/hard\libc_nano.a(lib_a-exit.o) (_global_impure_ptr)
c:/st/stm32cubeide_1.11.0/stm32cubeide/plugins/com.st.stm32cube.ide.mcu.externaltools.gnu-tools-for-stm32.10.3-2021.10.win32_1.0.100.202210260954/tools/bin/../lib/gcc/arm-none-eabi/10.3.1/../../../../arm-none-eabi/lib/thumb/v7e-m+fp/hard\libc_nano.a(lib_a-init.o)
                              c:/st/stm32cubeide_1.11.0/stm32cubeide/plugins/com.st.stm32cube.ide.mcu.externaltools.gnu-tools-for-stm32.10.3-2021.10.win32_1.0.100.202210260954/tools/bin/../lib/gcc/arm-none-eabi/10.3.1/../../../../arm-none-eabi/lib/thumb/v7e-m+fp/hard/crt0.o (__libc_init_array)
c:/st/stm32cubeide_1.11.0/stm32cubeide/plugins/com.st.stm32cube.ide.mcu.externaltools.gnu-tools-for-stm32.10.3-2021.10.win32_1.0.100.202210260954/tools/bin/../lib/gcc/arm-none-eabi/10.3.1/../../../../arm-none-eabi/lib/thumb/v7e-m+fp/hard\libc_nano.a(lib_a-memcpy-stub.o)
                              ./Middlewares/Third_Party/FreeRTOS/Source/CMSIS_RTOS_V2/cmsis_os2.o (memcpy)
c:/st/stm32cubeide_1.11.0/stm32cubeide/plugins/com.st.stm32cube.ide.mcu.externaltools.gnu-tools-for-stm32.10.3-2021.10.win32_1.0.100.202210260954/tools/bin/../lib/gcc/arm-none-eabi/10.3.1/../../../../arm-none-eabi/lib/thumb/v7e-m+fp/hard\libc_nano.a(lib_a-memset.o)
                              c:/st/stm32cubeide_1.11.0/stm32cubeide/plugins/com.st.stm32cube.ide.mcu.externaltools.gnu-tools-for-stm32.10.3-2021.10.win32_1.0.100.202210260954/tools/bin/../lib/gcc/arm-none-eabi/10.3.1/../../../../arm-none-eabi/lib/thumb/v7e-m+fp/hard/crt0.o (memset)
c:/st/stm32cubeide_1.11.0/stm32cubeide/plugins/com.st.stm32cube.ide.mcu.externaltools.gnu-tools-for-stm32.10.3-2021.10.win32_1.0.100.202210260954/tools/bin/../lib/gcc/arm-none-eabi/10.3.1/../../../../arm-none-eabi/lib/thumb/v7e-m+fp/hard\libc_nano.a(lib_a-sprintf.o)
                              ./Core/Src/main.o (sprintf)
c:/st/stm32cubeide_1.11.0/stm32cubeide/plugins/com.st.stm32cube.ide.mcu.externaltools.gnu-tools-for-stm32.10.3-2021.10.win32_1.0.100.202210260954/tools/bin/../lib/gcc/arm-none-eabi/10.3.1/../../../../arm-none-eabi/lib/thumb/v7e-m+fp/hard\libc_nano.a(lib_a-nano-svfprintf.o)
                              c:/st/stm32cubeide_1.11.0/stm32cubeide/plugins/com.st.stm32cube.ide.mcu.externaltools.gnu-tools-for-stm32.10.3-2021.10.win32_1.0.100.202210260954/tools/bin/../lib/gcc/arm-none-eabi/10.3.1/../../../../arm-none-eabi/lib/thumb/v7e-m+fp/hard\libc_nano.a(lib_a-sprintf.o) (_svfprintf_r)
c:/st/stm32cubeide_1.11.0/stm32cubeide/plugins/com.st.stm32cube.ide.mcu.externaltools.gnu-tools-for-stm32.10.3-2021.10.win32_1.0.100.202210260954/tools/bin/../lib/gcc/arm-none-eabi/10.3.1/../../../../arm-none-eabi/lib/thumb/v7e-m+fp/hard\libc_nano.a(lib_a-nano-vfprintf_i.o)
                              c:/st/stm32cubeide_1.11.0/stm32cubeide/plugins/com.st.stm32cube.ide.mcu.externaltools.gnu-tools-for-stm32.10.3-2021.10.win32_1.0.100.202210260954/tools/bin/../lib/gcc/arm-none-eabi/10.3.1/../../../../arm-none-eabi/lib/thumb/v7e-m+fp/hard\libc_nano.a(lib_a-nano-svfprintf.o) (_printf_i)
c:/st/stm32cubeide_1.11.0/stm32cubeide/plugins/com.st.stm32cube.ide.mcu.externaltools.gnu-tools-for-stm32.10.3-2021.10.win32_1.0.100.202210260954/tools/bin/../lib/gcc/arm-none-eabi/10.3.1/../../../../arm-none-eabi/lib/thumb/v7e-m+fp/hard\libc_nano.a(lib_a-memchr.o)
[...]
Memory Configuration

Name             Origin             Length             Attributes
CCMRAM           0x0000000010000000 0x0000000000010000 xrw
RAM              0x0000000020000000 0x0000000000020000 xrw
FLASH            0x0000000008000000 0x0000000000080000 xr
*default*        0x0000000000000000 0xffffffffffffffff

Linker script and memory map

LOAD c:/st/stm32cubeide_1.11.0/stm32cubeide/plugins/com.st.stm32cube.ide.mcu.externaltools.gnu-tools-for-stm32.10.3-2021.10.win32_1.0.100.202210260954/tools/bin/../lib/gcc/arm-none-eabi/10.3.1/thumb/v7e-m+fp/hard/crti.o
LOAD c:/st/stm32cubeide_1.11.0/stm32cubeide/plugins/com.st.stm32cube.ide.mcu.externaltools.gnu-tools-for-stm32.10.3-2021.10.win32_1.0.100.202210260954/tools/bin/../lib/gcc/arm-none-eabi/10.3.1/thumb/v7e-m+fp/hard/crtbegin.o
LOAD c:/st/stm32cubeide_1.11.0/stm32cubeide/plugins/com.st.stm32cube.ide.mcu.externaltools.gnu-tools-for-stm32.10.3-2021.10.win32_1.0.100.202210260954/tools/bin/../lib/gcc/arm-none-eabi/10.3.1/../../../../arm-none-eabi/lib/thumb/v7e-m+fp/hard/crt0.o
LOAD ./Core/Src/freertos.o
LOAD ./Core/Src/main.o
LOAD ./Core/Src/stm32f4xx_hal_msp.o
LOAD ./Core/Src/stm32f4xx_hal_timebase_tim.o
LOAD ./Core/Src/stm32f4xx_it.o
LOAD ./Core/Src/syscalls.o
LOAD ./Core/Src/sysmem.o
LOAD ./Core/Src/system_stm32f4xx.o
LOAD ./Core/Startup/startup_stm32f407vetx.o
LOAD ./Drivers/STM32F4xx_HAL_Driver/Src/stm32f4xx_hal.o
LOAD ./Drivers/STM32F4xx_HAL_Driver/Src/stm32f4xx_hal_adc.o
LOAD ./Drivers/STM32F4xx_HAL_Driver/Src/stm32f4xx_hal_adc_ex.o
LOAD ./Drivers/STM32F4xx_HAL_Driver/Src/stm32f4xx_hal_cortex.o
LOAD ./Drivers/STM32F4xx_HAL_Driver/Src/stm32f4xx_hal_dma.o
LOAD ./Drivers/STM32F4xx_HAL_Driver/Src/stm32f4xx_hal_dma_ex.o
LOAD ./Drivers/STM32F4xx_HAL_Driver/Src/stm32f4xx_hal_exti.o
LOAD ./Drivers/STM32F4xx_HAL_Driver/Src/stm32f4xx_hal_flash.o
LOAD ./Drivers/STM32F4xx_HAL_Driver/Src/stm32f4xx_hal_flash_ex.o
LOAD ./Drivers/STM32F4xx_HAL_Driver/Src/stm32f4xx_hal_flash_ramfunc.o
LOAD ./Drivers/STM32F4xx_HAL_Driver/Src/stm32f4xx_hal_gpio.o
LOAD ./Drivers/STM32F4xx_HAL_Driver/Src/stm32f4xx_hal_i2c.o
LOAD ./Drivers/STM32F4xx_HAL_Driver/Src/stm32f4xx_hal_i2c_ex.o
LOAD ./Drivers/STM32F4xx_HAL_Driver/Src/stm32f4xx_hal_pwr.o
LOAD ./Drivers/STM32F4xx_HAL_Driver/Src/stm32f4xx_hal_pwr_ex.o
LOAD ./Drivers/STM32F4xx_HAL_Driver/Src/stm32f4xx_hal_rcc.o
LOAD ./Drivers/STM32F4xx_HAL_Driver/Src/stm32f4xx_hal_rcc_ex.o
LOAD ./Drivers/STM32F4xx_HAL_Driver/Src/stm32f4xx_hal_tim.o
LOAD ./Drivers/STM32F4xx_HAL_Driver/Src/stm32f4xx_hal_tim_ex.o
LOAD ./Drivers/STM32F4xx_HAL_Driver/Src/stm32f4xx_hal_uart.o
LOAD ./Drivers/STM32F4xx_HAL_Driver/Src/stm32f4xx_ll_adc.o
LOAD ./Middlewares/Third_Party/FreeRTOS/Source/CMSIS_RTOS_V2/cmsis_os2.o
LOAD ./Middlewares/Third_Party/FreeRTOS/Source/croutine.o
LOAD ./Middlewares/Third_Party/FreeRTOS/Source/event_groups.o
LOAD ./Middlewares/Third_Party/FreeRTOS/Source/list.o
LOAD ./Middlewares/Third_Party/FreeRTOS/Source/queue.o
LOAD ./Middlewares/Third_Party/FreeRTOS/Source/stream_buffer.o
LOAD ./Middlewares/Third_Party/FreeRTOS/Source/tasks.o
LOAD ./Middlewares/Third_Party/FreeRTOS/Source/timers.o
LOAD ./Middlewares/Third_Party/FreeRTOS/Source/portable/GCC/ARM_CM4F/port.o
LOAD ./Middlewares/Third_Party/FreeRTOS/Source/portable/MemMang/heap_4.o
START GROUP
LOAD c:/st/stm32cubeide_1.11.0/stm32cubeide/plugins/com.st.stm32cube.ide.mcu.externaltools.gnu-tools-for-stm32.10.3-2021.10.win32_1.0.100.202210260954/tools/bin/../lib/gcc/arm-none-eabi/10.3.1/../../../../arm-none-eabi/lib/thumb/v7e-m+fp/hard\libc_nano.a
LOAD c:/st/stm32cubeide_1.11.0/stm32cubeide/plugins/com.st.stm32cube.ide.mcu.externaltools.gnu-tools-for-stm32.10.3-2021.10.win32_1.0.100.202210260954/tools/bin/../lib/gcc/arm-none-eabi/10.3.1/../../../../arm-none-eabi/lib/thumb/v7e-m+fp/hard\libm.a
END GROUP
START GROUP
LOAD c:/st/stm32cubeide_1.11.0/stm32cubeide/plugins/com.st.stm32cube.ide.mcu.externaltools.gnu-tools-for-stm32.10.3-2021.10.win32_1.0.100.202210260954/tools/bin/../lib/gcc/arm-none-eabi/10.3.1/thumb/v7e-m+fp/hard\libgcc.a
LOAD c:/st/stm32cubeide_1.11.0/stm32cubeide/plugins/com.st.stm32cube.ide.mcu.externaltools.gnu-tools-for-stm32.10.3-2021.10.win32_1.0.100.202210260954/tools/bin/../lib/gcc/arm-none-eabi/10.3.1/../../../../arm-none-eabi/lib/thumb/v7e-m+fp/hard\libc_nano.a
END GROUP
START GROUP
LOAD c:/st/stm32cubeide_1.11.0/stm32cubeide/plugins/com.st.stm32cube.ide.mcu.externaltools.gnu-tools-for-stm32.10.3-2021.10.win32_1.0.100.202210260954/tools/bin/../lib/gcc/arm-none-eabi/10.3.1/thumb/v7e-m+fp/hard\libgcc.a
LOAD c:/st/stm32cubeide_1.11.0/stm32cubeide/plugins/com.st.stm32cube.ide.mcu.externaltools.gnu-tools-for-stm32.10.3-2021.10.win32_1.0.100.202210260954/tools/bin/../lib/gcc/arm-none-eabi/10.3.1/../../../../arm-none-eabi/lib/thumb/v7e-m+fp/hard\libc_nano.a
LOAD c:/st/stm32cubeide_1.11.0/stm32cubeide/plugins/com.st.stm32cube.ide.mcu.externaltools.gnu-tools-for-stm32.10.3-2021.10.win32_1.0.100.202210260954/tools/bin/../lib/gcc/arm-none-eabi/10.3.1/../../../../arm-none-eabi/lib/thumb/v7e-m+fp/hard\libnosys.a
END GROUP
START GROUP
LOAD c:/st/stm32cubeide_1.11.0/stm32cubeide/plugins/com.st.stm32cube.ide.mcu.externaltools.gnu-tools-for-stm32.10.3-2021.10.win32_1.0.100.202210260954/tools/bin/../lib/gcc/arm-none-eabi/10.3.1/thumb/v7e-m+fp/hard\libgcc.a
LOAD c:/st/stm32cubeide_1.11.0/stm32cubeide/plugins/com.st.stm32cube.ide.mcu.externaltools.gnu-tools-for-stm32.10.3-2021.10.win32_1.0.100.202210260954/tools/bin/../lib/gcc/arm-none-eabi/10.3.1/../../../../arm-none-eabi/lib/thumb/v7e-m+fp/hard\libc_nano.a
LOAD c:/st/stm32cubeide_1.11.0/stm32cubeide/plugins/com.st.stm32cube.ide.mcu.externaltools.gnu-tools-for-stm32.10.3-2021.10.win32_1.0.100.202210260954/tools/bin/../lib/gcc/arm-none-eabi/10.3.1/../../../../arm-none-eabi/lib/thumb/v7e-m+fp/hard\libnosys.a
END GROUP
LOAD c:/st/stm32cubeide_1.11.0/stm32cubeide/plugins/com.st.stm32cube.ide.mcu.externaltools.gnu-tools-for-stm32.10.3-2021.10.win32_1.0.100.202210260954/tools/bin/../lib/gcc/arm-none-eabi/10.3.1/thumb/v7e-m+fp/hard/crtend.o
LOAD c:/st/stm32cubeide_1.11.0/stm32cubeide/plugins/com.st.stm32cube.ide.mcu.externaltools.gnu-tools-for-stm32.10.3-2021.10.win32_1.0.100.202210260954/tools/bin/../lib/gcc/arm-none-eabi/10.3.1/thumb/v7e-m+fp/hard/crtn.o
                0x0000000020020000                _estack = (ORIGIN (RAM) + LENGTH (RAM))
                0x0000000000000200                _Min_Heap_Size = 0x200
                0x0000000000000400                _Min_Stack_Size = 0x400

.isr_vector     0x0000000008000000      0x188
                0x0000000008000000                . = ALIGN (0x4)
 *(.isr_vector)
 .isr_vector    0x0000000008000000      0x188 ./Core/Startup/startup_stm32f407vetx.o
                0x0000000008000000                g_pfnVectors
                0x0000000008000188                . = ALIGN (0x4)

.text           0x0000000008000190     0xd648
                0x0000000008000190                . = ALIGN (0x4)
 *(.text)
 .text          0x0000000008000190       0x40 c:/st/stm32cubeide_1.11.0/stm32cubeide/plugins/com.st.stm32cube.ide.mcu.externaltools.gnu-tools-for-stm32.10.3-2021.10.win32_1.0.100.202210260954/tools/bin/../lib/gcc/arm-none-eabi/10.3.1/thumb/v7e-m+fp/hard/crtbegin.o
 .text          0x00000000080001d0       0xa0 c:/st/stm32cubeide_1.11.0/stm32cubeide/plugins/com.st.stm32cube.ide.mcu.externaltools.gnu-tools-for-stm32.10.3-2021.10.win32_1.0.100.202210260954/tools/bin/../lib/gcc/arm-none-eabi/10.3.1/../../../../arm-none-eabi/lib/thumb/v7e-m+fp/hard\libc_nano.a(lib_a-memchr.o)
                0x00000000080001d0                memchr
 .text          0x0000000008000270      0x378 c:/st/stm32cubeide_1.11.0/stm32cubeide/plugins/com.st.stm32cube.ide.mcu.externaltools.gnu-tools-for-stm32.10.3-2021.10.win32_1.0.100.202210260954/tools/bin/../lib/gcc/arm-none-eabi/10.3.1/thumb/v7e-m+fp/hard\libgcc.a(_arm_addsubdf3.o)
                0x0000000008000270                __aeabi_drsub
                0x0000000008000278                __aeabi_dsub
                0x0000000008000278                __subdf3
                0x000000000800027c                __aeabi_dadd
                0x000000000800027c                __adddf3
                0x00000000080004f4                __floatunsidf
                0x00000000080004f4                __aeabi_ui2d
                0x0000000008000514                __floatsidf
                0x0000000008000514                __aeabi_i2d
                0x0000000008000538                __aeabi_f2d
                0x0000000008000538                __extendsfdf2
                0x000000000800057c                __floatundidf
                0x000000000800057c                __aeabi_ul2d
                0x000000000800058c                __floatdidf
                0x000000000800058c                __aeabi_l2d
 .text          0x00000000080005e8      0x424 c:/st/stm32cubeide_1.11.0/stm32cubeide/plugins/com.st.stm32cube.ide.mcu.externaltools.gnu-tools-for-stm32.10.3-2021.10.win32_1.0.100.202210260954/tools/bin/../lib/gcc/arm-none-eabi/10.3.1/thumb/v7e-m+fp/hard\libgcc.a(_arm_muldivdf3.o)
                0x00000000080005e8                __aeabi_dmul
                0x00000000080005e8                __muldf3
                0x000000000800083c                __divdf3
                0x000000000800083c                __aeabi_ddiv
 .text          0x0000000008000a0c      0x110 c:/st/stm32cubeide_1.11.0/stm32cubeide/plugins/com.st.stm32cube.ide.mcu.externaltools.gnu-tools-for-stm32.10.3-2021.10.win32_1.0.100.202210260954/tools/bin/../lib/gcc/arm-none-eabi/10.3.1/thumb/v7e-m+fp/hard\libgcc.a(_arm_cmpdf2.o)
                0x0000000008000a0c                __gtdf2
                0x0000000008000a0c                __gedf2
                0x0000000008000a14                __ltdf2
                0x0000000008000a14                __ledf2
                0x0000000008000a1c                __nedf2
                0x0000000008000a1c                __eqdf2
                0x0000000008000a1c                __cmpdf2
                0x0000000008000a98                __aeabi_cdrcmple
                0x0000000008000aa8                __aeabi_cdcmpeq
                0x0000000008000aa8                __aeabi_cdcmple
                0x0000000008000ab8                __aeabi_dcmpeq
                0x0000000008000acc                __aeabi_dcmplt
                0x0000000008000ae0                __aeabi_dcmple
                0x0000000008000af4                __aeabi_dcmpge
                0x0000000008000b08                __aeabi_dcmpgt
 .text          0x0000000008000b1c       0x2c c:/st/stm32cubeide_1.11.0/stm32cubeide/plugins/com.st.stm32cube.ide.mcu.externaltools.gnu-tools-for-stm32.10.3-2021.10.win32_1.0.100.202210260954/tools/bin/../lib/gcc/arm-none-eabi/10.3.1/thumb/v7e-m+fp/hard\libgcc.a(_arm_unorddf2.o)
                0x0000000008000b1c                __unorddf2
                0x0000000008000b1c                __aeabi_dcmpun
 .text          0x0000000008000b48       0x50 c:/st/stm32cubeide_1.11.0/stm32cubeide/plugins/com.st.stm32cube.ide.mcu.externaltools.gnu-tools-for-stm32.10.3-2021.10.win32_1.0.100.202210260954/tools/bin/../lib/gcc/arm-none-eabi/10.3.1/thumb/v7e-m+fp/hard\libgcc.a(_arm_fixdfsi.o)
                0x0000000008000b48                __aeabi_d2iz
                0x0000000008000b48                __fixdfsi
 .text          0x0000000008000b98       0x40 c:/st/stm32cubeide_1.11.0/stm32cubeide/plugins/com.st.stm32cube.ide.mcu.externaltools.gnu-tools-for-stm32.10.3-2021.10.win32_1.0.100.202210260954/tools/bin/../lib/gcc/arm-none-eabi/10.3.1/thumb/v7e-m+fp/hard\libgcc.a(_arm_fixunsdfsi.o)
                0x0000000008000b98                __aeabi_d2uiz
                0x0000000008000b98                __fixunsdfsi
 .text          0x0000000008000bd8       0xa0 c:/st/stm32cubeide_1.11.0/stm32cubeide/plugins/com.st.stm32cube.ide.mcu.externaltools.gnu-tools-for-stm32.10.3-2021.10.win32_1.0.100.202210260954/tools/bin/../lib/gcc/arm-none-eabi/10.3.1/thumb/v7e-m+fp/hard\libgcc.a(_arm_truncdfsf2.o)
                0x0000000008000bd8                __truncdfsf2
                0x0000000008000bd8                __aeabi_d2f
 .text          0x0000000008000c78       0x30 c:/st/stm32cubeide_1.11.0/stm32cubeide/plugins/com.st.stm32cube.ide.mcu.externaltools.gnu-tools-for-stm32.10.3-2021.10.win32_1.0.100.202210260954/tools/bin/../lib/gcc/arm-none-eabi/10.3.1/thumb/v7e-m+fp/hard\libgcc.a(_aeabi_uldivmod.o)
                0x0000000008000c78                __aeabi_uldivmod
 .text          0x0000000008000ca8      0x2d0 c:/st/stm32cubeide_1.11.0/stm32cubeide/plugins/com.st.stm32cube.ide.mcu.externaltools.gnu-tools-for-stm32.10.3-2021.10.win32_1.0.100.202210260954/tools/bin/../lib/gcc/arm-none-eabi/10.3.1/thumb/v7e-m+fp/hard\libgcc.a(_udivmoddi4.o)
                0x0000000008000ca8                __udivmoddi4
 .text          0x0000000008000f78        0x4 c:/st/stm32cubeide_1.11.0/stm32cubeide/plugins/com.st.stm32cube.ide.mcu.externaltools.gnu-tools-for-stm32.10.3-2021.10.win32_1.0.100.202210260954/tools/bin/../lib/gcc/arm-none-eabi/10.3.1/thumb/v7e-m+fp/hard\libgcc.a(_dvmd_tls.o)
                0x0000000008000f78                __aeabi_idiv0
                0x0000000008000f78                __aeabi_ldiv0
 *(.text*)
 .text.OLED_Refresh_Gram
                0x0000000008000f7c       0x70 ./Core/Src/main.o
                0x0000000008000f7c                OLED_Refresh_Gram
 .text.OLED_WR_Byte
                0x0000000008000fec       0x94 ./Core/Src/main.o
                0x0000000008000fec                OLED_WR_Byte
 .text.OLED_Clear
                0x0000000008001080       0x4c ./Core/Src/main.o
                0x0000000008001080                OLED_Clear
 .text.OLED_DrawPoint
                0x00000000080010cc       0xb4 ./Core/Src/main.o
                0x00000000080010cc                OLED_DrawPoint
 .text.OLED_ShowChar
                0x0000000008001180       0xe4 ./Core/Src/main.o
                0x0000000008001180                OLED_ShowChar
 .text.OLED_ShowString
                0x0000000008001264       0x64 ./Core/Src/main.o
                0x0000000008001264                OLED_ShowString
 .text.OLED_Init
                0x00000000080012c8      0x118 ./Core/Src/main.o
                0x00000000080012c8                OLED_Init
 .text.motorStop
                0x00000000080013e0       0x24 ./Core/Src/main.o
                0x00000000080013e0                motorStop
 *fill*         0x0000000008001404        0x4 
 .text.motorForward
                0x0000000008001408      0x280 ./Core/Src/main.o
                0x0000000008001408                motorForward
 .text.motorAForward
                0x0000000008001688       0x20 ./Core/Src/main.o
                0x0000000008001688                motorAForward
 .text.motorAReverse
                0x00000000080016a8       0x20 ./Core/Src/main.o
                0x00000000080016a8                motorAReverse
 .text.motorBForward
                0x00000000080016c8       0x20 ./Core/Src/main.o
                0x00000000080016c8                motorBForward
 .text.motorBReverse
                0x00000000080016e8       0x20 ./Core/Src/main.o
                0x00000000080016e8                motorBReverse
 .text.readByte
                0x0000000008001708       0x58 ./Core/Src/main.o
                0x0000000008001708                readByte
 .text.writeByte
                0x0000000008001760       0x48 ./Core/Src/main.o
                0x0000000008001760                writeByte
 .text.gyroInit
                0x00000000080017a8       0x86 ./Core/Src/main.o
                0x00000000080017a8                gyroInit
 *fill*         0x000000000800182e        0x2 
 .text.motorRight
                0x0000000008001830       0xb4 ./Core/Src/main.o
                0x0000000008001830                motorRight
 .text.motorLeft
                0x00000000080018e4       0xac ./Core/Src/main.o
                0x00000000080018e4                motorLeft
 .text.motorBack
                0x0000000008001990       0x2c ./Core/Src/main.o
                0x0000000008001990                motorBack
 .text.main     0x00000000080019bc      0x124 ./Core/Src/main.o
                0x00000000080019bc                main
 .text.SystemClock_Config
                0x0000000008001ae0       0xbc ./Core/Src/main.o
                0x0000000008001ae0                SystemClock_Config
 .text.MX_ADC1_Init
                0x0000000008001b9c       0xa4 ./Core/Src/main.o
 .text.MX_I2C1_Init
                0x0000000008001c40       0x5c ./Core/Src/main.o
 .text.MX_TIM1_Init
                0x0000000008001c9c      0x13c ./Core/Src/main.o
 .text.MX_TIM2_Init
                0x0000000008001dd8       0xa8 ./Core/Src/main.o
 .text.MX_TIM3_Init
                0x0000000008001e80       0xa8 ./Core/Src/main.o
 .text.MX_TIM4_Init
                0x0000000008001f28       0xe0 ./Core/Src/main.o
 .text.MX_TIM8_Init
                0x0000000008002008      0x158 ./Core/Src/main.o
 .text.MX_USART3_UART_Init
                0x0000000008002160       0x54 ./Core/Src/main.o
 .text.MX_DMA_Init
                0x00000000080021b4       0x40 ./Core/Src/main.o
 .text.MX_GPIO_Init
                0x00000000080021f4      0x180 ./Core/Src/main.o
 *fill*         0x0000000008002374        0x4 
 .text.HAL_TIM_IC_CaptureCallback
                0x0000000008002378      0x140 ./Core/Src/main.o
                0x0000000008002378                HAL_TIM_IC_CaptureCallback
 .text.HCSR04_Read
                0x00000000080024b8       0x40 ./Core/Src/main.o
                0x00000000080024b8                HCSR04_Read
 .text.HAL_UART_RxCpltCallback
                0x00000000080024f8       0x70 ./Core/Src/main.o
                0x00000000080024f8                HAL_UART_RxCpltCallback
 .text.HAL_ADC_ConvCpltCallback
                0x0000000008002568       0x14 ./Core/Src/main.o
                0x0000000008002568                HAL_ADC_ConvCpltCallback
 *fill*         0x000000000800257c        0x4 
 .text.StartDefaultTask
                0x0000000008002580      0x160 ./Core/Src/main.o
                0x0000000008002580                StartDefaultTask
 .text.encoder_task
                0x00000000080026e0        0xa ./Core/Src/main.o
                0x00000000080026e0                encoder_task
 *fill*         0x00000000080026ea        0x2 
 .text.motorTask
                0x00000000080026ec      0x1a0 ./Core/Src/main.o
                0x00000000080026ec                motorTask
 *fill*         0x000000000800288c        0x4 
 .text.gyroTask
                0x0000000008002890      0x1ac ./Core/Src/main.o
                0x0000000008002890                gyroTask
 *fill*         0x0000000008002a3c        0x4 
 .text.ultrasoundTask
                0x0000000008002a40      0xf5c ./Core/Src/main.o
                0x0000000008002a40                ultrasoundTask
 .text.HAL_TIM_PeriodElapsedCallback
                0x000000000800399c       0x24 ./Core/Src/main.o
                0x000000000800399c                HAL_TIM_PeriodElapsedCallback
 .text.Error_Handler
                0x00000000080039c0        0xa ./Core/Src/main.o
                0x00000000080039c0                Error_Handler
 *fill*         0x00000000080039ca        0x2 
 .text.HAL_MspInit
                0x00000000080039cc       0x58 ./Core/Src/stm32f4xx_hal_msp.o
                0x00000000080039cc                HAL_MspInit
 .text.HAL_ADC_MspInit
                0x0000000008003a24      0x128 ./Core/Src/stm32f4xx_hal_msp.o
                0x0000000008003a24                HAL_ADC_MspInit
 .text.HAL_I2C_MspInit
                0x0000000008003b4c       0x90 ./Core/Src/stm32f4xx_hal_msp.o
                0x0000000008003b4c                HAL_I2C_MspInit
 .text.HAL_TIM_Base_MspInit
                0x0000000008003bdc      0x108 ./Core/Src/stm32f4xx_hal_msp.o
                0x0000000008003bdc                HAL_TIM_Base_MspInit
 .text.HAL_TIM_Encoder_MspInit
                0x0000000008003ce4      0x134 ./Core/Src/stm32f4xx_hal_msp.o
                0x0000000008003ce4                HAL_TIM_Encoder_MspInit
 .text.HAL_TIM_MspPostInit
                0x0000000008003e18       0xc4 ./Core/Src/stm32f4xx_hal_msp.o
                0x0000000008003e18                HAL_TIM_MspPostInit
 .text.HAL_UART_MspInit
                0x0000000008003edc       0xa0 ./Core/Src/stm32f4xx_hal_msp.o
                0x0000000008003edc                HAL_UART_MspInit
 .text.HAL_InitTick
                0x0000000008003f7c       0xf8 ./Core/Src/stm32f4xx_hal_timebase_tim.o
                0x0000000008003f7c                HAL_InitTick
 .text.NMI_Handler
                0x0000000008004074        0x6 ./Core/Src/stm32f4xx_it.o
                0x0000000008004074                NMI_Handler
 .text.HardFault_Handler
                0x000000000800407a        0x6 ./Core/Src/stm32f4xx_it.o
                0x000000000800407a                HardFault_Handler
 .text.MemManage_Handler
                0x0000000008004080        0x6 ./Core/Src/stm32f4xx_it.o
                0x0000000008004080                MemManage_Handler
 .text.BusFault_Handler
                0x0000000008004086        0x6 ./Core/Src/stm32f4xx_it.o
                0x0000000008004086                BusFault_Handler
 .text.UsageFault_Handler
                0x000000000800408c        0x6 ./Core/Src/stm32f4xx_it.o
                0x000000000800408c                UsageFault_Handler
 .text.DebugMon_Handler
                0x0000000008004092        0xe ./Core/Src/stm32f4xx_it.o
                0x0000000008004092                DebugMon_Handler
 .text.TIM1_UP_TIM10_IRQHandler
                0x00000000080040a0       0x14 ./Core/Src/stm32f4xx_it.o
                0x00000000080040a0                TIM1_UP_TIM10_IRQHandler
 .text.TIM4_IRQHandler
                0x00000000080040b4       0x14 ./Core/Src/stm32f4xx_it.o
                0x00000000080040b4                TIM4_IRQHandler
 .text.USART3_IRQHandler
                0x00000000080040c8       0x14 ./Core/Src/stm32f4xx_it.o
                0x00000000080040c8                USART3_IRQHandler
 .text.TIM6_DAC_IRQHandler
                0x00000000080040dc       0x14 ./Core/Src/stm32f4xx_it.o
                0x00000000080040dc                TIM6_DAC_IRQHandler
 .text.DMA2_Stream0_IRQHandler
                0x00000000080040f0       0x14 ./Core/Src/stm32f4xx_it.o
                0x00000000080040f0                DMA2_Stream0_IRQHandler
 .text._sbrk    0x0000000008004104       0x6c ./Core/Src/sysmem.o
                0x0000000008004104                _sbrk
 .text.SystemInit
                0x0000000008004170       0x24 ./Core/Src/system_stm32f4xx.o
                0x0000000008004170                SystemInit
 .text.Reset_Handler
                0x0000000008004194       0x50 ./Core/Startup/startup_stm32f407vetx.o
                0x0000000008004194                Reset_Handler
 .text.Default_Handler
                0x00000000080041e4        0x2 ./Core/Startup/startup_stm32f407vetx.o
                0x00000000080041e4                RTC_Alarm_IRQHandler
                0x00000000080041e4                HASH_RNG_IRQHandler
                0x00000000080041e4                EXTI2_IRQHandler
                0x00000000080041e4                TIM8_CC_IRQHandler
                0x00000000080041e4                TIM1_CC_IRQHandler
                0x00000000080041e4                DMA2_Stream5_IRQHandler
                0x00000000080041e4                DMA1_Stream5_IRQHandler
                0x00000000080041e4                PVD_IRQHandler
                0x00000000080041e4                SDIO_IRQHandler
                0x00000000080041e4                TAMP_STAMP_IRQHandler
                0x00000000080041e4                CAN2_RX1_IRQHandler
                0x00000000080041e4                EXTI3_IRQHandler
                0x00000000080041e4                TIM8_TRG_COM_TIM14_IRQHandler
                0x00000000080041e4                TIM8_UP_TIM13_IRQHandler
                0x00000000080041e4                I2C3_ER_IRQHandler
                0x00000000080041e4                EXTI0_IRQHandler
                0x00000000080041e4                I2C2_EV_IRQHandler
                0x00000000080041e4                DMA1_Stream2_IRQHandler
                0x00000000080041e4                CAN1_RX0_IRQHandler
                0x00000000080041e4                FPU_IRQHandler
                0x00000000080041e4                OTG_HS_WKUP_IRQHandler
                0x00000000080041e4                CAN2_SCE_IRQHandler
                0x00000000080041e4                DMA2_Stream2_IRQHandler
                0x00000000080041e4                SPI1_IRQHandler
                0x00000000080041e4                TIM1_BRK_TIM9_IRQHandler
                0x00000000080041e4                DCMI_IRQHandler
                0x00000000080041e4                CAN2_RX0_IRQHandler
                0x00000000080041e4                DMA2_Stream3_IRQHandler
                0x00000000080041e4                USART6_IRQHandler
                0x00000000080041e4                CAN1_RX1_IRQHandler
                0x00000000080041e4                UART5_IRQHandler
                0x00000000080041e4                I2C1_EV_IRQHandler
                0x00000000080041e4                DMA1_Stream6_IRQHandler
                0x00000000080041e4                DMA1_Stream1_IRQHandler
                0x00000000080041e4                UART4_IRQHandler
                0x00000000080041e4                TIM3_IRQHandler
                0x00000000080041e4                RCC_IRQHandler
                0x00000000080041e4                TIM8_BRK_TIM12_IRQHandler
                0x00000000080041e4                Default_Handler
                0x00000000080041e4                EXTI15_10_IRQHandler
                0x00000000080041e4                ADC_IRQHandler
                0x00000000080041e4                DMA1_Stream7_IRQHandler
                0x00000000080041e4                TIM7_IRQHandler
                0x00000000080041e4                CAN2_TX_IRQHandler
                0x00000000080041e4                TIM5_IRQHandler
                0x00000000080041e4                DMA2_Stream7_IRQHandler
                0x00000000080041e4                I2C3_EV_IRQHandler
                0x00000000080041e4                EXTI9_5_IRQHandler
                0x00000000080041e4                RTC_WKUP_IRQHandler
                0x00000000080041e4                ETH_WKUP_IRQHandler
                0x00000000080041e4                SPI2_IRQHandler
                0x00000000080041e4                OTG_HS_EP1_IN_IRQHandler
                0x00000000080041e4                DMA1_Stream0_IRQHandler
                0x00000000080041e4                CAN1_TX_IRQHandler
                0x00000000080041e4                EXTI4_IRQHandler
                0x00000000080041e4                FSMC_IRQHandler
                0x00000000080041e4                ETH_IRQHandler
                0x00000000080041e4                OTG_HS_EP1_OUT_IRQHandler
                0x00000000080041e4                WWDG_IRQHandler
                0x00000000080041e4                TIM2_IRQHandler
                0x00000000080041e4                OTG_FS_WKUP_IRQHandler
                0x00000000080041e4                TIM1_TRG_COM_TIM11_IRQHandler
                0x00000000080041e4                OTG_HS_IRQHandler
                0x00000000080041e4                EXTI1_IRQHandler
                0x00000000080041e4                USART2_IRQHandler
                0x00000000080041e4                I2C2_ER_IRQHandler
                0x00000000080041e4                DMA2_Stream1_IRQHandler
                0x00000000080041e4                CAN1_SCE_IRQHandler
                0x00000000080041e4                FLASH_IRQHandler
                0x00000000080041e4                DMA2_Stream4_IRQHandler
                0x00000000080041e4                USART1_IRQHandler
                0x00000000080041e4                OTG_FS_IRQHandler
                0x00000000080041e4                SPI3_IRQHandler
                0x00000000080041e4                DMA1_Stream4_IRQHandler
                0x00000000080041e4                I2C1_ER_IRQHandler
                0x00000000080041e4                DMA2_Stream6_IRQHandler
                0x00000000080041e4                DMA1_Stream3_IRQHandler
 *fill*         0x00000000080041e6        0x2 
 .text.HAL_Init
                0x00000000080041e8       0x44 ./Drivers/STM32F4xx_HAL_Driver/Src/stm32f4xx_hal.o
                0x00000000080041e8                HAL_Init
 .text.HAL_IncTick
                0x000000000800422c       0x28 ./Drivers/STM32F4xx_HAL_Driver/Src/stm32f4xx_hal.o
                0x000000000800422c                HAL_IncTick
 .text.HAL_GetTick
                0x0000000008004254       0x18 ./Drivers/STM32F4xx_HAL_Driver/Src/stm32f4xx_hal.o
                0x0000000008004254                HAL_GetTick
 .text.HAL_Delay
                0x000000000800426c       0x48 ./Drivers/STM32F4xx_HAL_Driver/Src/stm32f4xx_hal.o
                0x000000000800426c                HAL_Delay
 .text.HAL_ADC_Init
                0x00000000080042b4       0x86 ./Drivers/STM32F4xx_HAL_Driver/Src/stm32f4xx_hal_adc.o
                0x00000000080042b4                HAL_ADC_Init
 *fill*         0x000000000800433a        0x2 
 .text.HAL_ADC_Start
                0x000000000800433c      0x1a4 ./Drivers/STM32F4xx_HAL_Driver/Src/stm32f4xx_hal_adc.o
                0x000000000800433c                HAL_ADC_Start
 .text.HAL_ADC_Stop
                0x00000000080044e0       0x66 ./Drivers/STM32F4xx_HAL_Driver/Src/stm32f4xx_hal_adc.o
                0x00000000080044e0                HAL_ADC_Stop
 .text.HAL_ADC_PollForConversion
                0x0000000008004546      0x116 ./Drivers/STM32F4xx_HAL_Driver/Src/stm32f4xx_hal_adc.o
                0x0000000008004546                HAL_ADC_PollForConversion
 .text.HAL_ADC_Start_DMA
                0x000000000800465c      0x220 ./Drivers/STM32F4xx_HAL_Driver/Src/stm32f4xx_hal_adc.o
                0x000000000800465c                HAL_ADC_Start_DMA
 .text.HAL_ADC_GetValue
                0x000000000800487c       0x1a ./Drivers/STM32F4xx_HAL_Driver/Src/stm32f4xx_hal_adc.o
                0x000000000800487c                HAL_ADC_GetValue
 .text.HAL_ADC_ConvHalfCpltCallback
                0x0000000008004896       0x14 ./Drivers/STM32F4xx_HAL_Driver/Src/stm32f4xx_hal_adc.o
                0x0000000008004896                HAL_ADC_ConvHalfCpltCallback
 .text.HAL_ADC_ErrorCallback
                0x00000000080048aa       0x14 ./Drivers/STM32F4xx_HAL_Driver/Src/stm32f4xx_hal_adc.o
                0x00000000080048aa                HAL_ADC_ErrorCallback
 *fill*         0x00000000080048be        0x2 
 .text.HAL_ADC_ConfigChannel
                0x00000000080048c0      0x244 ./Drivers/STM32F4xx_HAL_Driver/Src/stm32f4xx_hal_adc.o
                0x00000000080048c0                HAL_ADC_ConfigChannel
 .text.ADC_Init
                0x0000000008004b04      0x1f8 ./Drivers/STM32F4xx_HAL_Driver/Src/stm32f4xx_hal_adc.o
 .text.ADC_DMAConvCplt
                0x0000000008004cfc       0xba ./Drivers/STM32F4xx_HAL_Driver/Src/stm32f4xx_hal_adc.o
 .text.ADC_DMAHalfConvCplt
                0x0000000008004db6       0x1c ./Drivers/STM32F4xx_HAL_Driver/Src/stm32f4xx_hal_adc.o
 .text.ADC_DMAError
                0x0000000008004dd2       0x2e ./Drivers/STM32F4xx_HAL_Driver/Src/stm32f4xx_hal_adc.o
 .text.__NVIC_SetPriorityGrouping
                0x0000000008004e00       0x48 ./Drivers/STM32F4xx_HAL_Driver/Src/stm32f4xx_hal_cortex.o
 .text.__NVIC_GetPriorityGrouping
                0x0000000008004e48       0x1c ./Drivers/STM32F4xx_HAL_Driver/Src/stm32f4xx_hal_cortex.o
 .text.__NVIC_EnableIRQ
                0x0000000008004e64       0x3c ./Drivers/STM32F4xx_HAL_Driver/Src/stm32f4xx_hal_cortex.o
 .text.__NVIC_SetPriority
                0x0000000008004ea0       0x54 ./Drivers/STM32F4xx_HAL_Driver/Src/stm32f4xx_hal_cortex.o
 .text.NVIC_EncodePriority
                0x0000000008004ef4       0x66 ./Drivers/STM32F4xx_HAL_Driver/Src/stm32f4xx_hal_cortex.o
 .text.HAL_NVIC_SetPriorityGrouping
                0x0000000008004f5a       0x16 ./Drivers/STM32F4xx_HAL_Driver/Src/stm32f4xx_hal_cortex.o
                0x0000000008004f5a                HAL_NVIC_SetPriorityGrouping
 .text.HAL_NVIC_SetPriority
                0x0000000008004f70       0x38 ./Drivers/STM32F4xx_HAL_Driver/Src/stm32f4xx_hal_cortex.o
                0x0000000008004f70                HAL_NVIC_SetPriority
 .text.HAL_NVIC_EnableIRQ
                0x0000000008004fa8       0x1c ./Drivers/STM32F4xx_HAL_Driver/Src/stm32f4xx_hal_cortex.o
                0x0000000008004fa8                HAL_NVIC_EnableIRQ
 .text.HAL_DMA_Init
                0x0000000008004fc4      0x15c ./Drivers/STM32F4xx_HAL_Driver/Src/stm32f4xx_hal_dma.o
                0x0000000008004fc4                HAL_DMA_Init
 .text.HAL_DMA_Start_IT
                0x0000000008005120       0xb0 ./Drivers/STM32F4xx_HAL_Driver/Src/stm32f4xx_hal_dma.o
                0x0000000008005120                HAL_DMA_Start_IT
 .text.HAL_DMA_Abort
                0x00000000080051d0       0xe0 ./Drivers/STM32F4xx_HAL_Driver/Src/stm32f4xx_hal_dma.o
                0x00000000080051d0                HAL_DMA_Abort
 .text.HAL_DMA_Abort_IT
                0x00000000080052b0       0x44 ./Drivers/STM32F4xx_HAL_Driver/Src/stm32f4xx_hal_dma.o
                0x00000000080052b0                HAL_DMA_Abort_IT
 .text.HAL_DMA_IRQHandler
                0x00000000080052f4      0x314 ./Drivers/STM32F4xx_HAL_Driver/Src/stm32f4xx_hal_dma.o
                0x00000000080052f4                HAL_DMA_IRQHandler
 .text.DMA_SetConfig
                0x0000000008005608       0x5c ./Drivers/STM32F4xx_HAL_Driver/Src/stm32f4xx_hal_dma.o
 .text.DMA_CalcBaseAndBitshift
                0x0000000008005664       0x6c ./Drivers/STM32F4xx_HAL_Driver/Src/stm32f4xx_hal_dma.o
 .text.DMA_CheckFifoParam
                0x00000000080056d0       0xf8 ./Drivers/STM32F4xx_HAL_Driver/Src/stm32f4xx_hal_dma.o
 .text.HAL_GPIO_Init
                0x00000000080057c8      0x338 ./Drivers/STM32F4xx_HAL_Driver/Src/stm32f4xx_hal_gpio.o
                0x00000000080057c8                HAL_GPIO_Init
 .text.HAL_GPIO_WritePin
                0x0000000008005b00       0x32 ./Drivers/STM32F4xx_HAL_Driver/Src/stm32f4xx_hal_gpio.o
                0x0000000008005b00                HAL_GPIO_WritePin
 *fill*         0x0000000008005b32        0x2 
 .text.HAL_I2C_Init
                0x0000000008005b34      0x288 ./Drivers/STM32F4xx_HAL_Driver/Src/stm32f4xx_hal_i2c.o
                0x0000000008005b34                HAL_I2C_Init
 .text.HAL_I2C_Master_Transmit
                0x0000000008005dbc      0x1fc ./Drivers/STM32F4xx_HAL_Driver/Src/stm32f4xx_hal_i2c.o
                0x0000000008005dbc                HAL_I2C_Master_Transmit
 .text.HAL_I2C_Master_Receive
                0x0000000008005fb8      0x44c ./Drivers/STM32F4xx_HAL_Driver/Src/stm32f4xx_hal_i2c.o
                0x0000000008005fb8                HAL_I2C_Master_Receive
 .text.I2C_MasterRequestWrite
                0x0000000008006404      0x104 ./Drivers/STM32F4xx_HAL_Driver/Src/stm32f4xx_hal_i2c.o
 .text.I2C_MasterRequestRead
                0x0000000008006508      0x19c ./Drivers/STM32F4xx_HAL_Driver/Src/stm32f4xx_hal_i2c.o
 .text.I2C_WaitOnFlagUntilTimeout
                0x00000000080066a4       0xae ./Drivers/STM32F4xx_HAL_Driver/Src/stm32f4xx_hal_i2c.o
 .text.I2C_WaitOnMasterAddressFlagUntilTimeout
                0x0000000008006752       0xfe ./Drivers/STM32F4xx_HAL_Driver/Src/stm32f4xx_hal_i2c.o
 .text.I2C_WaitOnTXEFlagUntilTimeout
                0x0000000008006850       0x82 ./Drivers/STM32F4xx_HAL_Driver/Src/stm32f4xx_hal_i2c.o
 .text.I2C_WaitOnBTFFlagUntilTimeout
                0x00000000080068d2       0x82 ./Drivers/STM32F4xx_HAL_Driver/Src/stm32f4xx_hal_i2c.o
 .text.I2C_WaitOnRXNEFlagUntilTimeout
                0x0000000008006954       0xac ./Drivers/STM32F4xx_HAL_Driver/Src/stm32f4xx_hal_i2c.o
 .text.I2C_IsAcknowledgeFailed
                0x0000000008006a00       0x5e ./Drivers/STM32F4xx_HAL_Driver/Src/stm32f4xx_hal_i2c.o
 *fill*         0x0000000008006a5e        0x2 
 .text.HAL_PWR_EnableBkUpAccess
                0x0000000008006a60       0x28 ./Drivers/STM32F4xx_HAL_Driver/Src/stm32f4xx_hal_pwr.o
                0x0000000008006a60                HAL_PWR_EnableBkUpAccess
 .text.HAL_PWR_DisableBkUpAccess
                0x0000000008006a88       0x28 ./Drivers/STM32F4xx_HAL_Driver/Src/stm32f4xx_hal_pwr.o
                0x0000000008006a88                HAL_PWR_DisableBkUpAccess
 .text.HAL_RCC_OscConfig
                0x0000000008006ab0      0x4f0 ./Drivers/STM32F4xx_HAL_Driver/Src/stm32f4xx_hal_rcc.o
                0x0000000008006ab0                HAL_RCC_OscConfig
 .text.HAL_RCC_ClockConfig
                0x0000000008006fa0      0x1cc ./Drivers/STM32F4xx_HAL_Driver/Src/stm32f4xx_hal_rcc.o
                0x0000000008006fa0                HAL_RCC_ClockConfig
 .text.HAL_RCC_GetSysClockFreq
                0x000000000800716c      0x20c ./Drivers/STM32F4xx_HAL_Driver/Src/stm32f4xx_hal_rcc.o
                0x000000000800716c                HAL_RCC_GetSysClockFreq
 .text.HAL_RCC_GetHCLKFreq
                0x0000000008007378       0x18 ./Drivers/STM32F4xx_HAL_Driver/Src/stm32f4xx_hal_rcc.o
                0x0000000008007378                HAL_RCC_GetHCLKFreq
 .text.HAL_RCC_GetPCLK1Freq
                0x0000000008007390       0x28 ./Drivers/STM32F4xx_HAL_Driver/Src/stm32f4xx_hal_rcc.o
                0x0000000008007390                HAL_RCC_GetPCLK1Freq
 .text.HAL_RCC_GetPCLK2Freq
                0x00000000080073b8       0x28 ./Drivers/STM32F4xx_HAL_Driver/Src/stm32f4xx_hal_rcc.o
                0x00000000080073b8                HAL_RCC_GetPCLK2Freq
 .text.HAL_RCC_GetClockConfig
                0x00000000080073e0       0x64 ./Drivers/STM32F4xx_HAL_Driver/Src/stm32f4xx_hal_rcc.o
                0x00000000080073e0                HAL_RCC_GetClockConfig
 .text.HAL_TIM_Base_Init
                0x0000000008007444       0x9e ./Drivers/STM32F4xx_HAL_Driver/Src/stm32f4xx_hal_tim.o
                0x0000000008007444                HAL_TIM_Base_Init
 *fill*         0x00000000080074e2        0x2 
 .text.HAL_TIM_Base_Start_IT
                0x00000000080074e4       0xe0 ./Drivers/STM32F4xx_HAL_Driver/Src/stm32f4xx_hal_tim.o
                0x00000000080074e4                HAL_TIM_Base_Start_IT
 .text.HAL_TIM_PWM_Init
                0x00000000080075c4       0x9e ./Drivers/STM32F4xx_HAL_Driver/Src/stm32f4xx_hal_tim.o
                0x00000000080075c4                HAL_TIM_PWM_Init
 .text.HAL_TIM_PWM_MspInit
                0x0000000008007662       0x14 ./Drivers/STM32F4xx_HAL_Driver/Src/stm32f4xx_hal_tim.o
                0x0000000008007662                HAL_TIM_PWM_MspInit
 *fill*         0x0000000008007676        0x2 
 .text.HAL_TIM_PWM_Start
                0x0000000008007678      0x190 ./Drivers/STM32F4xx_HAL_Driver/Src/stm32f4xx_hal_tim.o
                0x0000000008007678                HAL_TIM_PWM_Start
 .text.HAL_TIM_IC_Init
                0x0000000008007808       0x9e ./Drivers/STM32F4xx_HAL_Driver/Src/stm32f4xx_hal_tim.o
                0x0000000008007808                HAL_TIM_IC_Init
 .text.HAL_TIM_IC_MspInit
                0x00000000080078a6       0x14 ./Drivers/STM32F4xx_HAL_Driver/Src/stm32f4xx_hal_tim.o
                0x00000000080078a6                HAL_TIM_IC_MspInit
 *fill*         0x00000000080078ba        0x2 
 .text.HAL_TIM_IC_Start
                0x00000000080078bc      0x1b8 ./Drivers/STM32F4xx_HAL_Driver/Src/stm32f4xx_hal_tim.o
                0x00000000080078bc                HAL_TIM_IC_Start
 .text.HAL_TIM_Encoder_Init
                0x0000000008007a74      0x14c ./Drivers/STM32F4xx_HAL_Driver/Src/stm32f4xx_hal_tim.o
                0x0000000008007a74                HAL_TIM_Encoder_Init
 .text.HAL_TIM_Encoder_Start
                0x0000000008007bc0      0x11c ./Drivers/STM32F4xx_HAL_Driver/Src/stm32f4xx_hal_tim.o
                0x0000000008007bc0                HAL_TIM_Encoder_Start
 .text.HAL_TIM_IRQHandler
                0x0000000008007cdc      0x210 ./Drivers/STM32F4xx_HAL_Driver/Src/stm32f4xx_hal_tim.o
                0x0000000008007cdc                HAL_TIM_IRQHandler
 .text.HAL_TIM_IC_ConfigChannel
                0x0000000008007eec      0x138 ./Drivers/STM32F4xx_HAL_Driver/Src/stm32f4xx_hal_tim.o
                0x0000000008007eec                HAL_TIM_IC_ConfigChannel
 .text.HAL_TIM_PWM_ConfigChannel
                0x0000000008008024      0x184 ./Drivers/STM32F4xx_HAL_Driver/Src/stm32f4xx_hal_tim.o
                0x0000000008008024                HAL_TIM_PWM_ConfigChannel
 .text.HAL_TIM_ConfigClockSource
                0x00000000080081a8      0x18e ./Drivers/STM32F4xx_HAL_Driver/Src/stm32f4xx_hal_tim.o
                0x00000000080081a8                HAL_TIM_ConfigClockSource
 *fill*         0x0000000008008336        0x2 
 .text.HAL_TIM_ReadCapturedValue
                0x0000000008008338       0x88 ./Drivers/STM32F4xx_HAL_Driver/Src/stm32f4xx_hal_tim.o
                0x0000000008008338                HAL_TIM_ReadCapturedValue
 .text.HAL_TIM_OC_DelayElapsedCallback
                0x00000000080083c0       0x14 ./Drivers/STM32F4xx_HAL_Driver/Src/stm32f4xx_hal_tim.o
                0x00000000080083c0                HAL_TIM_OC_DelayElapsedCallback
 .text.HAL_TIM_PWM_PulseFinishedCallback
                0x00000000080083d4       0x14 ./Drivers/STM32F4xx_HAL_Driver/Src/stm32f4xx_hal_tim.o
                0x00000000080083d4                HAL_TIM_PWM_PulseFinishedCallback
 .text.HAL_TIM_TriggerCallback
                0x00000000080083e8       0x14 ./Drivers/STM32F4xx_HAL_Driver/Src/stm32f4xx_hal_tim.o
                0x00000000080083e8                HAL_TIM_TriggerCallback
 .text.TIM_Base_SetConfig
                0x00000000080083fc      0x140 ./Drivers/STM32F4xx_HAL_Driver/Src/stm32f4xx_hal_tim.o
                0x00000000080083fc                TIM_Base_SetConfig
 .text.TIM_OC1_SetConfig
                0x000000000800853c       0xe0 ./Drivers/STM32F4xx_HAL_Driver/Src/stm32f4xx_hal_tim.o
 .text.TIM_OC2_SetConfig
                0x000000000800861c       0xec ./Drivers/STM32F4xx_HAL_Driver/Src/stm32f4xx_hal_tim.o
                0x000000000800861c                TIM_OC2_SetConfig
 .text.TIM_OC3_SetConfig
                0x0000000008008708       0xe8 ./Drivers/STM32F4xx_HAL_Driver/Src/stm32f4xx_hal_tim.o
 .text.TIM_OC4_SetConfig
                0x00000000080087f0       0xac ./Drivers/STM32F4xx_HAL_Driver/Src/stm32f4xx_hal_tim.o
 .text.TIM_TI1_SetConfig
                0x000000000800889c       0xe8 ./Drivers/STM32F4xx_HAL_Driver/Src/stm32f4xx_hal_tim.o
                0x000000000800889c                TIM_TI1_SetConfig
 .text.TIM_TI1_ConfigInputStage
                0x0000000008008984       0x5e ./Drivers/STM32F4xx_HAL_Driver/Src/stm32f4xx_hal_tim.o
 .text.TIM_TI2_SetConfig
                0x00000000080089e2       0x7a ./Drivers/STM32F4xx_HAL_Driver/Src/stm32f4xx_hal_tim.o
 .text.TIM_TI2_ConfigInputStage
                0x0000000008008a5c       0x60 ./Drivers/STM32F4xx_HAL_Driver/Src/stm32f4xx_hal_tim.o
 .text.TIM_TI3_SetConfig
                0x0000000008008abc       0x78 ./Drivers/STM32F4xx_HAL_Driver/Src/stm32f4xx_hal_tim.o
 .text.TIM_TI4_SetConfig
                0x0000000008008b34       0x7a ./Drivers/STM32F4xx_HAL_Driver/Src/stm32f4xx_hal_tim.o
 .text.TIM_ITRx_SetConfig
                0x0000000008008bae       0x36 ./Drivers/STM32F4xx_HAL_Driver/Src/stm32f4xx_hal_tim.o
 .text.TIM_ETR_SetConfig
                0x0000000008008be4       0x40 ./Drivers/STM32F4xx_HAL_Driver/Src/stm32f4xx_hal_tim.o
                0x0000000008008be4                TIM_ETR_SetConfig
 .text.TIM_CCxChannelCmd
                0x0000000008008c24       0x4a ./Drivers/STM32F4xx_HAL_Driver/Src/stm32f4xx_hal_tim.o
                0x0000000008008c24                TIM_CCxChannelCmd
 *fill*         0x0000000008008c6e        0x2 
 .text.HAL_TIMEx_MasterConfigSynchronization
                0x0000000008008c70       0xf8 ./Drivers/STM32F4xx_HAL_Driver/Src/stm32f4xx_hal_tim_ex.o
                0x0000000008008c70                HAL_TIMEx_MasterConfigSynchronization
 .text.HAL_TIMEx_ConfigBreakDeadTime
                0x0000000008008d68       0xa4 ./Drivers/STM32F4xx_HAL_Driver/Src/stm32f4xx_hal_tim_ex.o
                0x0000000008008d68                HAL_TIMEx_ConfigBreakDeadTime
 .text.HAL_TIMEx_CommutCallback
                0x0000000008008e0c       0x14 ./Drivers/STM32F4xx_HAL_Driver/Src/stm32f4xx_hal_tim_ex.o
                0x0000000008008e0c                HAL_TIMEx_CommutCallback
 .text.HAL_TIMEx_BreakCallback
                0x0000000008008e20       0x14 ./Drivers/STM32F4xx_HAL_Driver/Src/stm32f4xx_hal_tim_ex.o
                0x0000000008008e20                HAL_TIMEx_BreakCallback
 .text.HAL_UART_Init
                0x0000000008008e34       0x9a ./Drivers/STM32F4xx_HAL_Driver/Src/stm32f4xx_hal_uart.o
                0x0000000008008e34                HAL_UART_Init
 .text.HAL_UART_Transmit_IT
                0x0000000008008ece       0x8a ./Drivers/STM32F4xx_HAL_Driver/Src/stm32f4xx_hal_uart.o
                0x0000000008008ece                HAL_UART_Transmit_IT
 .text.HAL_UART_Receive_IT
                0x0000000008008f58       0x60 ./Drivers/STM32F4xx_HAL_Driver/Src/stm32f4xx_hal_uart.o
                0x0000000008008f58                HAL_UART_Receive_IT
 .text.HAL_UART_IRQHandler
                0x0000000008008fb8      0x51c ./Drivers/STM32F4xx_HAL_Driver/Src/stm32f4xx_hal_uart.o
                0x0000000008008fb8                HAL_UART_IRQHandler
 .text.HAL_UART_TxCpltCallback
                0x00000000080094d4       0x14 ./Drivers/STM32F4xx_HAL_Driver/Src/stm32f4xx_hal_uart.o
                0x00000000080094d4                HAL_UART_TxCpltCallback
 .text.HAL_UART_ErrorCallback
                0x00000000080094e8       0x14 ./Drivers/STM32F4xx_HAL_Driver/Src/stm32f4xx_hal_uart.o
                0x00000000080094e8                HAL_UART_ErrorCallback
 .text.HAL_UARTEx_RxEventCallback
                0x00000000080094fc       0x18 ./Drivers/STM32F4xx_HAL_Driver/Src/stm32f4xx_hal_uart.o
                0x00000000080094fc                HAL_UARTEx_RxEventCallback
 .text.UART_Start_Receive_IT
                0x0000000008009514       0x7c ./Drivers/STM32F4xx_HAL_Driver/Src/stm32f4xx_hal_uart.o
                0x0000000008009514                UART_Start_Receive_IT
 .text.UART_EndRxTransfer
                0x0000000008009590       0xc6 ./Drivers/STM32F4xx_HAL_Driver/Src/stm32f4xx_hal_uart.o
 .text.UART_DMAAbortOnError
                0x0000000008009656       0x28 ./Drivers/STM32F4xx_HAL_Driver/Src/stm32f4xx_hal_uart.o
 .text.UART_Transmit_IT
                0x000000000800967e       0xa0 ./Drivers/STM32F4xx_HAL_Driver/Src/stm32f4xx_hal_uart.o
 .text.UART_EndTransmit_IT
                0x000000000800971e       0x30 ./Drivers/STM32F4xx_HAL_Driver/Src/stm32f4xx_hal_uart.o
 .text.UART_Receive_IT
                0x000000000800974e      0x176 ./Drivers/STM32F4xx_HAL_Driver/Src/stm32f4xx_hal_uart.o
 .text.UART_SetConfig
                0x00000000080098c4      0x4e8 ./Drivers/STM32F4xx_HAL_Driver/Src/stm32f4xx_hal_uart.o
 .text.__NVIC_SetPriority
                0x0000000008009dac       0x54 ./Middlewares/Third_Party/FreeRTOS/Source/CMSIS_RTOS_V2/cmsis_os2.o
 .text.SysTick_Handler
                0x0000000008009e00       0x20 ./Middlewares/Third_Party/FreeRTOS/Source/CMSIS_RTOS_V2/cmsis_os2.o
                0x0000000008009e00                SysTick_Handler
 .text.SVC_Setup
                0x0000000008009e20       0x12 ./Middlewares/Third_Party/FreeRTOS/Source/CMSIS_RTOS_V2/cmsis_os2.o
 *fill*         0x0000000008009e32        0x2 
 .text.osKernelInitialize
                0x0000000008009e34       0x48 ./Middlewares/Third_Party/FreeRTOS/Source/CMSIS_RTOS_V2/cmsis_os2.o
                0x0000000008009e34                osKernelInitialize
 .text.osKernelStart
                0x0000000008009e7c       0x4c ./Middlewares/Third_Party/FreeRTOS/Source/CMSIS_RTOS_V2/cmsis_os2.o
                0x0000000008009e7c                osKernelStart
 .text.osThreadNew
                0x0000000008009ec8      0x124 ./Middlewares/Third_Party/FreeRTOS/Source/CMSIS_RTOS_V2/cmsis_os2.o
                0x0000000008009ec8                osThreadNew
 .text.osDelay  0x0000000008009fec       0x36 ./Middlewares/Third_Party/FreeRTOS/Source/CMSIS_RTOS_V2/cmsis_os2.o
                0x0000000008009fec                osDelay
 .text.osDelayUntil
                0x000000000800a022       0x5a ./Middlewares/Third_Party/FreeRTOS/Source/CMSIS_RTOS_V2/cmsis_os2.o
                0x000000000800a022                osDelayUntil
 .text.vApplicationGetIdleTaskMemory
                0x000000000800a07c       0x34 ./Middlewares/Third_Party/FreeRTOS/Source/CMSIS_RTOS_V2/cmsis_os2.o
                0x000000000800a07c                vApplicationGetIdleTaskMemory
 .text.vApplicationGetTimerTaskMemory
                0x000000000800a0b0       0x34 ./Middlewares/Third_Party/FreeRTOS/Source/CMSIS_RTOS_V2/cmsis_os2.o
                0x000000000800a0b0                vApplicationGetTimerTaskMemory
 .text.vListInitialise
                0x000000000800a0e4       0x40 ./Middlewares/Third_Party/FreeRTOS/Source/list.o
                0x000000000800a0e4                vListInitialise
 .text.vListInitialiseItem
                0x000000000800a124       0x1a ./Middlewares/Third_Party/FreeRTOS/Source/list.o
                0x000000000800a124                vListInitialiseItem
 .text.vListInsertEnd
                0x000000000800a13e       0x48 ./Middlewares/Third_Party/FreeRTOS/Source/list.o
                0x000000000800a13e                vListInsertEnd
 .text.vListInsert
                0x000000000800a186       0x72 ./Middlewares/Third_Party/FreeRTOS/Source/list.o
                0x000000000800a186                vListInsert
 .text.uxListRemove
                0x000000000800a1f8       0x54 ./Middlewares/Third_Party/FreeRTOS/Source/list.o
                0x000000000800a1f8                uxListRemove
 .text.xQueueGenericReset
                0x000000000800a24c       0xd0 ./Middlewares/Third_Party/FreeRTOS/Source/queue.o
                0x000000000800a24c                xQueueGenericReset
 .text.xQueueGenericCreateStatic
                0x000000000800a31c       0xf0 ./Middlewares/Third_Party/FreeRTOS/Source/queue.o
                0x000000000800a31c                xQueueGenericCreateStatic
 .text.prvInitialiseNewQueue
                0x000000000800a40c       0x46 ./Middlewares/Third_Party/FreeRTOS/Source/queue.o
 *fill*         0x000000000800a452        0x2 
 .text.xQueueGenericSend
                0x000000000800a454      0x1fc ./Middlewares/Third_Party/FreeRTOS/Source/queue.o
                0x000000000800a454                xQueueGenericSend
 .text.xQueueGenericSendFromISR
                0x000000000800a650      0x136 ./Middlewares/Third_Party/FreeRTOS/Source/queue.o
                0x000000000800a650                xQueueGenericSendFromISR
 *fill*         0x000000000800a786        0x2 
 .text.xQueueReceive
                0x000000000800a788      0x1c0 ./Middlewares/Third_Party/FreeRTOS/Source/queue.o
                0x000000000800a788                xQueueReceive
 .text.prvCopyDataToQueue
                0x000000000800a948       0xd4 ./Middlewares/Third_Party/FreeRTOS/Source/queue.o
 .text.prvCopyDataFromQueue
                0x000000000800aa1c       0x4c ./Middlewares/Third_Party/FreeRTOS/Source/queue.o
 .text.prvUnlockQueue
                0x000000000800aa68       0xa4 ./Middlewares/Third_Party/FreeRTOS/Source/queue.o
 .text.prvIsQueueEmpty
                0x000000000800ab0c       0x2c ./Middlewares/Third_Party/FreeRTOS/Source/queue.o
 .text.prvIsQueueFull
                0x000000000800ab38       0x30 ./Middlewares/Third_Party/FreeRTOS/Source/queue.o
 .text.vQueueAddToRegistry
                0x000000000800ab68       0x54 ./Middlewares/Third_Party/FreeRTOS/Source/queue.o
                0x000000000800ab68                vQueueAddToRegistry
 .text.vQueueWaitForMessageRestricted
                0x000000000800abbc       0x68 ./Middlewares/Third_Party/FreeRTOS/Source/queue.o
                0x000000000800abbc                vQueueWaitForMessageRestricted
 .text.xTaskCreateStatic
                0x000000000800ac24       0xba ./Middlewares/Third_Party/FreeRTOS/Source/tasks.o
                0x000000000800ac24                xTaskCreateStatic
 .text.xTaskCreate
                0x000000000800acde       0x8a ./Middlewares/Third_Party/FreeRTOS/Source/tasks.o
                0x000000000800acde                xTaskCreate
 .text.prvInitialiseNewTask
                0x000000000800ad68      0x11e ./Middlewares/Third_Party/FreeRTOS/Source/tasks.o
 *fill*         0x000000000800ae86        0x2 
 .text.prvAddNewTaskToReadyList
                0x000000000800ae88       0xe0 ./Middlewares/Third_Party/FreeRTOS/Source/tasks.o
 .text.vTaskDelayUntil
                0x000000000800af68       0xfc ./Middlewares/Third_Party/FreeRTOS/Source/tasks.o
                0x000000000800af68                vTaskDelayUntil
 .text.vTaskDelay
                0x000000000800b064       0x68 ./Middlewares/Third_Party/FreeRTOS/Source/tasks.o
                0x000000000800b064                vTaskDelay
 .text.vTaskStartScheduler
                0x000000000800b0cc       0xcc ./Middlewares/Third_Party/FreeRTOS/Source/tasks.o
                0x000000000800b0cc                vTaskStartScheduler
 .text.vTaskSuspendAll
                0x000000000800b198       0x1c ./Middlewares/Third_Party/FreeRTOS/Source/tasks.o
                0x000000000800b198                vTaskSuspendAll
 .text.xTaskResumeAll
                0x000000000800b1b4      0x13c ./Middlewares/Third_Party/FreeRTOS/Source/tasks.o
                0x000000000800b1b4                xTaskResumeAll
 .text.xTaskGetTickCount
                0x000000000800b2f0       0x20 ./Middlewares/Third_Party/FreeRTOS/Source/tasks.o
                0x000000000800b2f0                xTaskGetTickCount
 .text.xTaskIncrementTick
                0x000000000800b310      0x174 ./Middlewares/Third_Party/FreeRTOS/Source/tasks.o
                0x000000000800b310                xTaskIncrementTick
 .text.vTaskSwitchContext
                0x000000000800b484       0xbc ./Middlewares/Third_Party/FreeRTOS/Source/tasks.o
                0x000000000800b484                vTaskSwitchContext
 .text.vTaskPlaceOnEventList
                0x000000000800b540       0x48 ./Middlewares/Third_Party/FreeRTOS/Source/tasks.o
                0x000000000800b540                vTaskPlaceOnEventList
 .text.vTaskPlaceOnEventListRestricted
                0x000000000800b588       0x58 ./Middlewares/Third_Party/FreeRTOS/Source/tasks.o
                0x000000000800b588                vTaskPlaceOnEventListRestricted
 .text.xTaskRemoveFromEventList
                0x000000000800b5e0       0xc8 ./Middlewares/Third_Party/FreeRTOS/Source/tasks.o
                0x000000000800b5e0                xTaskRemoveFromEventList
 .text.vTaskInternalSetTimeOutState
                0x000000000800b6a8       0x2c ./Middlewares/Third_Party/FreeRTOS/Source/tasks.o
                0x000000000800b6a8                vTaskInternalSetTimeOutState
 .text.xTaskCheckForTimeOut
                0x000000000800b6d4       0xc4 ./Middlewares/Third_Party/FreeRTOS/Source/tasks.o
                0x000000000800b6d4                xTaskCheckForTimeOut
 .text.vTaskMissedYield
                0x000000000800b798       0x18 ./Middlewares/Third_Party/FreeRTOS/Source/tasks.o
                0x000000000800b798                vTaskMissedYield
 .text.prvIdleTask
                0x000000000800b7b0       0x30 ./Middlewares/Third_Party/FreeRTOS/Source/tasks.o
 .text.prvInitialiseTaskLists
                0x000000000800b7e0       0x80 ./Middlewares/Third_Party/FreeRTOS/Source/tasks.o
 .text.prvCheckTasksWaitingTermination
                0x000000000800b860       0x5c ./Middlewares/Third_Party/FreeRTOS/Source/tasks.o
 .text.prvDeleteTCB
                0x000000000800b8bc       0x5e ./Middlewares/Third_Party/FreeRTOS/Source/tasks.o
 *fill*         0x000000000800b91a        0x2 
 .text.prvResetNextTaskUnblockTime
                0x000000000800b91c       0x40 ./Middlewares/Third_Party/FreeRTOS/Source/tasks.o
 .text.xTaskGetSchedulerState
                0x000000000800b95c       0x3c ./Middlewares/Third_Party/FreeRTOS/Source/tasks.o
                0x000000000800b95c                xTaskGetSchedulerState
 .text.xTaskPriorityDisinherit
                0x000000000800b998       0xdc ./Middlewares/Third_Party/FreeRTOS/Source/tasks.o
                0x000000000800b998                xTaskPriorityDisinherit
 .text.prvAddCurrentTaskToDelayedList
                0x000000000800ba74       0xa8 ./Middlewares/Third_Party/FreeRTOS/Source/tasks.o
 .text.xTimerCreateTimerTask
                0x000000000800bb1c       0x90 ./Middlewares/Third_Party/FreeRTOS/Source/timers.o
                0x000000000800bb1c                xTimerCreateTimerTask
 .text.xTimerGenericCommand
                0x000000000800bbac       0x9c ./Middlewares/Third_Party/FreeRTOS/Source/timers.o
                0x000000000800bbac                xTimerGenericCommand
 .text.prvProcessExpiredTimer
                0x000000000800bc48       0x98 ./Middlewares/Third_Party/FreeRTOS/Source/timers.o
 .text.prvTimerTask
                0x000000000800bce0       0x24 ./Middlewares/Third_Party/FreeRTOS/Source/timers.o
 .text.prvProcessTimerOrBlockTask
                0x000000000800bd04       0x9c ./Middlewares/Third_Party/FreeRTOS/Source/timers.o
 .text.prvGetNextExpireTime
                0x000000000800bda0       0x48 ./Middlewares/Third_Party/FreeRTOS/Source/timers.o
 .text.prvSampleTimeNow
                0x000000000800bde8       0x40 ./Middlewares/Third_Party/FreeRTOS/Source/timers.o
 .text.prvInsertTimerInActiveList
                0x000000000800be28       0x84 ./Middlewares/Third_Party/FreeRTOS/Source/timers.o
 .text.prvProcessReceivedCommands
                0x000000000800beac      0x1c4 ./Middlewares/Third_Party/FreeRTOS/Source/timers.o
 .text.prvSwitchTimerLists
                0x000000000800c070       0xc8 ./Middlewares/Third_Party/FreeRTOS/Source/timers.o
 .text.prvCheckForValidListAndQueue
                0x000000000800c138       0x80 ./Middlewares/Third_Party/FreeRTOS/Source/timers.o
 .text.pxPortInitialiseStack
                0x000000000800c1b8       0x68 ./Middlewares/Third_Party/FreeRTOS/Source/portable/GCC/ARM_CM4F/port.o
                0x000000000800c1b8                pxPortInitialiseStack
 .text.prvTaskExitError
                0x000000000800c220       0x58 ./Middlewares/Third_Party/FreeRTOS/Source/portable/GCC/ARM_CM4F/port.o
 *fill*         0x000000000800c278        0x8 
 .text.SVC_Handler
                0x000000000800c280       0x28 ./Middlewares/Third_Party/FreeRTOS/Source/portable/GCC/ARM_CM4F/port.o
                0x000000000800c280                SVC_Handler
 .text.prvPortStartFirstTask
                0x000000000800c2a8       0x28 ./Middlewares/Third_Party/FreeRTOS/Source/portable/GCC/ARM_CM4F/port.o
 .text.xPortStartScheduler
                0x000000000800c2d0      0x144 ./Middlewares/Third_Party/FreeRTOS/Source/portable/GCC/ARM_CM4F/port.o
                0x000000000800c2d0                xPortStartScheduler
 .text.vPortEnterCritical
                0x000000000800c414       0x60 ./Middlewares/Third_Party/FreeRTOS/Source/portable/GCC/ARM_CM4F/port.o
                0x000000000800c414                vPortEnterCritical
 .text.vPortExitCritical
                0x000000000800c474       0x54 ./Middlewares/Third_Party/FreeRTOS/Source/portable/GCC/ARM_CM4F/port.o
                0x000000000800c474                vPortExitCritical
 *fill*         0x000000000800c4c8        0x8 
 .text.PendSV_Handler
                0x000000000800c4d0       0x68 ./Middlewares/Third_Party/FreeRTOS/Source/portable/GCC/ARM_CM4F/port.o
                0x000000000800c4d0                PendSV_Handler
 .text.xPortSysTickHandler
                0x000000000800c538       0x44 ./Middlewares/Third_Party/FreeRTOS/Source/portable/GCC/ARM_CM4F/port.o
                0x000000000800c538                xPortSysTickHandler
 .text.vPortSetupTimerInterrupt
                0x000000000800c57c       0x48 ./Middlewares/Third_Party/FreeRTOS/Source/portable/GCC/ARM_CM4F/port.o
                0x000000000800c57c                vPortSetupTimerInterrupt
 .text.vPortEnableVFP
                0x000000000800c5c4       0x14 ./Middlewares/Third_Party/FreeRTOS/Source/portable/GCC/ARM_CM4F/port.o
 .text.vPortValidateInterruptPriority
                0x000000000800c5d8       0x80 ./Middlewares/Third_Party/FreeRTOS/Source/portable/GCC/ARM_CM4F/port.o
                0x000000000800c5d8                vPortValidateInterruptPriority
 .text.pvPortMalloc
                0x000000000800c658      0x198 ./Middlewares/Third_Party/FreeRTOS/Source/portable/MemMang/heap_4.o
                0x000000000800c658                pvPortMalloc
 .text.vPortFree
                0x000000000800c7f0       0xc4 ./Middlewares/Third_Party/FreeRTOS/Source/portable/MemMang/heap_4.o
                0x000000000800c7f0                vPortFree
 .text.prvHeapInit
                0x000000000800c8b4       0xc4 ./Middlewares/Third_Party/FreeRTOS/Source/portable/MemMang/heap_4.o
 .text.prvInsertBlockIntoFreeList
                0x000000000800c978       0xb4 ./Middlewares/Third_Party/FreeRTOS/Source/portable/MemMang/heap_4.o
 .text.__errno  0x000000000800ca2c        0xc c:/st/stm32cubeide_1.11.0/stm32cubeide/plugins/com.st.stm32cube.ide.mcu.externaltools.gnu-tools-for-stm32.10.3-2021.10.win32_1.0.100.202210260954/tools/bin/../lib/gcc/arm-none-eabi/10.3.1/../../../../arm-none-eabi/lib/thumb/v7e-m+fp/hard\libc_nano.a(lib_a-errno.o)
                0x000000000800ca2c                __errno
 .text.__libc_init_array
                0x000000000800ca38       0x48 c:/st/stm32cubeide_1.11.0/stm32cubeide/plugins/com.st.stm32cube.ide.mcu.externaltools.gnu-tools-for-stm32.10.3-2021.10.win32_1.0.100.202210260954/tools/bin/../lib/gcc/arm-none-eabi/10.3.1/../../../../arm-none-eabi/lib/thumb/v7e-m+fp/hard\libc_nano.a(lib_a-init.o)
                0x000000000800ca38                __libc_init_array
 .text.memcpy   0x000000000800ca80       0x1c c:/st/stm32cubeide_1.11.0/stm32cubeide/plugins/com.st.stm32cube.ide.mcu.externaltools.gnu-tools-for-stm32.10.3-2021.10.win32_1.0.100.202210260954/tools/bin/../lib/gcc/arm-none-eabi/10.3.1/../../../../arm-none-eabi/lib/thumb/v7e-m+fp/hard\libc_nano.a(lib_a-memcpy-stub.o)
                0x000000000800ca80                memcpy
 .text.memset   0x000000000800ca9c       0x10 c:/st/stm32cubeide_1.11.0/stm32cubeide/plugins/com.st.stm32cube.ide.mcu.externaltools.gnu-tools-for-stm32.10.3-2021.10.win32_1.0.100.202210260954/tools/bin/../lib/gcc/arm-none-eabi/10.3.1/../../../../arm-none-eabi/lib/thumb/v7e-m+fp/hard\libc_nano.a(lib_a-memset.o)
                0x000000000800ca9c                memset
 .text.sprintf  0x000000000800caac       0x40 c:/st/stm32cubeide_1.11.0/stm32cubeide/plugins/com.st.stm32cube.ide.mcu.externaltools.gnu-tools-for-stm32.10.3-2021.10.win32_1.0.100.202210260954/tools/bin/../lib/gcc/arm-none-eabi/10.3.1/../../../../arm-none-eabi/lib/thumb/v7e-m+fp/hard\libc_nano.a(lib_a-sprintf.o)
                0x000000000800caac                siprintf
                0x000000000800caac                sprintf
 .text.__ssputs_r
                0x000000000800caec       0xb6 c:/st/stm32cubeide_1.11.0/stm32cubeide/plugins/com.st.stm32cube.ide.mcu.externaltools.gnu-tools-for-stm32.10.3-2021.10.win32_1.0.100.202210260954/tools/bin/../lib/gcc/arm-none-eabi/10.3.1/../../../../arm-none-eabi/lib/thumb/v7e-m+fp/hard\libc_nano.a(lib_a-nano-svfprintf.o)
                0x000000000800caec                __ssputs_r
 *fill*         0x000000000800cba2        0x2 
 .text._svfprintf_r
                0x000000000800cba4      0x200 c:/st/stm32cubeide_1.11.0/stm32cubeide/plugins/com.st.stm32cube.ide.mcu.externaltools.gnu-tools-for-stm32.10.3-2021.10.win32_1.0.100.202210260954/tools/bin/../lib/gcc/arm-none-eabi/10.3.1/../../../../arm-none-eabi/lib/thumb/v7e-m+fp/hard\libc_nano.a(lib_a-nano-svfprintf.o)
                0x000000000800cba4                _svfiprintf_r
                0x000000000800cba4                _svfprintf_r
 .text._printf_common
                0x000000000800cda4       0xda c:/st/stm32cubeide_1.11.0/stm32cubeide/plugins/com.st.stm32cube.ide.mcu.externaltools.gnu-tools-for-stm32.10.3-2021.10.win32_1.0.100.202210260954/tools/bin/../lib/gcc/arm-none-eabi/10.3.1/../../../../arm-none-eabi/lib/thumb/v7e-m+fp/hard\libc_nano.a(lib_a-nano-vfprintf_i.o)
                0x000000000800cda4                _printf_common
 *fill*         0x000000000800ce7e        0x2 
 .text._printf_i
                0x000000000800ce80      0x24c c:/st/stm32cubeide_1.11.0/stm32cubeide/plugins/com.st.stm32cube.ide.mcu.externaltools.gnu-tools-for-stm32.10.3-2021.10.win32_1.0.100.202210260954/tools/bin/../lib/gcc/arm-none-eabi/10.3.1/../../../../arm-none-eabi/lib/thumb/v7e-m+fp/hard\libc_nano.a(lib_a-nano-vfprintf_i.o)
                0x000000000800ce80                _printf_i
 .text.memmove  0x000000000800d0cc       0x34 c:/st/stm32cubeide_1.11.0/stm32cubeide/plugins/com.st.stm32cube.ide.mcu.externaltools.gnu-tools-for-stm32.10.3-2021.10.win32_1.0.100.202210260954/tools/bin/../lib/gcc/arm-none-eabi/10.3.1/../../../../arm-none-eabi/lib/thumb/v7e-m+fp/hard\libc_nano.a(lib_a-memmove.o)
                0x000000000800d0cc                memmove
 .text._free_r  0x000000000800d100       0x98 c:/st/stm32cubeide_1.11.0/stm32cubeide/plugins/com.st.stm32cube.ide.mcu.externaltools.gnu-tools-for-stm32.10.3-2021.10.win32_1.0.100.202210260954/tools/bin/../lib/gcc/arm-none-eabi/10.3.1/../../../../arm-none-eabi/lib/thumb/v7e-m+fp/hard\libc_nano.a(lib_a-nano-freer.o)
                0x000000000800d100                _free_r
 .text.sbrk_aligned
                0x000000000800d198       0x40 c:/st/stm32cubeide_1.11.0/stm32cubeide/plugins/com.st.stm32cube.ide.mcu.externaltools.gnu-tools-for-stm32.10.3-2021.10.win32_1.0.100.202210260954/tools/bin/../lib/gcc/arm-none-eabi/10.3.1/../../../../arm-none-eabi/lib/thumb/v7e-m+fp/hard\libc_nano.a(lib_a-nano-mallocr.o)
 .text._malloc_r
                0x000000000800d1d8       0xe8 c:/st/stm32cubeide_1.11.0/stm32cubeide/plugins/com.st.stm32cube.ide.mcu.externaltools.gnu-tools-for-stm32.10.3-2021.10.win32_1.0.100.202210260954/tools/bin/../lib/gcc/arm-none-eabi/10.3.1/../../../../arm-none-eabi/lib/thumb/v7e-m+fp/hard\libc_nano.a(lib_a-nano-mallocr.o)
                0x000000000800d1d8                _malloc_r
 .text._realloc_r
                0x000000000800d2c0       0x5e c:/st/stm32cubeide_1.11.0/stm32cubeide/plugins/com.st.stm32cube.ide.mcu.externaltools.gnu-tools-for-stm32.10.3-2021.10.win32_1.0.100.202210260954/tools/bin/../lib/gcc/arm-none-eabi/10.3.1/../../../../arm-none-eabi/lib/thumb/v7e-m+fp/hard\libc_nano.a(lib_a-nano-reallocr.o)
                0x000000000800d2c0                _realloc_r
 *fill*         0x000000000800d31e        0x2 
 .text._sbrk_r  0x000000000800d320       0x20 c:/st/stm32cubeide_1.11.0/stm32cubeide/plugins/com.st.stm32cube.ide.mcu.externaltools.gnu-tools-for-stm32.10.3-2021.10.win32_1.0.100.202210260954/tools/bin/../lib/gcc/arm-none-eabi/10.3.1/../../../../arm-none-eabi/lib/thumb/v7e-m+fp/hard\libc_nano.a(lib_a-sbrkr.o)
                0x000000000800d320                _sbrk_r
 .text.__malloc_lock
                0x000000000800d340        0xc c:/st/stm32cubeide_1.11.0/stm32cubeide/plugins/com.st.stm32cube.ide.mcu.externaltools.gnu-tools-for-stm32.10.3-2021.10.win32_1.0.100.202210260954/tools/bin/../lib/gcc/arm-none-eabi/10.3.1/../../../../arm-none-eabi/lib/thumb/v7e-m+fp/hard\libc_nano.a(lib_a-mlock.o)
                0x000000000800d340                __malloc_lock
 .text.__malloc_unlock
                0x000000000800d34c        0xc c:/st/stm32cubeide_1.11.0/stm32cubeide/plugins/com.st.stm32cube.ide.mcu.externaltools.gnu-tools-for-stm32.10.3-2021.10.win32_1.0.100.202210260954/tools/bin/../lib/gcc/arm-none-eabi/10.3.1/../../../../arm-none-eabi/lib/thumb/v7e-m+fp/hard\libc_nano.a(lib_a-mlock.o)
                0x000000000800d34c                __malloc_unlock
 .text._malloc_usable_size_r
                0x000000000800d358       0x10 c:/st/stm32cubeide_1.11.0/stm32cubeide/plugins/com.st.stm32cube.ide.mcu.externaltools.gnu-tools-for-stm32.10.3-2021.10.win32_1.0.100.202210260954/tools/bin/../lib/gcc/arm-none-eabi/10.3.1/../../../../arm-none-eabi/lib/thumb/v7e-m+fp/hard\libc_nano.a(lib_a-nano-msizer.o)
                0x000000000800d358                _malloc_usable_size_r
 .text.__retarget_lock_acquire_recursive
                0x000000000800d368        0x2 c:/st/stm32cubeide_1.11.0/stm32cubeide/plugins/com.st.stm32cube.ide.mcu.externaltools.gnu-tools-for-stm32.10.3-2021.10.win32_1.0.100.202210260954/tools/bin/../lib/gcc/arm-none-eabi/10.3.1/../../../../arm-none-eabi/lib/thumb/v7e-m+fp/hard\libc_nano.a(lib_a-lock.o)
                0x000000000800d368                __retarget_lock_acquire_recursive
 .text.__retarget_lock_release_recursive
                0x000000000800d36a        0x2 c:/st/stm32cubeide_1.11.0/stm32cubeide/plugins/com.st.stm32cube.ide.mcu.externaltools.gnu-tools-for-stm32.10.3-2021.10.win32_1.0.100.202210260954/tools/bin/../lib/gcc/arm-none-eabi/10.3.1/../../../../arm-none-eabi/lib/thumb/v7e-m+fp/hard\libc_nano.a(lib_a-lock.o)
                0x000000000800d36a                __retarget_lock_release_recursive
 .text.roundf   0x000000000800d36c       0x48 c:/st/stm32cubeide_1.11.0/stm32cubeide/plugins/com.st.stm32cube.ide.mcu.externaltools.gnu-tools-for-stm32.10.3-2021.10.win32_1.0.100.202210260954/tools/bin/../lib/gcc/arm-none-eabi/10.3.1/../../../../arm-none-eabi/lib/thumb/v7e-m+fp/hard\libm.a(lib_a-sf_round.o)
                0x000000000800d36c                roundf
 *fill*         0x000000000800d3b4        0x4 
 .text.log      0x000000000800d3b8       0x7c c:/st/stm32cubeide_1.11.0/stm32cubeide/plugins/com.st.stm32cube.ide.mcu.externaltools.gnu-tools-for-stm32.10.3-2021.10.win32_1.0.100.202210260954/tools/bin/../lib/gcc/arm-none-eabi/10.3.1/../../../../arm-none-eabi/lib/thumb/v7e-m+fp/hard\libm.a(lib_a-w_log.o)
                0x000000000800d3b8                log
 *fill*         0x000000000800d434        0x4 
 .text.__ieee754_log
                0x000000000800d438      0x374 c:/st/stm32cubeide_1.11.0/stm32cubeide/plugins/com.st.stm32cube.ide.mcu.externaltools.gnu-tools-for-stm32.10.3-2021.10.win32_1.0.100.202210260954/tools/bin/../lib/gcc/arm-none-eabi/10.3.1/../../../../arm-none-eabi/lib/thumb/v7e-m+fp/hard\libm.a(lib_a-e_log.o)
                0x000000000800d438                __ieee754_log
 *fill*         0x000000000800d7ac        0x4 
 .text.nan      0x000000000800d7b0       0x10 c:/st/stm32cubeide_1.11.0/stm32cubeide/plugins/com.st.stm32cube.ide.mcu.externaltools.gnu-tools-for-stm32.10.3-2021.10.win32_1.0.100.202210260954/tools/bin/../lib/gcc/arm-none-eabi/10.3.1/../../../../arm-none-eabi/lib/thumb/v7e-m+fp/hard\libm.a(lib_a-s_nan.o)
                0x000000000800d7b0                nan
 *(.glue_7)
 .glue_7        0x000000000800d7c0        0x0 linker stubs
 *(.glue_7t)
 .glue_7t       0x000000000800d7c0        0x0 linker stubs
 *(.eh_frame)
 .eh_frame      0x000000000800d7c0        0x0 c:/st/stm32cubeide_1.11.0/stm32cubeide/plugins/com.st.stm32cube.ide.mcu.externaltools.gnu-tools-for-stm32.10.3-2021.10.win32_1.0.100.202210260954/tools/bin/../lib/gcc/arm-none-eabi/10.3.1/thumb/v7e-m+fp/hard/crtbegin.o
 *(.init)
 .init          0x000000000800d7c0        0x4 c:/st/stm32cubeide_1.11.0/stm32cubeide/plugins/com.st.stm32cube.ide.mcu.externaltools.gnu-tools-for-stm32.10.3-2021.10.win32_1.0.100.202210260954/tools/bin/../lib/gcc/arm-none-eabi/10.3.1/thumb/v7e-m+fp/hard/crti.o
                0x000000000800d7c0                _init
 .init          0x000000000800d7c4        0x8 c:/st/stm32cubeide_1.11.0/stm32cubeide/plugins/com.st.stm32cube.ide.mcu.externaltools.gnu-tools-for-stm32.10.3-2021.10.win32_1.0.100.202210260954/tools/bin/../lib/gcc/arm-none-eabi/10.3.1/thumb/v7e-m+fp/hard/crtn.o
 *(.fini)
 .fini          0x000000000800d7cc        0x4 c:/st/stm32cubeide_1.11.0/stm32cubeide/plugins/com.st.stm32cube.ide.mcu.externaltools.gnu-tools-for-stm32.10.3-2021.10.win32_1.0.100.202210260954/tools/bin/../lib/gcc/arm-none-eabi/10.3.1/thumb/v7e-m+fp/hard/crti.o
                0x000000000800d7cc                _fini
 .fini          0x000000000800d7d0        0x8 c:/st/stm32cubeide_1.11.0/stm32cubeide/plugins/com.st.stm32cube.ide.mcu.externaltools.gnu-tools-for-stm32.10.3-2021.10.win32_1.0.100.202210260954/tools/bin/../lib/gcc/arm-none-eabi/10.3.1/thumb/v7e-m+fp/hard/crtn.o
                0x000000000800d7d8                . = ALIGN (0x4)
                0x000000000800d7d8                _etext = .

.vfp11_veneer   0x000000000800d7d8        0x0
 .vfp11_veneer  0x000000000800d7d8        0x0 linker stubs

.v4_bx          0x000000000800d7d8        0x0
 .v4_bx         0x000000000800d7d8        0x0 linker stubs

.iplt           0x000000000800d7d8        0x0
 .iplt          0x000000000800d7d8        0x0 c:/st/stm32cubeide_1.11.0/stm32cubeide/plugins/com.st.stm32cube.ide.mcu.externaltools.gnu-tools-for-stm32.10.3-2021.10.win32_1.0.100.202210260954/tools/bin/../lib/gcc/arm-none-eabi/10.3.1/thumb/v7e-m+fp/hard/crtbegin.o

.rodata         0x000000000800d7d8      0xc04
                0x000000000800d7d8                . = ALIGN (0x4)
 *(.rodata)
 .rodata        0x000000000800d7d8       0x7e ./Core/Src/main.o
 *fill*         0x000000000800d856        0x2 
 .rodata        0x000000000800d858        0x5 ./Middlewares/Third_Party/FreeRTOS/Source/tasks.o
 *fill*         0x000000000800d85d        0x3 
 .rodata        0x000000000800d860        0xd ./Middlewares/Third_Party/FreeRTOS/Source/timers.o
 *(.rodata*)
 *fill*         0x000000000800d86d        0x3 
 .rodata.defaultTask_attributes
                0x000000000800d870       0x24 ./Core/Src/main.o
                0x000000000800d870                defaultTask_attributes
 .rodata.EncoderTask_attributes
                0x000000000800d894       0x24 ./Core/Src/main.o
                0x000000000800d894                EncoderTask_attributes
 .rodata.MotorTask_attributes
                0x000000000800d8b8       0x24 ./Core/Src/main.o
                0x000000000800d8b8                MotorTask_attributes
 .rodata.GyroTask_attributes
                0x000000000800d8dc       0x24 ./Core/Src/main.o
                0x000000000800d8dc                GyroTask_attributes
 .rodata.UltrasoundTask_attributes
                0x000000000800d900       0x24 ./Core/Src/main.o
                0x000000000800d900                UltrasoundTask_attributes
 .rodata.oled_asc2_1206
                0x000000000800d924      0x474 ./Core/Src/main.o
                0x000000000800d924                oled_asc2_1206
 .rodata.oled_asc2_1608
                0x000000000800dd98      0x5f0 ./Core/Src/main.o
                0x000000000800dd98                oled_asc2_1608
 .rodata.AHBPrescTable
                0x000000000800e388       0x10 ./Core/Src/system_stm32f4xx.o
                0x000000000800e388                AHBPrescTable
 .rodata.APBPrescTable
                0x000000000800e398        0x8 ./Core/Src/system_stm32f4xx.o
                0x000000000800e398                APBPrescTable
 .rodata.flagBitshiftOffset.0
                0x000000000800e3a0        0x8 ./Drivers/STM32F4xx_HAL_Driver/Src/stm32f4xx_hal_dma.o
 .rodata._svfprintf_r.str1.1
                0x000000000800e3a8       0x11 c:/st/stm32cubeide_1.11.0/stm32cubeide/plugins/com.st.stm32cube.ide.mcu.externaltools.gnu-tools-for-stm32.10.3-2021.10.win32_1.0.100.202210260954/tools/bin/../lib/gcc/arm-none-eabi/10.3.1/../../../../arm-none-eabi/lib/thumb/v7e-m+fp/hard\libc_nano.a(lib_a-nano-svfprintf.o)
 .rodata._printf_i.str1.1
                0x000000000800e3b9       0x22 c:/st/stm32cubeide_1.11.0/stm32cubeide/plugins/com.st.stm32cube.ide.mcu.externaltools.gnu-tools-for-stm32.10.3-2021.10.win32_1.0.100.202210260954/tools/bin/../lib/gcc/arm-none-eabi/10.3.1/../../../../arm-none-eabi/lib/thumb/v7e-m+fp/hard\libc_nano.a(lib_a-nano-vfprintf_i.o)
 .rodata.log.str1.1
                0x000000000800e3db       0x22 c:/st/stm32cubeide_1.11.0/stm32cubeide/plugins/com.st.stm32cube.ide.mcu.externaltools.gnu-tools-for-stm32.10.3-2021.10.win32_1.0.100.202210260954/tools/bin/../lib/gcc/arm-none-eabi/10.3.1/../../../../arm-none-eabi/lib/thumb/v7e-m+fp/hard\libm.a(lib_a-w_log.o)
                                          0x1 (size before relaxing)
                0x000000000800e400                . = ALIGN (0x4)
 *fill*         0x000000000800e3db        0x1 

.ARM.extab      0x000000000800e3dc        0x0
                0x000000000800e3dc                . = ALIGN (0x4)
 *(.ARM.extab* .gnu.linkonce.armextab.*)
                0x000000000800e3dc                . = ALIGN (0x4)

.ARM            0x000000000800e3dc        0x8
                0x000000000800e3dc                . = ALIGN (0x4)
                0x000000000800e3dc                __exidx_start = .
 *(.ARM.exidx*)
 .ARM.exidx     0x000000000800e3dc        0x8 c:/st/stm32cubeide_1.11.0/stm32cubeide/plugins/com.st.stm32cube.ide.mcu.externaltools.gnu-tools-for-stm32.10.3-2021.10.win32_1.0.100.202210260954/tools/bin/../lib/gcc/arm-none-eabi/10.3.1/thumb/v7e-m+fp/hard\libgcc.a(_udivmoddi4.o)
                0x000000000800e3e4                __exidx_end = .
                0x000000000800e3e4                . = ALIGN (0x4)

.rel.dyn        0x000000000800e3e4        0x0
 .rel.iplt      0x000000000800e3e4        0x0 c:/st/stm32cubeide_1.11.0/stm32cubeide/plugins/com.st.stm32cube.ide.mcu.externaltools.gnu-tools-for-stm32.10.3-2021.10.win32_1.0.100.202210260954/tools/bin/../lib/gcc/arm-none-eabi/10.3.1/thumb/v7e-m+fp/hard/crtbegin.o

.preinit_array  0x000000000800e3e4        0x0
                0x000000000800e3e4                . = ALIGN (0x4)
                0x000000000800e3e4                PROVIDE (__preinit_array_start = .)
 *(.preinit_array*)
                0x000000000800e3e4                PROVIDE (__preinit_array_end = .)
                0x000000000800e3e4                . = ALIGN (0x4)

.init_array     0x000000000800e3e4        0x4
                0x000000000800e3e4                . = ALIGN (0x4)
                0x000000000800e3e4                PROVIDE (__init_array_start = .)
 *(SORT_BY_NAME(.init_array.*))
 *(.init_array*)
 .init_array    0x000000000800e3e4        0x4 c:/st/stm32cubeide_1.11.0/stm32cubeide/plugins/com.st.stm32cube.ide.mcu.externaltools.gnu-tools-for-stm32.10.3-2021.10.win32_1.0.100.202210260954/tools/bin/../lib/gcc/arm-none-eabi/10.3.1/thumb/v7e-m+fp/hard/crtbegin.o
                0x000000000800e3e8                PROVIDE (__init_array_end = .)
                0x000000000800e3e8                . = ALIGN (0x4)

.fini_array     0x000000000800e3e8        0x4
                0x000000000800e3e8                . = ALIGN (0x4)
                [!provide]                        PROVIDE (__fini_array_start = .)
 *(SORT_BY_NAME(.fini_array.*))
 *(.fini_array*)
 .fini_array    0x000000000800e3e8        0x4 c:/st/stm32cubeide_1.11.0/stm32cubeide/plugins/com.st.stm32cube.ide.mcu.externaltools.gnu-tools-for-stm32.10.3-2021.10.win32_1.0.100.202210260954/tools/bin/../lib/gcc/arm-none-eabi/10.3.1/thumb/v7e-m+fp/hard/crtbegin.o
                [!provide]                        PROVIDE (__fini_array_end = .)
                0x000000000800e3ec                . = ALIGN (0x4)
                0x000000000800e3ec                _sidata = LOADADDR (.data)

.data           0x0000000020000000       0x88 load address 0x000000000800e3ec
                0x0000000020000000                . = ALIGN (0x4)
                0x0000000020000000                _sdata = .
 *(.data)
 *(.data*)
 .data.dir      0x0000000020000000        0x4 ./Core/Src/main.o
                0x0000000020000000                dir
 .data.ICMAddr  0x0000000020000004        0x1 ./Core/Src/main.o
                0x0000000020000004                ICMAddr
 *fill*         0x0000000020000005        0x3 
 .data.SPEED    0x0000000020000008        0x4 ./Core/Src/main.o
                0x0000000020000008                SPEED
 .data.turnSPEED
                0x000000002000000c        0x4 ./Core/Src/main.o
                0x000000002000000c                turnSPEED
 .data.inOrOut  0x0000000020000010        0x1 ./Core/Src/main.o
                0x0000000020000010                inOrOut
 *fill*         0x0000000020000011        0x3 
 .data.SystemCoreClock
                0x0000000020000014        0x4 ./Core/Src/system_stm32f4xx.o
                0x0000000020000014                SystemCoreClock
 .data.uwTickPrio
                0x0000000020000018        0x4 ./Drivers/STM32F4xx_HAL_Driver/Src/stm32f4xx_hal.o
                0x0000000020000018                uwTickPrio
 .data.uwTickFreq
                0x000000002000001c        0x1 ./Drivers/STM32F4xx_HAL_Driver/Src/stm32f4xx_hal.o
                0x000000002000001c                uwTickFreq
 *fill*         0x000000002000001d        0x3 
 .data.uxCriticalNesting
                0x0000000020000020        0x4 ./Middlewares/Third_Party/FreeRTOS/Source/portable/GCC/ARM_CM4F/port.o
 .data._impure_ptr
                0x0000000020000024        0x4 c:/st/stm32cubeide_1.11.0/stm32cubeide/plugins/com.st.stm32cube.ide.mcu.externaltools.gnu-tools-for-stm32.10.3-2021.10.win32_1.0.100.202210260954/tools/bin/../lib/gcc/arm-none-eabi/10.3.1/../../../../arm-none-eabi/lib/thumb/v7e-m+fp/hard\libc_nano.a(lib_a-impure.o)
                0x0000000020000024                _impure_ptr
 .data.impure_data
                0x0000000020000028       0x60 c:/st/stm32cubeide_1.11.0/stm32cubeide/plugins/com.st.stm32cube.ide.mcu.externaltools.gnu-tools-for-stm32.10.3-2021.10.win32_1.0.100.202210260954/tools/bin/../lib/gcc/arm-none-eabi/10.3.1/../../../../arm-none-eabi/lib/thumb/v7e-m+fp/hard\libc_nano.a(lib_a-impure.o)
 *(.RamFunc)
 *(.RamFunc*)
                0x0000000020000088                . = ALIGN (0x4)
                0x0000000020000088                _edata = .
                0x000000000800e474                _siccmram = LOADADDR (.ccmram)

.igot.plt       0x0000000020000088        0x0 load address 0x000000000800e474
 .igot.plt      0x0000000020000088        0x0 c:/st/stm32cubeide_1.11.0/stm32cubeide/plugins/com.st.stm32cube.ide.mcu.externaltools.gnu-tools-for-stm32.10.3-2021.10.win32_1.0.100.202210260954/tools/bin/../lib/gcc/arm-none-eabi/10.3.1/thumb/v7e-m+fp/hard/crtbegin.o

.ccmram         0x0000000010000000        0x0 load address 0x000000000800e474
                0x0000000010000000                . = ALIGN (0x4)
                0x0000000010000000                _sccmram = .
 *(.ccmram)
 *(.ccmram*)
                0x0000000010000000                . = ALIGN (0x4)
                0x0000000010000000                _eccmram = .
                0x0000000010000000                . = ALIGN (0x4)

.bss            0x0000000020000088     0x7174
                0x0000000020000088                _sbss = .
                0x0000000020000088                __bss_start__ = _sbss
 *(.bss)
 .bss           0x0000000020000088       0x1c c:/st/stm32cubeide_1.11.0/stm32cubeide/plugins/com.st.stm32cube.ide.mcu.externaltools.gnu-tools-for-stm32.10.3-2021.10.win32_1.0.100.202210260954/tools/bin/../lib/gcc/arm-none-eabi/10.3.1/thumb/v7e-m+fp/hard/crtbegin.o
 *(.bss*)
 .bss.hadc1     0x00000000200000a4       0x48 ./Core/Src/main.o
                0x00000000200000a4                hadc1
 .bss.hdma_adc1
                0x00000000200000ec       0x60 ./Core/Src/main.o
                0x00000000200000ec                hdma_adc1
 .bss.hi2c1     0x000000002000014c       0x54 ./Core/Src/main.o
                0x000000002000014c                hi2c1
 .bss.htim1     0x00000000200001a0       0x48 ./Core/Src/main.o
                0x00000000200001a0                htim1
 .bss.htim2     0x00000000200001e8       0x48 ./Core/Src/main.o
                0x00000000200001e8                htim2
 .bss.htim3     0x0000000020000230       0x48 ./Core/Src/main.o
                0x0000000020000230                htim3
 .bss.htim4     0x0000000020000278       0x48 ./Core/Src/main.o
                0x0000000020000278                htim4
 .bss.htim8     0x00000000200002c0       0x48 ./Core/Src/main.o
                0x00000000200002c0                htim8
 .bss.huart3    0x0000000020000308       0x44 ./Core/Src/main.o
                0x0000000020000308                huart3
 .bss.defaultTaskHandle
                0x000000002000034c        0x4 ./Core/Src/main.o
                0x000000002000034c                defaultTaskHandle
 .bss.EncoderTaskHandle
                0x0000000020000350        0x4 ./Core/Src/main.o
                0x0000000020000350                EncoderTaskHandle
 .bss.MotorTaskHandle
                0x0000000020000354        0x4 ./Core/Src/main.o
                0x0000000020000354                MotorTaskHandle
 .bss.GyroTaskHandle
                0x0000000020000358        0x4 ./Core/Src/main.o
                0x0000000020000358                GyroTaskHandle
 .bss.UltrasoundTaskHandle
                0x000000002000035c        0x4 ./Core/Src/main.o
                0x000000002000035c                UltrasoundTaskHandle
 .bss.OLED_GRAM
                0x0000000020000360      0x400 ./Core/Src/main.o
                0x0000000020000360                OLED_GRAM
 .bss.aRxBuffer
                0x0000000020000760       0x14 ./Core/Src/main.o
                0x0000000020000760                aRxBuffer
 .bss.receiveBuffer
                0x0000000020000774       0x14 ./Core/Src/main.o
                0x0000000020000774                receiveBuffer
 .bss.buff      0x0000000020000788       0x14 ./Core/Src/main.o
                0x0000000020000788                buff
 .bss.motorOnA  0x000000002000079c        0x4 ./Core/Src/main.o
                0x000000002000079c                motorOnA
 .bss.motorOnB  0x00000000200007a0        0x4 ./Core/Src/main.o
                0x00000000200007a0                motorOnB
 .bss.flag      0x00000000200007a4        0x4 ./Core/Src/main.o
                0x00000000200007a4                flag
 .bss.lengthFront
                0x00000000200007a8     0x2000 ./Core/Src/main.o
                0x00000000200007a8                lengthFront
 .bss.hello     0x00000000200027a8       0x28 ./Core/Src/main.o
                0x00000000200027a8                hello
 .bss.bye       0x00000000200027d0       0x14 ./Core/Src/main.o
                0x00000000200027d0                bye
 .bss.yay       0x00000000200027e4       0x28 ./Core/Src/main.o
                0x00000000200027e4                yay
 .bss.total_distancea
                0x000000002000280c        0x4 ./Core/Src/main.o
                0x000000002000280c                total_distancea
 .bss.total_distanceb
                0x0000000020002810        0x4 ./Core/Src/main.o
                0x0000000020002810                total_distanceb
 *fill*         0x0000000020002814        0x4 
 .bss.total_angle
                0x0000000020002818        0x8 ./Core/Src/main.o
                0x0000000020002818                total_angle
 .bss.global_angle
                0x0000000020002820        0x8 ./Core/Src/main.o
                0x0000000020002820                global_angle
 .bss.turnDir   0x0000000020002828        0x4 ./Core/Src/main.o
                0x0000000020002828                turnDir
 .bss.ir1       0x000000002000282c        0x4 ./Core/Src/main.o
                0x000000002000282c                ir1
 .bss.ir1_dist  0x0000000020002830        0x4 ./Core/Src/main.o
                0x0000000020002830                ir1_dist
 .bss.us_dist   0x0000000020002834        0x1 ./Core/Src/main.o
                0x0000000020002834                us_dist
 .bss.direction
                0x0000000020002835        0x1 ./Core/Src/main.o
                0x0000000020002835                direction
 *fill*         0x0000000020002836        0x2 
 .bss.magnitude
                0x0000000020002838        0x4 ./Core/Src/main.o
                0x0000000020002838                magnitude
 .bss.IC_Val1   0x000000002000283c        0x4 ./Core/Src/main.o
                0x000000002000283c                IC_Val1
 .bss.IC_Val2   0x0000000020002840        0x4 ./Core/Src/main.o
                0x0000000020002840                IC_Val2
 .bss.Difference
                0x0000000020002844        0x4 ./Core/Src/main.o
                0x0000000020002844                Difference
 .bss.Is_First_Captured
                0x0000000020002848        0x1 ./Core/Src/main.o
                0x0000000020002848                Is_First_Captured
 *fill*         0x0000000020002849        0x3 
 .bss.htim6     0x000000002000284c       0x48 ./Core/Src/stm32f4xx_hal_timebase_tim.o
                0x000000002000284c                htim6
 .bss.__sbrk_heap_end
                0x0000000020002894        0x4 ./Core/Src/sysmem.o
 .bss.uwTick    0x0000000020002898        0x4 ./Drivers/STM32F4xx_HAL_Driver/Src/stm32f4xx_hal.o
                0x0000000020002898                uwTick
 .bss.KernelState
                0x000000002000289c        0x4 ./Middlewares/Third_Party/FreeRTOS/Source/CMSIS_RTOS_V2/cmsis_os2.o
 .bss.Idle_TCB.3
                0x00000000200028a0       0x5c ./Middlewares/Third_Party/FreeRTOS/Source/CMSIS_RTOS_V2/cmsis_os2.o
 .bss.Idle_Stack.2
                0x00000000200028fc      0x200 ./Middlewares/Third_Party/FreeRTOS/Source/CMSIS_RTOS_V2/cmsis_os2.o
 .bss.Timer_TCB.1
                0x0000000020002afc       0x5c ./Middlewares/Third_Party/FreeRTOS/Source/CMSIS_RTOS_V2/cmsis_os2.o
 .bss.Timer_Stack.0
                0x0000000020002b58      0x400 ./Middlewares/Third_Party/FreeRTOS/Source/CMSIS_RTOS_V2/cmsis_os2.o
 .bss.xQueueRegistry
                0x0000000020002f58       0x40 ./Middlewares/Third_Party/FreeRTOS/Source/queue.o
                0x0000000020002f58                xQueueRegistry
 .bss.pxCurrentTCB
                0x0000000020002f98        0x4 ./Middlewares/Third_Party/FreeRTOS/Source/tasks.o
                0x0000000020002f98                pxCurrentTCB
 .bss.pxReadyTasksLists
                0x0000000020002f9c      0x460 ./Middlewares/Third_Party/FreeRTOS/Source/tasks.o
 .bss.xDelayedTaskList1
                0x00000000200033fc       0x14 ./Middlewares/Third_Party/FreeRTOS/Source/tasks.o
 .bss.xDelayedTaskList2
                0x0000000020003410       0x14 ./Middlewares/Third_Party/FreeRTOS/Source/tasks.o
 .bss.pxDelayedTaskList
                0x0000000020003424        0x4 ./Middlewares/Third_Party/FreeRTOS/Source/tasks.o
 .bss.pxOverflowDelayedTaskList
                0x0000000020003428        0x4 ./Middlewares/Third_Party/FreeRTOS/Source/tasks.o
 .bss.xPendingReadyList
                0x000000002000342c       0x14 ./Middlewares/Third_Party/FreeRTOS/Source/tasks.o
 .bss.xTasksWaitingTermination
                0x0000000020003440       0x14 ./Middlewares/Third_Party/FreeRTOS/Source/tasks.o
 .bss.uxDeletedTasksWaitingCleanUp
                0x0000000020003454        0x4 ./Middlewares/Third_Party/FreeRTOS/Source/tasks.o
 .bss.xSuspendedTaskList
                0x0000000020003458       0x14 ./Middlewares/Third_Party/FreeRTOS/Source/tasks.o
 .bss.uxCurrentNumberOfTasks
                0x000000002000346c        0x4 ./Middlewares/Third_Party/FreeRTOS/Source/tasks.o
 .bss.xTickCount
                0x0000000020003470        0x4 ./Middlewares/Third_Party/FreeRTOS/Source/tasks.o
 .bss.uxTopReadyPriority
                0x0000000020003474        0x4 ./Middlewares/Third_Party/FreeRTOS/Source/tasks.o
 .bss.xSchedulerRunning
                0x0000000020003478        0x4 ./Middlewares/Third_Party/FreeRTOS/Source/tasks.o
 .bss.xPendedTicks
                0x000000002000347c        0x4 ./Middlewares/Third_Party/FreeRTOS/Source/tasks.o
 .bss.xYieldPending
                0x0000000020003480        0x4 ./Middlewares/Third_Party/FreeRTOS/Source/tasks.o
 .bss.xNumOfOverflows
                0x0000000020003484        0x4 ./Middlewares/Third_Party/FreeRTOS/Source/tasks.o
 .bss.uxTaskNumber
                0x0000000020003488        0x4 ./Middlewares/Third_Party/FreeRTOS/Source/tasks.o
 .bss.xNextTaskUnblockTime
                0x000000002000348c        0x4 ./Middlewares/Third_Party/FreeRTOS/Source/tasks.o
 .bss.xIdleTaskHandle
                0x0000000020003490        0x4 ./Middlewares/Third_Party/FreeRTOS/Source/tasks.o
 .bss.uxSchedulerSuspended
                0x0000000020003494        0x4 ./Middlewares/Third_Party/FreeRTOS/Source/tasks.o
 .bss.xActiveTimerList1
                0x0000000020003498       0x14 ./Middlewares/Third_Party/FreeRTOS/Source/timers.o
 .bss.xActiveTimerList2
                0x00000000200034ac       0x14 ./Middlewares/Third_Party/FreeRTOS/Source/timers.o
 .bss.pxCurrentTimerList
                0x00000000200034c0        0x4 ./Middlewares/Third_Party/FreeRTOS/Source/timers.o
 .bss.pxOverflowTimerList
                0x00000000200034c4        0x4 ./Middlewares/Third_Party/FreeRTOS/Source/timers.o
 .bss.xTimerQueue
                0x00000000200034c8        0x4 ./Middlewares/Third_Party/FreeRTOS/Source/timers.o
 .bss.xTimerTaskHandle
                0x00000000200034cc        0x4 ./Middlewares/Third_Party/FreeRTOS/Source/timers.o
 .bss.xLastTime.2
                0x00000000200034d0        0x4 ./Middlewares/Third_Party/FreeRTOS/Source/timers.o
 .bss.ucStaticTimerQueueStorage.1
                0x00000000200034d4       0xa0 ./Middlewares/Third_Party/FreeRTOS/Source/timers.o
 .bss.xStaticTimerQueue.0
                0x0000000020003574       0x50 ./Middlewares/Third_Party/FreeRTOS/Source/timers.o
 .bss.ucMaxSysCallPriority
                0x00000000200035c4        0x1 ./Middlewares/Third_Party/FreeRTOS/Source/portable/GCC/ARM_CM4F/port.o
 *fill*         0x00000000200035c5        0x3 
 .bss.ulMaxPRIGROUPValue
                0x00000000200035c8        0x4 ./Middlewares/Third_Party/FreeRTOS/Source/portable/GCC/ARM_CM4F/port.o
 .bss.ucHeap    0x00000000200035cc     0x3c00 ./Middlewares/Third_Party/FreeRTOS/Source/portable/MemMang/heap_4.o
 .bss.xStart    0x00000000200071cc        0x8 ./Middlewares/Third_Party/FreeRTOS/Source/portable/MemMang/heap_4.o
 .bss.pxEnd     0x00000000200071d4        0x4 ./Middlewares/Third_Party/FreeRTOS/Source/portable/MemMang/heap_4.o
 .bss.xFreeBytesRemaining
                0x00000000200071d8        0x4 ./Middlewares/Third_Party/FreeRTOS/Source/portable/MemMang/heap_4.o
 .bss.xMinimumEverFreeBytesRemaining
                0x00000000200071dc        0x4 ./Middlewares/Third_Party/FreeRTOS/Source/portable/MemMang/heap_4.o
 .bss.xNumberOfSuccessfulAllocations