Archive member included to satisfy reference by file (symbol)

c:/st/stm32cubeide_1.10.1/stm32cubeide/plugins/com.st.stm32cube.ide.mcu.externaltools.gnu-tools-for-stm32.10.3-2021.10.win32_1.0.0.202111181127/tools/bin/../lib/gcc/arm-none-eabi/10.3.1/../../../../arm-none-eabi/lib/thumb/v7e-m+fp/hard\libc_nano.a(lib_a-errno.o)
                              ./Core/Src/syscalls.o (__errno)
c:/st/stm32cubeide_1.10.1/stm32cubeide/plugins/com.st.stm32cube.ide.mcu.externaltools.gnu-tools-for-stm32.10.3-2021.10.win32_1.0.0.202111181127/tools/bin/../lib/gcc/arm-none-eabi/10.3.1/../../../../arm-none-eabi/lib/thumb/v7e-m+fp/hard\libc_nano.a(lib_a-exit.o)
                              c:/st/stm32cubeide_1.10.1/stm32cubeide/plugins/com.st.stm32cube.ide.mcu.externaltools.gnu-tools-for-stm32.10.3-2021.10.win32_1.0.0.202111181127/tools/bin/../lib/gcc/arm-none-eabi/10.3.1/../../../../arm-none-eabi/lib/thumb/v7e-m+fp/hard/crt0.o (exit)
c:/st/stm32cubeide_1.10.1/stm32cubeide/plugins/com.st.stm32cube.ide.mcu.externaltools.gnu-tools-for-stm32.10.3-2021.10.win32_1.0.0.202111181127/tools/bin/../lib/gcc/arm-none-eabi/10.3.1/../../../../arm-none-eabi/lib/thumb/v7e-m+fp/hard\libc_nano.a(lib_a-impure.o)
                              c:/st/stm32cubeide_1.10.1/stm32cubeide/plugins/com.st.stm32cube.ide.mcu.externaltools.gnu-tools-for-stm32.10.3-2021.10.win32_1.0.0.202111181127/tools/bin/../lib/gcc/arm-none-eabi/10.3.1/../../../../arm-none-eabi/lib/thumb/v7e-m+fp/hard\libc_nano.a(lib_a-exit.o) (_global_impure_ptr)
c:/st/stm32cubeide_1.10.1/stm32cubeide/plugins/com.st.stm32cube.ide.mcu.externaltools.gnu-tools-for-stm32.10.3-2021.10.win32_1.0.0.202111181127/tools/bin/../lib/gcc/arm-none-eabi/10.3.1/../../../../arm-none-eabi/lib/thumb/v7e-m+fp/hard\libc_nano.a(lib_a-init.o)
                              c:/st/stm32cubeide_1.10.1/stm32cubeide/plugins/com.st.stm32cube.ide.mcu.externaltools.gnu-tools-for-stm32.10.3-2021.10.win32_1.0.0.202111181127/tools/bin/../lib/gcc/arm-none-eabi/10.3.1/../../../../arm-none-eabi/lib/thumb/v7e-m+fp/hard/crt0.o (__libc_init_array)
c:/st/stm32cubeide_1.10.1/stm32cubeide/plugins/com.st.stm32cube.ide.mcu.externaltools.gnu-tools-for-stm32.10.3-2021.10.win32_1.0.0.202111181127/tools/bin/../lib/gcc/arm-none-eabi/10.3.1/../../../../arm-none-eabi/lib/thumb/v7e-m+fp/hard\libc_nano.a(lib_a-memcpy-stub.o)
                              ./Middlewares/Third_Party/FreeRTOS/Source/CMSIS_RTOS_V2/cmsis_os2.o (memcpy)
c:/st/stm32cubeide_1.10.1/stm32cubeide/plugins/com.st.stm32cube.ide.mcu.externaltools.gnu-tools-for-stm32.10.3-2021.10.win32_1.0.0.202111181127/tools/bin/../lib/gcc/arm-none-eabi/10.3.1/../../../../arm-none-eabi/lib/thumb/v7e-m+fp/hard\libc_nano.a(lib_a-memset.o)
                              c:/st/stm32cubeide_1.10.1/stm32cubeide/plugins/com.st.stm32cube.ide.mcu.externaltools.gnu-tools-for-stm32.10.3-2021.10.win32_1.0.0.202111181127/tools/bin/../lib/gcc/arm-none-eabi/10.3.1/../../../../arm-none-eabi/lib/thumb/v7e-m+fp/hard/crt0.o (memset)
c:/st/stm32cubeide_1.10.1/stm32cubeide/plugins/com.st.stm32cube.ide.mcu.externaltools.gnu-tools-for-stm32.10.3-2021.10.win32_1.0.0.202111181127/tools/bin/../lib/gcc/arm-none-eabi/10.3.1/../../../../arm-none-eabi/lib/thumb/v7e-m+fp/hard\libc_nano.a(lib_a-sprintf.o)
                              ./Core/Src/main.o (sprintf)
c:/st/stm32cubeide_1.10.1/stm32cubeide/plugins/com.st.stm32cube.ide.mcu.externaltools.gnu-tools-for-stm32.10.3-2021.10.win32_1.0.0.202111181127/tools/bin/../lib/gcc/arm-none-eabi/10.3.1/../../../../arm-none-eabi/lib/thumb/v7e-m+fp/hard\libc_nano.a(lib_a-nano-svfprintf.o)
                              c:/st/stm32cubeide_1.10.1/stm32cubeide/plugins/com.st.stm32cube.ide.mcu.externaltools.gnu-tools-for-stm32.10.3-2021.10.win32_1.0.0.202111181127/tools/bin/../lib/gcc/arm-none-eabi/10.3.1/../../../../arm-none-eabi/lib/thumb/v7e-m+fp/hard\libc_nano.a(lib_a-sprintf.o) (_svfprintf_r)
c:/st/stm32cubeide_1.10.1/stm32cubeide/plugins/com.st.stm32cube.ide.mcu.externaltools.gnu-tools-for-stm32.10.3-2021.10.win32_1.0.0.202111181127/tools/bin/../lib/gcc/arm-none-eabi/10.3.1/../../../../arm-none-eabi/lib/thumb/v7e-m+fp/hard\libc_nano.a(lib_a-nano-vfprintf_i.o)
                              c:/st/stm32cubeide_1.10.1/stm32cubeide/plugins/com.st.stm32cube.ide.mcu.externaltools.gnu-tools-for-stm32.10.3-2021.10.win32_1.0.0.202111181127/tools/bin/../lib/gcc/arm-none-eabi/10.3.1/../../../../arm-none-eabi/lib/thumb/v7e-m+fp/hard\libc_nano.a(lib_a-nano-svfprintf.o) (_printf_i)
c:/st/stm32cubeide_1.10.1/stm32cubeide/plugins/com.st.stm32cube.ide.mcu.externaltools.gnu-tools-for-stm32.10.3-2021.10.win32_1.0.0.202111181127/tools/bin/../lib/gcc/arm-none-eabi/10.3.1/../../../../arm-none-eabi/lib/thumb/v7e-m+fp/hard\libc_nano.a(lib_a-memchr.o)
[...]
Memory Configuration

Name             Origin             Length             Attributes
CCMRAM           0x0000000010000000 0x0000000000010000 xrw
RAM              0x0000000020000000 0x0000000000020000 xrw
FLASH            0x0000000008000000 0x0000000000080000 xr
*default*        0x0000000000000000 0xffffffffffffffff

Linker script and memory map

LOAD c:/st/stm32cubeide_1.10.1/stm32cubeide/plugins/com.st.stm32cube.ide.mcu.externaltools.gnu-tools-for-stm32.10.3-2021.10.win32_1.0.0.202111181127/tools/bin/../lib/gcc/arm-none-eabi/10.3.1/thumb/v7e-m+fp/hard/crti.o
LOAD c:/st/stm32cubeide_1.10.1/stm32cubeide/plugins/com.st.stm32cube.ide.mcu.externaltools.gnu-tools-for-stm32.10.3-2021.10.win32_1.0.0.202111181127/tools/bin/../lib/gcc/arm-none-eabi/10.3.1/thumb/v7e-m+fp/hard/crtbegin.o
LOAD c:/st/stm32cubeide_1.10.1/stm32cubeide/plugins/com.st.stm32cube.ide.mcu.externaltools.gnu-tools-for-stm32.10.3-2021.10.win32_1.0.0.202111181127/tools/bin/../lib/gcc/arm-none-eabi/10.3.1/../../../../arm-none-eabi/lib/thumb/v7e-m+fp/hard/crt0.o
LOAD ./Core/Src/freertos.o
LOAD ./Core/Src/main.o
LOAD ./Core/Src/stm32f4xx_hal_msp.o
LOAD ./Core/Src/stm32f4xx_hal_timebase_tim.o
LOAD ./Core/Src/stm32f4xx_it.o
LOAD ./Core/Src/syscalls.o
LOAD ./Core/Src/sysmem.o
LOAD ./Core/Src/system_stm32f4xx.o
LOAD ./Core/Startup/startup_stm32f407vetx.o
LOAD ./Drivers/STM32F4xx_HAL_Driver/Src/stm32f4xx_hal.o
LOAD ./Drivers/STM32F4xx_HAL_Driver/Src/stm32f4xx_hal_adc.o
LOAD ./Drivers/STM32F4xx_HAL_Driver/Src/stm32f4xx_hal_adc_ex.o
LOAD ./Drivers/STM32F4xx_HAL_Driver/Src/stm32f4xx_hal_cortex.o
LOAD ./Drivers/STM32F4xx_HAL_Driver/Src/stm32f4xx_hal_dma.o
LOAD ./Drivers/STM32F4xx_HAL_Driver/Src/stm32f4xx_hal_dma_ex.o
LOAD ./Drivers/STM32F4xx_HAL_Driver/Src/stm32f4xx_hal_exti.o
LOAD ./Drivers/STM32F4xx_HAL_Driver/Src/stm32f4xx_hal_flash.o
LOAD ./Drivers/STM32F4xx_HAL_Driver/Src/stm32f4xx_hal_flash_ex.o
LOAD ./Drivers/STM32F4xx_HAL_Driver/Src/stm32f4xx_hal_flash_ramfunc.o
LOAD ./Drivers/STM32F4xx_HAL_Driver/Src/stm32f4xx_hal_gpio.o
LOAD ./Drivers/STM32F4xx_HAL_Driver/Src/stm32f4xx_hal_i2c.o
LOAD ./Drivers/STM32F4xx_HAL_Driver/Src/stm32f4xx_hal_i2c_ex.o
LOAD ./Drivers/STM32F4xx_HAL_Driver/Src/stm32f4xx_hal_pwr.o
LOAD ./Drivers/STM32F4xx_HAL_Driver/Src/stm32f4xx_hal_pwr_ex.o
LOAD ./Drivers/STM32F4xx_HAL_Driver/Src/stm32f4xx_hal_rcc.o
LOAD ./Drivers/STM32F4xx_HAL_Driver/Src/stm32f4xx_hal_rcc_ex.o
LOAD ./Drivers/STM32F4xx_HAL_Driver/Src/stm32f4xx_hal_tim.o
LOAD ./Drivers/STM32F4xx_HAL_Driver/Src/stm32f4xx_hal_tim_ex.o
LOAD ./Drivers/STM32F4xx_HAL_Driver/Src/stm32f4xx_hal_uart.o
LOAD ./Drivers/STM32F4xx_HAL_Driver/Src/stm32f4xx_ll_adc.o
LOAD ./Middlewares/Third_Party/FreeRTOS/Source/CMSIS_RTOS_V2/cmsis_os2.o
LOAD ./Middlewares/Third_Party/FreeRTOS/Source/croutine.o
LOAD ./Middlewares/Third_Party/FreeRTOS/Source/event_groups.o
LOAD ./Middlewares/Third_Party/FreeRTOS/Source/list.o
LOAD ./Middlewares/Third_Party/FreeRTOS/Source/queue.o
LOAD ./Middlewares/Third_Party/FreeRTOS/Source/stream_buffer.o
LOAD ./Middlewares/Third_Party/FreeRTOS/Source/tasks.o
LOAD ./Middlewares/Third_Party/FreeRTOS/Source/timers.o
LOAD ./Middlewares/Third_Party/FreeRTOS/Source/portable/GCC/ARM_CM4F/port.o
LOAD ./Middlewares/Third_Party/FreeRTOS/Source/portable/MemMang/heap_4.o
LOAD ./PeripheralDriver/Src/oled.o
START GROUP
LOAD c:/st/stm32cubeide_1.10.1/stm32cubeide/plugins/com.st.stm32cube.ide.mcu.externaltools.gnu-tools-for-stm32.10.3-2021.10.win32_1.0.0.202111181127/tools/bin/../lib/gcc/arm-none-eabi/10.3.1/../../../../arm-none-eabi/lib/thumb/v7e-m+fp/hard\libc_nano.a
LOAD c:/st/stm32cubeide_1.10.1/stm32cubeide/plugins/com.st.stm32cube.ide.mcu.externaltools.gnu-tools-for-stm32.10.3-2021.10.win32_1.0.0.202111181127/tools/bin/../lib/gcc/arm-none-eabi/10.3.1/../../../../arm-none-eabi/lib/thumb/v7e-m+fp/hard\libm.a
END GROUP
START GROUP
LOAD c:/st/stm32cubeide_1.10.1/stm32cubeide/plugins/com.st.stm32cube.ide.mcu.externaltools.gnu-tools-for-stm32.10.3-2021.10.win32_1.0.0.202111181127/tools/bin/../lib/gcc/arm-none-eabi/10.3.1/thumb/v7e-m+fp/hard\libgcc.a
LOAD c:/st/stm32cubeide_1.10.1/stm32cubeide/plugins/com.st.stm32cube.ide.mcu.externaltools.gnu-tools-for-stm32.10.3-2021.10.win32_1.0.0.202111181127/tools/bin/../lib/gcc/arm-none-eabi/10.3.1/../../../../arm-none-eabi/lib/thumb/v7e-m+fp/hard\libc_nano.a
END GROUP
START GROUP
LOAD c:/st/stm32cubeide_1.10.1/stm32cubeide/plugins/com.st.stm32cube.ide.mcu.externaltools.gnu-tools-for-stm32.10.3-2021.10.win32_1.0.0.202111181127/tools/bin/../lib/gcc/arm-none-eabi/10.3.1/thumb/v7e-m+fp/hard\libgcc.a
LOAD c:/st/stm32cubeide_1.10.1/stm32cubeide/plugins/com.st.stm32cube.ide.mcu.externaltools.gnu-tools-for-stm32.10.3-2021.10.win32_1.0.0.202111181127/tools/bin/../lib/gcc/arm-none-eabi/10.3.1/../../../../arm-none-eabi/lib/thumb/v7e-m+fp/hard\libc_nano.a
LOAD c:/st/stm32cubeide_1.10.1/stm32cubeide/plugins/com.st.stm32cube.ide.mcu.externaltools.gnu-tools-for-stm32.10.3-2021.10.win32_1.0.0.202111181127/tools/bin/../lib/gcc/arm-none-eabi/10.3.1/../../../../arm-none-eabi/lib/thumb/v7e-m+fp/hard\libnosys.a
END GROUP
START GROUP
LOAD c:/st/stm32cubeide_1.10.1/stm32cubeide/plugins/com.st.stm32cube.ide.mcu.externaltools.gnu-tools-for-stm32.10.3-2021.10.win32_1.0.0.202111181127/tools/bin/../lib/gcc/arm-none-eabi/10.3.1/thumb/v7e-m+fp/hard\libgcc.a
LOAD c:/st/stm32cubeide_1.10.1/stm32cubeide/plugins/com.st.stm32cube.ide.mcu.externaltools.gnu-tools-for-stm32.10.3-2021.10.win32_1.0.0.202111181127/tools/bin/../lib/gcc/arm-none-eabi/10.3.1/../../../../arm-none-eabi/lib/thumb/v7e-m+fp/hard\libc_nano.a
LOAD c:/st/stm32cubeide_1.10.1/stm32cubeide/plugins/com.st.stm32cube.ide.mcu.externaltools.gnu-tools-for-stm32.10.3-2021.10.win32_1.0.0.202111181127/tools/bin/../lib/gcc/arm-none-eabi/10.3.1/../../../../arm-none-eabi/lib/thumb/v7e-m+fp/hard\libnosys.a
END GROUP
LOAD c:/st/stm32cubeide_1.10.1/stm32cubeide/plugins/com.st.stm32cube.ide.mcu.externaltools.gnu-tools-for-stm32.10.3-2021.10.win32_1.0.0.202111181127/tools/bin/../lib/gcc/arm-none-eabi/10.3.1/thumb/v7e-m+fp/hard/crtend.o
LOAD c:/st/stm32cubeide_1.10.1/stm32cubeide/plugins/com.st.stm32cube.ide.mcu.externaltools.gnu-tools-for-stm32.10.3-2021.10.win32_1.0.0.202111181127/tools/bin/../lib/gcc/arm-none-eabi/10.3.1/thumb/v7e-m+fp/hard/crtn.o
                0x0000000020020000                _estack = (ORIGIN (RAM) + LENGTH (RAM))
                0x0000000000000200                _Min_Heap_Size = 0x200
                0x0000000000000400                _Min_Stack_Size = 0x400

.isr_vector     0x0000000008000000      0x188
                0x0000000008000000                . = ALIGN (0x4)
 *(.isr_vector)
 .isr_vector    0x0000000008000000      0x188 ./Core/Startup/startup_stm32f407vetx.o
                0x0000000008000000                g_pfnVectors
                0x0000000008000188                . = ALIGN (0x4)

.text           0x0000000008000190     0x8090
                0x0000000008000190                . = ALIGN (0x4)
 *(.text)
 .text          0x0000000008000190       0x40 c:/st/stm32cubeide_1.10.1/stm32cubeide/plugins/com.st.stm32cube.ide.mcu.externaltools.gnu-tools-for-stm32.10.3-2021.10.win32_1.0.0.202111181127/tools/bin/../lib/gcc/arm-none-eabi/10.3.1/thumb/v7e-m+fp/hard/crtbegin.o
 .text          0x00000000080001d0       0xa0 c:/st/stm32cubeide_1.10.1/stm32cubeide/plugins/com.st.stm32cube.ide.mcu.externaltools.gnu-tools-for-stm32.10.3-2021.10.win32_1.0.0.202111181127/tools/bin/../lib/gcc/arm-none-eabi/10.3.1/../../../../arm-none-eabi/lib/thumb/v7e-m+fp/hard\libc_nano.a(lib_a-memchr.o)
                0x00000000080001d0                memchr
 .text          0x0000000008000270      0x378 c:/st/stm32cubeide_1.10.1/stm32cubeide/plugins/com.st.stm32cube.ide.mcu.externaltools.gnu-tools-for-stm32.10.3-2021.10.win32_1.0.0.202111181127/tools/bin/../lib/gcc/arm-none-eabi/10.3.1/thumb/v7e-m+fp/hard\libgcc.a(_arm_addsubdf3.o)
                0x0000000008000270                __aeabi_drsub
                0x0000000008000278                __aeabi_dsub
                0x0000000008000278                __subdf3
                0x000000000800027c                __aeabi_dadd
                0x000000000800027c                __adddf3
                0x00000000080004f4                __floatunsidf
                0x00000000080004f4                __aeabi_ui2d
                0x0000000008000514                __floatsidf
                0x0000000008000514                __aeabi_i2d
                0x0000000008000538                __aeabi_f2d
                0x0000000008000538                __extendsfdf2
                0x000000000800057c                __floatundidf
                0x000000000800057c                __aeabi_ul2d
                0x000000000800058c                __floatdidf
                0x000000000800058c                __aeabi_l2d
 .text          0x00000000080005e8      0x424 c:/st/stm32cubeide_1.10.1/stm32cubeide/plugins/com.st.stm32cube.ide.mcu.externaltools.gnu-tools-for-stm32.10.3-2021.10.win32_1.0.0.202111181127/tools/bin/../lib/gcc/arm-none-eabi/10.3.1/thumb/v7e-m+fp/hard\libgcc.a(_arm_muldivdf3.o)
                0x00000000080005e8                __aeabi_dmul
                0x00000000080005e8                __muldf3
                0x000000000800083c                __divdf3
                0x000000000800083c                __aeabi_ddiv
 .text          0x0000000008000a0c      0x110 c:/st/stm32cubeide_1.10.1/stm32cubeide/plugins/com.st.stm32cube.ide.mcu.externaltools.gnu-tools-for-stm32.10.3-2021.10.win32_1.0.0.202111181127/tools/bin/../lib/gcc/arm-none-eabi/10.3.1/thumb/v7e-m+fp/hard\libgcc.a(_arm_cmpdf2.o)
                0x0000000008000a0c                __gtdf2
                0x0000000008000a0c                __gedf2
                0x0000000008000a14                __ltdf2
                0x0000000008000a14                __ledf2
                0x0000000008000a1c                __nedf2
                0x0000000008000a1c                __eqdf2
                0x0000000008000a1c                __cmpdf2
                0x0000000008000a98                __aeabi_cdrcmple
                0x0000000008000aa8                __aeabi_cdcmpeq
                0x0000000008000aa8                __aeabi_cdcmple
                0x0000000008000ab8                __aeabi_dcmpeq
                0x0000000008000acc                __aeabi_dcmplt
                0x0000000008000ae0                __aeabi_dcmple
                0x0000000008000af4                __aeabi_dcmpge
                0x0000000008000b08                __aeabi_dcmpgt
 .text          0x0000000008000b1c       0x2c c:/st/stm32cubeide_1.10.1/stm32cubeide/plugins/com.st.stm32cube.ide.mcu.externaltools.gnu-tools-for-stm32.10.3-2021.10.win32_1.0.0.202111181127/tools/bin/../lib/gcc/arm-none-eabi/10.3.1/thumb/v7e-m+fp/hard\libgcc.a(_arm_unorddf2.o)
                0x0000000008000b1c                __unorddf2
                0x0000000008000b1c                __aeabi_dcmpun
 .text          0x0000000008000b48       0x50 c:/st/stm32cubeide_1.10.1/stm32cubeide/plugins/com.st.stm32cube.ide.mcu.externaltools.gnu-tools-for-stm32.10.3-2021.10.win32_1.0.0.202111181127/tools/bin/../lib/gcc/arm-none-eabi/10.3.1/thumb/v7e-m+fp/hard\libgcc.a(_arm_fixdfsi.o)
                0x0000000008000b48                __aeabi_d2iz
                0x0000000008000b48                __fixdfsi
 .text          0x0000000008000b98       0x40 c:/st/stm32cubeide_1.10.1/stm32cubeide/plugins/com.st.stm32cube.ide.mcu.externaltools.gnu-tools-for-stm32.10.3-2021.10.win32_1.0.0.202111181127/tools/bin/../lib/gcc/arm-none-eabi/10.3.1/thumb/v7e-m+fp/hard\libgcc.a(_arm_fixunsdfsi.o)
                0x0000000008000b98                __aeabi_d2uiz
                0x0000000008000b98                __fixunsdfsi
 .text          0x0000000008000bd8       0xa0 c:/st/stm32cubeide_1.10.1/stm32cubeide/plugins/com.st.stm32cube.ide.mcu.externaltools.gnu-tools-for-stm32.10.3-2021.10.win32_1.0.0.202111181127/tools/bin/../lib/gcc/arm-none-eabi/10.3.1/thumb/v7e-m+fp/hard\libgcc.a(_arm_truncdfsf2.o)
                0x0000000008000bd8                __truncdfsf2
                0x0000000008000bd8                __aeabi_d2f
 .text          0x0000000008000c78       0x30 c:/st/stm32cubeide_1.10.1/stm32cubeide/plugins/com.st.stm32cube.ide.mcu.externaltools.gnu-tools-for-stm32.10.3-2021.10.win32_1.0.0.202111181127/tools/bin/../lib/gcc/arm-none-eabi/10.3.1/thumb/v7e-m+fp/hard\libgcc.a(_aeabi_uldivmod.o)
                0x0000000008000c78                __aeabi_uldivmod
 .text          0x0000000008000ca8      0x2d0 c:/st/stm32cubeide_1.10.1/stm32cubeide/plugins/com.st.stm32cube.ide.mcu.externaltools.gnu-tools-for-stm32.10.3-2021.10.win32_1.0.0.202111181127/tools/bin/../lib/gcc/arm-none-eabi/10.3.1/thumb/v7e-m+fp/hard\libgcc.a(_udivmoddi4.o)
                0x0000000008000ca8                __udivmoddi4
 .text          0x0000000008000f78        0x4 c:/st/stm32cubeide_1.10.1/stm32cubeide/plugins/com.st.stm32cube.ide.mcu.externaltools.gnu-tools-for-stm32.10.3-2021.10.win32_1.0.0.202111181127/tools/bin/../lib/gcc/arm-none-eabi/10.3.1/thumb/v7e-m+fp/hard\libgcc.a(_dvmd_tls.o)
                0x0000000008000f78                __aeabi_idiv0
                0x0000000008000f78                __aeabi_ldiv0
 *(.text*)
 .text.ultrasoundTask
                0x0000000008000f7c        0x2 ./Core/Src/main.o
                0x0000000008000f7c                ultrasoundTask
 *fill*         0x0000000008000f7e        0x2 
 .text.motorStop
                0x0000000008000f80       0x14 ./Core/Src/main.o
                0x0000000008000f80                motorStop
 .text.motorAForward
                0x0000000008000f94       0x20 ./Core/Src/main.o
                0x0000000008000f94                motorAForward
 .text.motorAReverse
                0x0000000008000fb4       0x20 ./Core/Src/main.o
                0x0000000008000fb4                motorAReverse
 .text.motorBForward
                0x0000000008000fd4       0x20 ./Core/Src/main.o
                0x0000000008000fd4                motorBForward
 .text.motorBReverse
                0x0000000008000ff4       0x20 ./Core/Src/main.o
                0x0000000008000ff4                motorBReverse
 .text.motorTask
                0x0000000008001014       0xd4 ./Core/Src/main.o
                0x0000000008001014                motorTask
 .text.readByte
                0x00000000080010e8       0x40 ./Core/Src/main.o
                0x00000000080010e8                readByte
 .text.writeByte
                0x0000000008001128       0x2c ./Core/Src/main.o
                0x0000000008001128                writeByte
 .text.gyroInit
                0x0000000008001154       0x84 ./Core/Src/main.o
                0x0000000008001154                gyroInit
 .text.gyroTask
                0x00000000080011d8      0x114 ./Core/Src/main.o
                0x00000000080011d8                gyroTask
 *fill*         0x00000000080012ec        0x4 
 .text.motorForwardA
                0x00000000080012f0      0x154 ./Core/Src/main.o
                0x00000000080012f0                motorForwardA
 *fill*         0x0000000008001444        0x4 
 .text.motorForwardB
                0x0000000008001448      0x1c8 ./Core/Src/main.o
                0x0000000008001448                motorForwardB
 .text.motorRight
                0x0000000008001610       0x88 ./Core/Src/main.o
                0x0000000008001610                motorRight
 .text.motorLeft
                0x0000000008001698       0x84 ./Core/Src/main.o
                0x0000000008001698                motorLeft
 .text.motorRightB
                0x000000000800171c       0x8c ./Core/Src/main.o
                0x000000000800171c                motorRightB
 .text.motorLeftB
                0x00000000080017a8       0x84 ./Core/Src/main.o
                0x00000000080017a8                motorLeftB
 .text.backRight
                0x000000000800182c       0x88 ./Core/Src/main.o
                0x000000000800182c                backRight
 .text.backLeft
                0x00000000080018b4       0x8c ./Core/Src/main.o
                0x00000000080018b4                backLeft
 .text.motorBack
                0x0000000008001940       0x24 ./Core/Src/main.o
                0x0000000008001940                motorBack
 .text.motorBackA
                0x0000000008001964       0x8c ./Core/Src/main.o
                0x0000000008001964                motorBackA
 .text.encoder_task
                0x00000000080019f0      0x2f0 ./Core/Src/main.o
                0x00000000080019f0                encoder_task
 .text.SystemClock_Config
                0x0000000008001ce0       0x8c ./Core/Src/main.o
                0x0000000008001ce0                SystemClock_Config
 .text.startup.main
                0x0000000008001d6c      0x5bc ./Core/Src/main.o
                0x0000000008001d6c                main
 .text.HAL_TIM_IC_CaptureCallback
                0x0000000008002328       0xc4 ./Core/Src/main.o
                0x0000000008002328                HAL_TIM_IC_CaptureCallback
 .text.HCSR04_Read
                0x00000000080023ec       0x38 ./Core/Src/main.o
                0x00000000080023ec                HCSR04_Read
 *fill*         0x0000000008002424        0x4 
 .text.StartDefaultTask
                0x0000000008002428       0xf8 ./Core/Src/main.o
                0x0000000008002428                StartDefaultTask
 .text.HAL_UART_RxCpltCallback
                0x0000000008002520       0x64 ./Core/Src/main.o
                0x0000000008002520                HAL_UART_RxCpltCallback
 .text.HAL_TIM_PeriodElapsedCallback
                0x0000000008002584       0x14 ./Core/Src/main.o
                0x0000000008002584                HAL_TIM_PeriodElapsedCallback
 .text.Error_Handler
                0x0000000008002598        0x4 ./Core/Src/main.o
                0x0000000008002598                Error_Handler
 .text.HAL_MspInit
                0x000000000800259c       0x40 ./Core/Src/stm32f4xx_hal_msp.o
                0x000000000800259c                HAL_MspInit
 .text.HAL_ADC_MspInit
                0x00000000080025dc       0xcc ./Core/Src/stm32f4xx_hal_msp.o
                0x00000000080025dc                HAL_ADC_MspInit
 .text.HAL_I2C_MspInit
                0x00000000080026a8       0x70 ./Core/Src/stm32f4xx_hal_msp.o
                0x00000000080026a8                HAL_I2C_MspInit
 .text.HAL_TIM_Base_MspInit
                0x0000000008002718       0xcc ./Core/Src/stm32f4xx_hal_msp.o
                0x0000000008002718                HAL_TIM_Base_MspInit
 .text.HAL_TIM_Encoder_MspInit
                0x00000000080027e4       0xdc ./Core/Src/stm32f4xx_hal_msp.o
                0x00000000080027e4                HAL_TIM_Encoder_MspInit
 .text.HAL_TIM_MspPostInit
                0x00000000080028c0       0x94 ./Core/Src/stm32f4xx_hal_msp.o
                0x00000000080028c0                HAL_TIM_MspPostInit
 .text.HAL_UART_MspInit
                0x0000000008002954       0x7c ./Core/Src/stm32f4xx_hal_msp.o
                0x0000000008002954                HAL_UART_MspInit
 .text.HAL_InitTick
                0x00000000080029d0       0x7c ./Core/Src/stm32f4xx_hal_timebase_tim.o
                0x00000000080029d0                HAL_InitTick
 .text.NMI_Handler
                0x0000000008002a4c        0x2 ./Core/Src/stm32f4xx_it.o
                0x0000000008002a4c                NMI_Handler
 .text.HardFault_Handler
                0x0000000008002a4e        0x2 ./Core/Src/stm32f4xx_it.o
                0x0000000008002a4e                HardFault_Handler
 .text.MemManage_Handler
                0x0000000008002a50        0x2 ./Core/Src/stm32f4xx_it.o
                0x0000000008002a50                MemManage_Handler
 .text.BusFault_Handler
                0x0000000008002a52        0x2 ./Core/Src/stm32f4xx_it.o
                0x0000000008002a52                BusFault_Handler
 .text.UsageFault_Handler
                0x0000000008002a54        0x2 ./Core/Src/stm32f4xx_it.o
                0x0000000008002a54                UsageFault_Handler
 .text.DebugMon_Handler
                0x0000000008002a56        0x2 ./Core/Src/stm32f4xx_it.o
                0x0000000008002a56                DebugMon_Handler
 .text.TIM1_UP_TIM10_IRQHandler
                0x0000000008002a58        0xc ./Core/Src/stm32f4xx_it.o
                0x0000000008002a58                TIM1_UP_TIM10_IRQHandler
 .text.TIM4_IRQHandler
                0x0000000008002a64        0xc ./Core/Src/stm32f4xx_it.o
                0x0000000008002a64                TIM4_IRQHandler
 .text.USART3_IRQHandler
                0x0000000008002a70        0xc ./Core/Src/stm32f4xx_it.o
                0x0000000008002a70                USART3_IRQHandler
 .text.TIM6_DAC_IRQHandler
                0x0000000008002a7c        0xc ./Core/Src/stm32f4xx_it.o
                0x0000000008002a7c                TIM6_DAC_IRQHandler
 .text.DMA2_Stream0_IRQHandler
                0x0000000008002a88        0xc ./Core/Src/stm32f4xx_it.o
                0x0000000008002a88                DMA2_Stream0_IRQHandler
 .text._sbrk    0x0000000008002a94       0x40 ./Core/Src/sysmem.o
                0x0000000008002a94                _sbrk
 .text.SystemInit
                0x0000000008002ad4       0x14 ./Core/Src/system_stm32f4xx.o
                0x0000000008002ad4                SystemInit
 .text.Reset_Handler
                0x0000000008002ae8       0x50 ./Core/Startup/startup_stm32f407vetx.o
                0x0000000008002ae8                Reset_Handler
 .text.Default_Handler
                0x0000000008002b38        0x2 ./Core/Startup/startup_stm32f407vetx.o
                0x0000000008002b38                RTC_Alarm_IRQHandler
                0x0000000008002b38                HASH_RNG_IRQHandler
                0x0000000008002b38                EXTI2_IRQHandler
                0x0000000008002b38                TIM8_CC_IRQHandler
                0x0000000008002b38                TIM1_CC_IRQHandler
                0x0000000008002b38                DMA2_Stream5_IRQHandler
                0x0000000008002b38                DMA1_Stream5_IRQHandler
                0x0000000008002b38                PVD_IRQHandler
                0x0000000008002b38                SDIO_IRQHandler
                0x0000000008002b38                TAMP_STAMP_IRQHandler
                0x0000000008002b38                CAN2_RX1_IRQHandler
                0x0000000008002b38                EXTI3_IRQHandler
                0x0000000008002b38                TIM8_TRG_COM_TIM14_IRQHandler
                0x0000000008002b38                TIM8_UP_TIM13_IRQHandler
                0x0000000008002b38                I2C3_ER_IRQHandler
                0x0000000008002b38                EXTI0_IRQHandler
                0x0000000008002b38                I2C2_EV_IRQHandler
                0x0000000008002b38                DMA1_Stream2_IRQHandler
                0x0000000008002b38                CAN1_RX0_IRQHandler
                0x0000000008002b38                FPU_IRQHandler
                0x0000000008002b38                OTG_HS_WKUP_IRQHandler
                0x0000000008002b38                CAN2_SCE_IRQHandler
                0x0000000008002b38                DMA2_Stream2_IRQHandler
                0x0000000008002b38                SPI1_IRQHandler
                0x0000000008002b38                TIM1_BRK_TIM9_IRQHandler
                0x0000000008002b38                DCMI_IRQHandler
                0x0000000008002b38                CAN2_RX0_IRQHandler
                0x0000000008002b38                DMA2_Stream3_IRQHandler
                0x0000000008002b38                USART6_IRQHandler
                0x0000000008002b38                CAN1_RX1_IRQHandler
                0x0000000008002b38                UART5_IRQHandler
                0x0000000008002b38                I2C1_EV_IRQHandler
                0x0000000008002b38                DMA1_Stream6_IRQHandler
                0x0000000008002b38                DMA1_Stream1_IRQHandler
                0x0000000008002b38                UART4_IRQHandler
                0x0000000008002b38                TIM3_IRQHandler
                0x0000000008002b38                RCC_IRQHandler
                0x0000000008002b38                TIM8_BRK_TIM12_IRQHandler
                0x0000000008002b38                Default_Handler
                0x0000000008002b38                EXTI15_10_IRQHandler
                0x0000000008002b38                ADC_IRQHandler
                0x0000000008002b38                DMA1_Stream7_IRQHandler
                0x0000000008002b38                TIM7_IRQHandler
                0x0000000008002b38                CAN2_TX_IRQHandler
                0x0000000008002b38                TIM5_IRQHandler
                0x0000000008002b38                DMA2_Stream7_IRQHandler
                0x0000000008002b38                I2C3_EV_IRQHandler
                0x0000000008002b38                EXTI9_5_IRQHandler
                0x0000000008002b38                RTC_WKUP_IRQHandler
                0x0000000008002b38                ETH_WKUP_IRQHandler
                0x0000000008002b38                SPI2_IRQHandler
                0x0000000008002b38                OTG_HS_EP1_IN_IRQHandler
                0x0000000008002b38                DMA1_Stream0_IRQHandler
                0x0000000008002b38                CAN1_TX_IRQHandler
                0x0000000008002b38                EXTI4_IRQHandler
                0x0000000008002b38                FSMC_IRQHandler
                0x0000000008002b38                ETH_IRQHandler
                0x0000000008002b38                OTG_HS_EP1_OUT_IRQHandler
                0x0000000008002b38                WWDG_IRQHandler
                0x0000000008002b38                TIM2_IRQHandler
                0x0000000008002b38                OTG_FS_WKUP_IRQHandler
                0x0000000008002b38                TIM1_TRG_COM_TIM11_IRQHandler
                0x0000000008002b38                OTG_HS_IRQHandler
                0x0000000008002b38                EXTI1_IRQHandler
                0x0000000008002b38                USART2_IRQHandler
                0x0000000008002b38                I2C2_ER_IRQHandler
                0x0000000008002b38                DMA2_Stream1_IRQHandler
                0x0000000008002b38                CAN1_SCE_IRQHandler
                0x0000000008002b38                FLASH_IRQHandler
                0x0000000008002b38                DMA2_Stream4_IRQHandler
                0x0000000008002b38                USART1_IRQHandler
                0x0000000008002b38                OTG_FS_IRQHandler
                0x0000000008002b38                SPI3_IRQHandler
                0x0000000008002b38                DMA1_Stream4_IRQHandler
                0x0000000008002b38                I2C1_ER_IRQHandler
                0x0000000008002b38                DMA2_Stream6_IRQHandler
                0x0000000008002b38                DMA1_Stream3_IRQHandler
 *fill*         0x0000000008002b3a        0x2 
 .text.HAL_Init
                0x0000000008002b3c       0x34 ./Drivers/STM32F4xx_HAL_Driver/Src/stm32f4xx_hal.o
                0x0000000008002b3c                HAL_Init
 .text.HAL_IncTick
                0x0000000008002b70       0x18 ./Drivers/STM32F4xx_HAL_Driver/Src/stm32f4xx_hal.o
                0x0000000008002b70                HAL_IncTick
 .text.HAL_GetTick
                0x0000000008002b88        0xc ./Drivers/STM32F4xx_HAL_Driver/Src/stm32f4xx_hal.o
                0x0000000008002b88                HAL_GetTick
 .text.HAL_Delay
                0x0000000008002b94       0x28 ./Drivers/STM32F4xx_HAL_Driver/Src/stm32f4xx_hal.o
                0x0000000008002b94                HAL_Delay
 .text.HAL_ADC_Init
                0x0000000008002bbc      0x14c ./Drivers/STM32F4xx_HAL_Driver/Src/stm32f4xx_hal_adc.o
                0x0000000008002bbc                HAL_ADC_Init
 .text.HAL_ADC_Start
                0x0000000008002d08      0x108 ./Drivers/STM32F4xx_HAL_Driver/Src/stm32f4xx_hal_adc.o
                0x0000000008002d08                HAL_ADC_Start
 .text.HAL_ADC_Stop
                0x0000000008002e10       0x36 ./Drivers/STM32F4xx_HAL_Driver/Src/stm32f4xx_hal_adc.o
                0x0000000008002e10                HAL_ADC_Stop
 .text.HAL_ADC_PollForConversion
                0x0000000008002e46       0xa6 ./Drivers/STM32F4xx_HAL_Driver/Src/stm32f4xx_hal_adc.o
                0x0000000008002e46                HAL_ADC_PollForConversion
 .text.HAL_ADC_GetValue
                0x0000000008002eec        0x6 ./Drivers/STM32F4xx_HAL_Driver/Src/stm32f4xx_hal_adc.o
                0x0000000008002eec                HAL_ADC_GetValue
 *fill*         0x0000000008002ef2        0x2 
 .text.HAL_ADC_ConfigChannel
                0x0000000008002ef4      0x124 ./Drivers/STM32F4xx_HAL_Driver/Src/stm32f4xx_hal_adc.o
                0x0000000008002ef4                HAL_ADC_ConfigChannel
 .text.HAL_NVIC_SetPriorityGrouping
                0x0000000008003018       0x24 ./Drivers/STM32F4xx_HAL_Driver/Src/stm32f4xx_hal_cortex.o
                0x0000000008003018                HAL_NVIC_SetPriorityGrouping
 .text.HAL_NVIC_SetPriority
                0x000000000800303c       0x64 ./Drivers/STM32F4xx_HAL_Driver/Src/stm32f4xx_hal_cortex.o
                0x000000000800303c                HAL_NVIC_SetPriority
 .text.HAL_NVIC_EnableIRQ
                0x00000000080030a0       0x1c ./Drivers/STM32F4xx_HAL_Driver/Src/stm32f4xx_hal_cortex.o
                0x00000000080030a0                HAL_NVIC_EnableIRQ
 .text.DMA_CalcBaseAndBitshift
                0x00000000080030bc       0x2c ./Drivers/STM32F4xx_HAL_Driver/Src/stm32f4xx_hal_dma.o
 .text.HAL_DMA_Init
                0x00000000080030e8      0x100 ./Drivers/STM32F4xx_HAL_Driver/Src/stm32f4xx_hal_dma.o
                0x00000000080030e8                HAL_DMA_Init
 .text.HAL_DMA_Abort
                0x00000000080031e8       0x88 ./Drivers/STM32F4xx_HAL_Driver/Src/stm32f4xx_hal_dma.o
                0x00000000080031e8                HAL_DMA_Abort
 .text.HAL_DMA_Abort_IT
                0x0000000008003270       0x24 ./Drivers/STM32F4xx_HAL_Driver/Src/stm32f4xx_hal_dma.o
                0x0000000008003270                HAL_DMA_Abort_IT
 .text.HAL_DMA_IRQHandler
                0x0000000008003294      0x17c ./Drivers/STM32F4xx_HAL_Driver/Src/stm32f4xx_hal_dma.o
                0x0000000008003294                HAL_DMA_IRQHandler
 .text.HAL_GPIO_Init
                0x0000000008003410      0x1b4 ./Drivers/STM32F4xx_HAL_Driver/Src/stm32f4xx_hal_gpio.o
                0x0000000008003410                HAL_GPIO_Init
 .text.HAL_GPIO_WritePin
                0x00000000080035c4        0xa ./Drivers/STM32F4xx_HAL_Driver/Src/stm32f4xx_hal_gpio.o
                0x00000000080035c4                HAL_GPIO_WritePin
 .text.I2C_IsAcknowledgeFailed
                0x00000000080035ce       0x34 ./Drivers/STM32F4xx_HAL_Driver/Src/stm32f4xx_hal_i2c.o
 .text.I2C_WaitOnFlagUntilTimeout
                0x0000000008003602       0x64 ./Drivers/STM32F4xx_HAL_Driver/Src/stm32f4xx_hal_i2c.o
 .text.I2C_WaitOnMasterAddressFlagUntilTimeout
                0x0000000008003666       0x76 ./Drivers/STM32F4xx_HAL_Driver/Src/stm32f4xx_hal_i2c.o
 .text.I2C_WaitOnRXNEFlagUntilTimeout
                0x00000000080036dc       0x5e ./Drivers/STM32F4xx_HAL_Driver/Src/stm32f4xx_hal_i2c.o
 .text.I2C_WaitOnBTFFlagUntilTimeout
                0x000000000800373a       0x4c ./Drivers/STM32F4xx_HAL_Driver/Src/stm32f4xx_hal_i2c.o
 .text.I2C_WaitOnTXEFlagUntilTimeout
                0x0000000008003786       0x4c ./Drivers/STM32F4xx_HAL_Driver/Src/stm32f4xx_hal_i2c.o
 *fill*         0x00000000080037d2        0x2 
 .text.HAL_I2C_Init
                0x00000000080037d4      0x150 ./Drivers/STM32F4xx_HAL_Driver/Src/stm32f4xx_hal_i2c.o
                0x00000000080037d4                HAL_I2C_Init
 .text.HAL_I2C_Master_Transmit
                0x0000000008003924      0x1b0 ./Drivers/STM32F4xx_HAL_Driver/Src/stm32f4xx_hal_i2c.o
                0x0000000008003924                HAL_I2C_Master_Transmit
 .text.HAL_I2C_Master_Receive
                0x0000000008003ad4      0x2e0 ./Drivers/STM32F4xx_HAL_Driver/Src/stm32f4xx_hal_i2c.o
                0x0000000008003ad4                HAL_I2C_Master_Receive
 .text.HAL_PWR_EnableBkUpAccess
                0x0000000008003db4       0x1c ./Drivers/STM32F4xx_HAL_Driver/Src/stm32f4xx_hal_pwr.o
                0x0000000008003db4                HAL_PWR_EnableBkUpAccess
 .text.HAL_PWR_DisableBkUpAccess
                0x0000000008003dd0       0x1c ./Drivers/STM32F4xx_HAL_Driver/Src/stm32f4xx_hal_pwr.o
                0x0000000008003dd0                HAL_PWR_DisableBkUpAccess
 .text.HAL_RCC_OscConfig
                0x0000000008003dec      0x360 ./Drivers/STM32F4xx_HAL_Driver/Src/stm32f4xx_hal_rcc.o
                0x0000000008003dec                HAL_RCC_OscConfig
 .text.HAL_RCC_GetSysClockFreq
                0x000000000800414c       0x5c ./Drivers/STM32F4xx_HAL_Driver/Src/stm32f4xx_hal_rcc.o
                0x000000000800414c                HAL_RCC_GetSysClockFreq
 .text.HAL_RCC_ClockConfig
                0x00000000080041a8      0x138 ./Drivers/STM32F4xx_HAL_Driver/Src/stm32f4xx_hal_rcc.o
                0x00000000080041a8                HAL_RCC_ClockConfig
 .text.HAL_RCC_GetPCLK1Freq
                0x00000000080042e0       0x20 ./Drivers/STM32F4xx_HAL_Driver/Src/stm32f4xx_hal_rcc.o
                0x00000000080042e0                HAL_RCC_GetPCLK1Freq
 .text.HAL_RCC_GetPCLK2Freq
                0x0000000008004300       0x20 ./Drivers/STM32F4xx_HAL_Driver/Src/stm32f4xx_hal_rcc.o
                0x0000000008004300                HAL_RCC_GetPCLK2Freq
 .text.HAL_RCC_GetClockConfig
                0x0000000008004320       0x3c ./Drivers/STM32F4xx_HAL_Driver/Src/stm32f4xx_hal_rcc.o
                0x0000000008004320                HAL_RCC_GetClockConfig
 .text.TIM_OC1_SetConfig
                0x000000000800435c       0x64 ./Drivers/STM32F4xx_HAL_Driver/Src/stm32f4xx_hal_tim.o
 .text.TIM_OC3_SetConfig
                0x00000000080043c0       0x6c ./Drivers/STM32F4xx_HAL_Driver/Src/stm32f4xx_hal_tim.o
 .text.TIM_OC4_SetConfig
                0x000000000800442c       0x4c ./Drivers/STM32F4xx_HAL_Driver/Src/stm32f4xx_hal_tim.o
 .text.HAL_TIM_Base_Start_IT
                0x0000000008004478       0x74 ./Drivers/STM32F4xx_HAL_Driver/Src/stm32f4xx_hal_tim.o
                0x0000000008004478                HAL_TIM_Base_Start_IT
 .text.HAL_TIM_PWM_MspInit
                0x00000000080044ec        0x2 ./Drivers/STM32F4xx_HAL_Driver/Src/stm32f4xx_hal_tim.o
                0x00000000080044ec                HAL_TIM_PWM_MspInit
 .text.HAL_TIM_IC_MspInit
                0x00000000080044ee        0x2 ./Drivers/STM32F4xx_HAL_Driver/Src/stm32f4xx_hal_tim.o
                0x00000000080044ee                HAL_TIM_IC_MspInit
 .text.HAL_TIM_Encoder_Start
                0x00000000080044f0       0xb6 ./Drivers/STM32F4xx_HAL_Driver/Src/stm32f4xx_hal_tim.o
                0x00000000080044f0                HAL_TIM_Encoder_Start
 .text.HAL_TIM_ReadCapturedValue
                0x00000000080045a6       0x2c ./Drivers/STM32F4xx_HAL_Driver/Src/stm32f4xx_hal_tim.o
                0x00000000080045a6                HAL_TIM_ReadCapturedValue
 .text.HAL_TIM_OC_DelayElapsedCallback
                0x00000000080045d2        0x2 ./Drivers/STM32F4xx_HAL_Driver/Src/stm32f4xx_hal_tim.o
                0x00000000080045d2                HAL_TIM_OC_DelayElapsedCallback
 .text.HAL_TIM_PWM_PulseFinishedCallback
                0x00000000080045d4        0x2 ./Drivers/STM32F4xx_HAL_Driver/Src/stm32f4xx_hal_tim.o
                0x00000000080045d4                HAL_TIM_PWM_PulseFinishedCallback
 .text.HAL_TIM_TriggerCallback
                0x00000000080045d6        0x2 ./Drivers/STM32F4xx_HAL_Driver/Src/stm32f4xx_hal_tim.o
                0x00000000080045d6                HAL_TIM_TriggerCallback
 .text.HAL_TIM_IRQHandler
                0x00000000080045d8      0x144 ./Drivers/STM32F4xx_HAL_Driver/Src/stm32f4xx_hal_tim.o
                0x00000000080045d8                HAL_TIM_IRQHandler
 .text.TIM_Base_SetConfig
                0x000000000800471c       0xcc ./Drivers/STM32F4xx_HAL_Driver/Src/stm32f4xx_hal_tim.o
                0x000000000800471c                TIM_Base_SetConfig
 .text.HAL_TIM_Base_Init
                0x00000000080047e8       0x58 ./Drivers/STM32F4xx_HAL_Driver/Src/stm32f4xx_hal_tim.o
                0x00000000080047e8                HAL_TIM_Base_Init
 .text.HAL_TIM_PWM_Init
                0x0000000008004840       0x58 ./Drivers/STM32F4xx_HAL_Driver/Src/stm32f4xx_hal_tim.o
                0x0000000008004840                HAL_TIM_PWM_Init
 .text.HAL_TIM_IC_Init
                0x0000000008004898       0x58 ./Drivers/STM32F4xx_HAL_Driver/Src/stm32f4xx_hal_tim.o
                0x0000000008004898                HAL_TIM_IC_Init
 .text.HAL_TIM_Encoder_Init
                0x00000000080048f0       0xaa ./Drivers/STM32F4xx_HAL_Driver/Src/stm32f4xx_hal_tim.o
                0x00000000080048f0                HAL_TIM_Encoder_Init
 *fill*         0x000000000800499a        0x2 
 .text.TIM_OC2_SetConfig
                0x000000000800499c       0x6c ./Drivers/STM32F4xx_HAL_Driver/Src/stm32f4xx_hal_tim.o
                0x000000000800499c                TIM_OC2_SetConfig
 .text.HAL_TIM_PWM_ConfigChannel
                0x0000000008004a08       0xb8 ./Drivers/STM32F4xx_HAL_Driver/Src/stm32f4xx_hal_tim.o
                0x0000000008004a08                HAL_TIM_PWM_ConfigChannel
 .text.TIM_TI1_SetConfig
                0x0000000008004ac0       0x74 ./Drivers/STM32F4xx_HAL_Driver/Src/stm32f4xx_hal_tim.o
                0x0000000008004ac0                TIM_TI1_SetConfig
 .text.HAL_TIM_IC_ConfigChannel
                0x0000000008004b34      0x126 ./Drivers/STM32F4xx_HAL_Driver/Src/stm32f4xx_hal_tim.o
                0x0000000008004b34                HAL_TIM_IC_ConfigChannel
 .text.TIM_ETR_SetConfig
                0x0000000008004c5a       0x14 ./Drivers/STM32F4xx_HAL_Driver/Src/stm32f4xx_hal_tim.o
                0x0000000008004c5a                TIM_ETR_SetConfig
 .text.HAL_TIM_ConfigClockSource
                0x0000000008004c6e      0x138 ./Drivers/STM32F4xx_HAL_Driver/Src/stm32f4xx_hal_tim.o
                0x0000000008004c6e                HAL_TIM_ConfigClockSource
 .text.TIM_CCxChannelCmd
                0x0000000008004da6       0x1c ./Drivers/STM32F4xx_HAL_Driver/Src/stm32f4xx_hal_tim.o
                0x0000000008004da6                TIM_CCxChannelCmd
 *fill*         0x0000000008004dc2        0x2 
 .text.HAL_TIM_OC_Start
                0x0000000008004dc4       0xd0 ./Drivers/STM32F4xx_HAL_Driver/Src/stm32f4xx_hal_tim.o
                0x0000000008004dc4                HAL_TIM_OC_Start
 .text.HAL_TIM_PWM_Start
                0x0000000008004e94        0x4 ./Drivers/STM32F4xx_HAL_Driver/Src/stm32f4xx_hal_tim.o
                0x0000000008004e94                HAL_TIM_PWM_Start
 .text.HAL_TIM_IC_Start
                0x0000000008004e98       0xe0 ./Drivers/STM32F4xx_HAL_Driver/Src/stm32f4xx_hal_tim.o
                0x0000000008004e98                HAL_TIM_IC_Start
 .text.HAL_TIMEx_MasterConfigSynchronization
                0x0000000008004f78       0x7c ./Drivers/STM32F4xx_HAL_Driver/Src/stm32f4xx_hal_tim_ex.o
                0x0000000008004f78                HAL_TIMEx_MasterConfigSynchronization
 .text.HAL_TIMEx_ConfigBreakDeadTime
                0x0000000008004ff4       0x4c ./Drivers/STM32F4xx_HAL_Driver/Src/stm32f4xx_hal_tim_ex.o
                0x0000000008004ff4                HAL_TIMEx_ConfigBreakDeadTime
 .text.HAL_TIMEx_CommutCallback
                0x0000000008005040        0x2 ./Drivers/STM32F4xx_HAL_Driver/Src/stm32f4xx_hal_tim_ex.o
                0x0000000008005040                HAL_TIMEx_CommutCallback
 .text.HAL_TIMEx_BreakCallback
                0x0000000008005042        0x2 ./Drivers/STM32F4xx_HAL_Driver/Src/stm32f4xx_hal_tim_ex.o
                0x0000000008005042                HAL_TIMEx_BreakCallback
 .text.UART_EndRxTransfer
                0x0000000008005044       0x5c ./Drivers/STM32F4xx_HAL_Driver/Src/stm32f4xx_hal_uart.o
 .text.UART_SetConfig
                0x00000000080050a0       0xbc ./Drivers/STM32F4xx_HAL_Driver/Src/stm32f4xx_hal_uart.o
 .text.UART_WaitOnFlagUntilTimeout.constprop.0
                0x000000000800515c       0x6c ./Drivers/STM32F4xx_HAL_Driver/Src/stm32f4xx_hal_uart.o
 .text.HAL_UART_Init
                0x00000000080051c8       0x5c ./Drivers/STM32F4xx_HAL_Driver/Src/stm32f4xx_hal_uart.o
                0x00000000080051c8                HAL_UART_Init
 .text.HAL_UART_Transmit
                0x0000000008005224       0xaa ./Drivers/STM32F4xx_HAL_Driver/Src/stm32f4xx_hal_uart.o
                0x0000000008005224                HAL_UART_Transmit
 .text.HAL_UART_TxCpltCallback
                0x00000000080052ce        0x2 ./Drivers/STM32F4xx_HAL_Driver/Src/stm32f4xx_hal_uart.o
                0x00000000080052ce                HAL_UART_TxCpltCallback
 .text.HAL_UART_ErrorCallback
                0x00000000080052d0        0x2 ./Drivers/STM32F4xx_HAL_Driver/Src/stm32f4xx_hal_uart.o
                0x00000000080052d0                HAL_UART_ErrorCallback
 .text.UART_DMAAbortOnError
                0x00000000080052d2       0x10 ./Drivers/STM32F4xx_HAL_Driver/Src/stm32f4xx_hal_uart.o
 .text.HAL_UARTEx_RxEventCallback
                0x00000000080052e2        0x2 ./Drivers/STM32F4xx_HAL_Driver/Src/stm32f4xx_hal_uart.o
                0x00000000080052e2                HAL_UARTEx_RxEventCallback
 .text.UART_Receive_IT.part.0.isra.0
                0x00000000080052e4       0xac ./Drivers/STM32F4xx_HAL_Driver/Src/stm32f4xx_hal_uart.o
 .text.HAL_UART_IRQHandler
                0x0000000008005390      0x2a0 ./Drivers/STM32F4xx_HAL_Driver/Src/stm32f4xx_hal_uart.o
                0x0000000008005390                HAL_UART_IRQHandler
 .text.UART_Start_Receive_IT
                0x0000000008005630       0x32 ./Drivers/STM32F4xx_HAL_Driver/Src/stm32f4xx_hal_uart.o
                0x0000000008005630                UART_Start_Receive_IT
 .text.HAL_UART_Receive_IT
                0x0000000008005662       0x30 ./Drivers/STM32F4xx_HAL_Driver/Src/stm32f4xx_hal_uart.o
                0x0000000008005662                HAL_UART_Receive_IT
 .text.SysTick_Handler
                0x0000000008005692       0x1a ./Middlewares/Third_Party/FreeRTOS/Source/CMSIS_RTOS_V2/cmsis_os2.o
                0x0000000008005692                SysTick_Handler
 .text.osKernelInitialize
                0x00000000080056ac       0x24 ./Middlewares/Third_Party/FreeRTOS/Source/CMSIS_RTOS_V2/cmsis_os2.o
                0x00000000080056ac                osKernelInitialize
 .text.osKernelStart
                0x00000000080056d0       0x34 ./Middlewares/Third_Party/FreeRTOS/Source/CMSIS_RTOS_V2/cmsis_os2.o
                0x00000000080056d0                osKernelStart
 .text.osThreadNew
                0x0000000008005704       0x92 ./Middlewares/Third_Party/FreeRTOS/Source/CMSIS_RTOS_V2/cmsis_os2.o
                0x0000000008005704                osThreadNew
 .text.osDelay  0x0000000008005796       0x18 ./Middlewares/Third_Party/FreeRTOS/Source/CMSIS_RTOS_V2/cmsis_os2.o
                0x0000000008005796                osDelay
 .text.osDelayUntil
                0x00000000080057ae       0x2e ./Middlewares/Third_Party/FreeRTOS/Source/CMSIS_RTOS_V2/cmsis_os2.o
                0x00000000080057ae                osDelayUntil
 .text.vApplicationGetIdleTaskMemory
                0x00000000080057dc       0x18 ./Middlewares/Third_Party/FreeRTOS/Source/CMSIS_RTOS_V2/cmsis_os2.o
                0x00000000080057dc                vApplicationGetIdleTaskMemory
 .text.vApplicationGetTimerTaskMemory
                0x00000000080057f4       0x18 ./Middlewares/Third_Party/FreeRTOS/Source/CMSIS_RTOS_V2/cmsis_os2.o
                0x00000000080057f4                vApplicationGetTimerTaskMemory
 .text.vListInitialise
                0x000000000800580c       0x16 ./Middlewares/Third_Party/FreeRTOS/Source/list.o
                0x000000000800580c                vListInitialise
 .text.vListInitialiseItem
                0x0000000008005822        0x6 ./Middlewares/Third_Party/FreeRTOS/Source/list.o
                0x0000000008005822                vListInitialiseItem
 .text.vListInsertEnd
                0x0000000008005828       0x18 ./Middlewares/Third_Party/FreeRTOS/Source/list.o
                0x0000000008005828                vListInsertEnd
 .text.vListInsert
                0x0000000008005840       0x2e ./Middlewares/Third_Party/FreeRTOS/Source/list.o
                0x0000000008005840                vListInsert
 .text.uxListRemove
                0x000000000800586e       0x20 ./Middlewares/Third_Party/FreeRTOS/Source/list.o
                0x000000000800586e                uxListRemove
 .text.prvIsQueueEmpty
                0x000000000800588e       0x16 ./Middlewares/Third_Party/FreeRTOS/Source/queue.o
 .text.prvCopyDataToQueue
                0x00000000080058a4       0x6a ./Middlewares/Third_Party/FreeRTOS/Source/queue.o
 .text.prvCopyDataFromQueue
                0x000000000800590e       0x2c ./Middlewares/Third_Party/FreeRTOS/Source/queue.o
 .text.prvUnlockQueue
                0x000000000800593a       0x70 ./Middlewares/Third_Party/FreeRTOS/Source/queue.o
 .text.xQueueGenericReset
                0x00000000080059aa       0x7e ./Middlewares/Third_Party/FreeRTOS/Source/queue.o
                0x00000000080059aa                xQueueGenericReset
 .text.xQueueGenericCreateStatic
                0x0000000008005a28       0x9c ./Middlewares/Third_Party/FreeRTOS/Source/queue.o
                0x0000000008005a28                xQueueGenericCreateStatic
 .text.xQueueGenericSend
                0x0000000008005ac4      0x166 ./Middlewares/Third_Party/FreeRTOS/Source/queue.o
                0x0000000008005ac4                xQueueGenericSend
 .text.xQueueGenericSendFromISR
                0x0000000008005c2a       0xc4 ./Middlewares/Third_Party/FreeRTOS/Source/queue.o
                0x0000000008005c2a                xQueueGenericSendFromISR
 .text.xQueueReceive
                0x0000000008005cee      0x13e ./Middlewares/Third_Party/FreeRTOS/Source/queue.o
                0x0000000008005cee                xQueueReceive
 .text.vQueueAddToRegistry
                0x0000000008005e2c       0x24 ./Middlewares/Third_Party/FreeRTOS/Source/queue.o
                0x0000000008005e2c                vQueueAddToRegistry
 .text.vQueueWaitForMessageRestricted
                0x0000000008005e50       0x46 ./Middlewares/Third_Party/FreeRTOS/Source/queue.o
                0x0000000008005e50                vQueueWaitForMessageRestricted
 *fill*         0x0000000008005e96        0x2 
 .text.prvAddNewTaskToReadyList
                0x0000000008005e98      0x100 ./Middlewares/Third_Party/FreeRTOS/Source/tasks.o
 .text.prvAddCurrentTaskToDelayedList
                0x0000000008005f98       0x70 ./Middlewares/Third_Party/FreeRTOS/Source/tasks.o
 .text.prvResetNextTaskUnblockTime
                0x0000000008006008       0x24 ./Middlewares/Third_Party/FreeRTOS/Source/tasks.o
 .text.prvDeleteTCB
                0x000000000800602c       0x36 ./Middlewares/Third_Party/FreeRTOS/Source/tasks.o
 *fill*         0x0000000008006062        0x2 
 .text.prvIdleTask
                0x0000000008006064       0x60 ./Middlewares/Third_Party/FreeRTOS/Source/tasks.o
 .text.prvInitialiseNewTask.constprop.0
                0x00000000080060c4       0x9a ./Middlewares/Third_Party/FreeRTOS/Source/tasks.o
 .text.xTaskCreateStatic
                0x000000000800615e       0x70 ./Middlewares/Third_Party/FreeRTOS/Source/tasks.o
                0x000000000800615e                xTaskCreateStatic
 .text.xTaskCreate
                0x00000000080061ce       0x5a ./Middlewares/Third_Party/FreeRTOS/Source/tasks.o
                0x00000000080061ce                xTaskCreate
 .text.vTaskStartScheduler
                0x0000000008006228       0x8c ./Middlewares/Third_Party/FreeRTOS/Source/tasks.o
                0x0000000008006228                vTaskStartScheduler
 .text.vTaskSuspendAll
                0x00000000080062b4       0x10 ./Middlewares/Third_Party/FreeRTOS/Source/tasks.o
                0x00000000080062b4                vTaskSuspendAll
 .text.xTaskGetTickCount
                0x00000000080062c4        0xc ./Middlewares/Third_Party/FreeRTOS/Source/tasks.o
                0x00000000080062c4                xTaskGetTickCount
 .text.xTaskIncrementTick
                0x00000000080062d0      0x12c ./Middlewares/Third_Party/FreeRTOS/Source/tasks.o
                0x00000000080062d0                xTaskIncrementTick
 .text.xTaskResumeAll
                0x00000000080063fc       0xe8 ./Middlewares/Third_Party/FreeRTOS/Source/tasks.o
                0x00000000080063fc                xTaskResumeAll
 .text.vTaskDelayUntil
                0x00000000080064e4       0x90 ./Middlewares/Third_Party/FreeRTOS/Source/tasks.o
                0x00000000080064e4                vTaskDelayUntil
 .text.vTaskDelay
                0x0000000008006574       0x48 ./Middlewares/Third_Party/FreeRTOS/Source/tasks.o
                0x0000000008006574                vTaskDelay
 .text.vTaskSwitchContext
                0x00000000080065bc       0x74 ./Middlewares/Third_Party/FreeRTOS/Source/tasks.o
                0x00000000080065bc                vTaskSwitchContext
 .text.vTaskPlaceOnEventList
                0x0000000008006630       0x34 ./Middlewares/Third_Party/FreeRTOS/Source/tasks.o
                0x0000000008006630                vTaskPlaceOnEventList
 .text.vTaskPlaceOnEventListRestricted
                0x0000000008006664       0x3c ./Middlewares/Third_Party/FreeRTOS/Source/tasks.o
                0x0000000008006664                vTaskPlaceOnEventListRestricted
 .text.xTaskRemoveFromEventList
                0x00000000080066a0       0x88 ./Middlewares/Third_Party/FreeRTOS/Source/tasks.o
                0x00000000080066a0                xTaskRemoveFromEventList
 .text.vTaskInternalSetTimeOutState
                0x0000000008006728       0x18 ./Middlewares/Third_Party/FreeRTOS/Source/tasks.o
                0x0000000008006728                vTaskInternalSetTimeOutState
 .text.xTaskCheckForTimeOut
                0x0000000008006740       0x78 ./Middlewares/Third_Party/FreeRTOS/Source/tasks.o
                0x0000000008006740                xTaskCheckForTimeOut
 .text.vTaskMissedYield
                0x00000000080067b8        0xc ./Middlewares/Third_Party/FreeRTOS/Source/tasks.o
                0x00000000080067b8                vTaskMissedYield
 .text.xTaskGetSchedulerState
                0x00000000080067c4       0x20 ./Middlewares/Third_Party/FreeRTOS/Source/tasks.o
                0x00000000080067c4                xTaskGetSchedulerState
 .text.xTaskPriorityDisinherit
                0x00000000080067e4       0x88 ./Middlewares/Third_Party/FreeRTOS/Source/tasks.o
                0x00000000080067e4                xTaskPriorityDisinherit
 .text.prvCheckForValidListAndQueue
                0x000000000800686c       0x68 ./Middlewares/Third_Party/FreeRTOS/Source/timers.o
 .text.prvInsertTimerInActiveList
                0x00000000080068d4       0x3c ./Middlewares/Third_Party/FreeRTOS/Source/timers.o
 .text.xTimerCreateTimerTask
                0x0000000008006910       0x64 ./Middlewares/Third_Party/FreeRTOS/Source/timers.o
                0x0000000008006910                xTimerCreateTimerTask
 .text.xTimerGenericCommand
                0x0000000008006974       0x58 ./Middlewares/Third_Party/FreeRTOS/Source/timers.o
                0x0000000008006974                xTimerGenericCommand
 .text.prvSampleTimeNow
                0x00000000080069cc       0xac ./Middlewares/Third_Party/FreeRTOS/Source/timers.o
 .text.prvTimerTask
                0x0000000008006a78      0x1cc ./Middlewares/Third_Party/FreeRTOS/Source/timers.o
 .text.prvPortStartFirstTask
                0x0000000008006c44       0x28 ./Middlewares/Third_Party/FreeRTOS/Source/portable/GCC/ARM_CM4F/port.o
 .text.vPortEnableVFP
                0x0000000008006c6c       0x14 ./Middlewares/Third_Party/FreeRTOS/Source/portable/GCC/ARM_CM4F/port.o
 .text.prvTaskExitError
                0x0000000008006c80       0x40 ./Middlewares/Third_Party/FreeRTOS/Source/portable/GCC/ARM_CM4F/port.o
 .text.pxPortInitialiseStack
                0x0000000008006cc0       0x2c ./Middlewares/Third_Party/FreeRTOS/Source/portable/GCC/ARM_CM4F/port.o
                0x0000000008006cc0                pxPortInitialiseStack
 *fill*         0x0000000008006cec        0x4 
 .text.SVC_Handler
                0x0000000008006cf0       0x24 ./Middlewares/Third_Party/FreeRTOS/Source/portable/GCC/ARM_CM4F/port.o
                0x0000000008006cf0                SVC_Handler
 .text.vPortEnterCritical
                0x0000000008006d14       0x40 ./Middlewares/Third_Party/FreeRTOS/Source/portable/GCC/ARM_CM4F/port.o
                0x0000000008006d14                vPortEnterCritical
 .text.vPortExitCritical
                0x0000000008006d54       0x28 ./Middlewares/Third_Party/FreeRTOS/Source/portable/GCC/ARM_CM4F/port.o
                0x0000000008006d54                vPortExitCritical
 *fill*         0x0000000008006d7c        0x4 
 .text.PendSV_Handler
                0x0000000008006d80       0x64 ./Middlewares/Third_Party/FreeRTOS/Source/portable/GCC/ARM_CM4F/port.o
                0x0000000008006d80                PendSV_Handler
 .text.xPortSysTickHandler
                0x0000000008006de4       0x2c ./Middlewares/Third_Party/FreeRTOS/Source/portable/GCC/ARM_CM4F/port.o
                0x0000000008006de4                xPortSysTickHandler
 .text.vPortSetupTimerInterrupt
                0x0000000008006e10       0x24 ./Middlewares/Third_Party/FreeRTOS/Source/portable/GCC/ARM_CM4F/port.o
                0x0000000008006e10                vPortSetupTimerInterrupt
 .text.xPortStartScheduler
                0x0000000008006e34      0x10c ./Middlewares/Third_Party/FreeRTOS/Source/portable/GCC/ARM_CM4F/port.o
                0x0000000008006e34                xPortStartScheduler
 .text.vPortValidateInterruptPriority
                0x0000000008006f40       0x5c ./Middlewares/Third_Party/FreeRTOS/Source/portable/GCC/ARM_CM4F/port.o
                0x0000000008006f40                vPortValidateInterruptPriority
 .text.prvInsertBlockIntoFreeList
                0x0000000008006f9c       0x48 ./Middlewares/Third_Party/FreeRTOS/Source/portable/MemMang/heap_4.o
 .text.pvPortMalloc
                0x0000000008006fe4      0x130 ./Middlewares/Third_Party/FreeRTOS/Source/portable/MemMang/heap_4.o
                0x0000000008006fe4                pvPortMalloc
 .text.vPortFree
                0x0000000008007114       0x7c ./Middlewares/Third_Party/FreeRTOS/Source/portable/MemMang/heap_4.o
                0x0000000008007114                vPortFree
 .text.OLED_WR_Byte
                0x0000000008007190       0x5c ./PeripheralDriver/Src/oled.o
                0x0000000008007190                OLED_WR_Byte
 .text.OLED_Refresh_Gram
                0x00000000080071ec       0x44 ./PeripheralDriver/Src/oled.o
                0x00000000080071ec                OLED_Refresh_Gram
 .text.OLED_Clear
                0x0000000008007230       0x28 ./PeripheralDriver/Src/oled.o
                0x0000000008007230                OLED_Clear
 .text.OLED_DrawPoint
                0x0000000008007258       0x3c ./PeripheralDriver/Src/oled.o
                0x0000000008007258                OLED_DrawPoint
 .text.OLED_ShowChar
                0x0000000008007294       0x90 ./PeripheralDriver/Src/oled.o
                0x0000000008007294                OLED_ShowChar
 .text.OLED_ShowString
                0x0000000008007324       0x3e ./PeripheralDriver/Src/oled.o
                0x0000000008007324                OLED_ShowString
 *fill*         0x0000000008007362        0x2 
 .text.OLED_Init
                0x0000000008007364      0x110 ./PeripheralDriver/Src/oled.o
                0x0000000008007364                OLED_Init
 .text.__errno  0x0000000008007474        0xc c:/st/stm32cubeide_1.10.1/stm32cubeide/plugins/com.st.stm32cube.ide.mcu.externaltools.gnu-tools-for-stm32.10.3-2021.10.win32_1.0.0.202111181127/tools/bin/../lib/gcc/arm-none-eabi/10.3.1/../../../../arm-none-eabi/lib/thumb/v7e-m+fp/hard\libc_nano.a(lib_a-errno.o)
                0x0000000008007474                __errno
 .text.__libc_init_array
                0x0000000008007480       0x48 c:/st/stm32cubeide_1.10.1/stm32cubeide/plugins/com.st.stm32cube.ide.mcu.externaltools.gnu-tools-for-stm32.10.3-2021.10.win32_1.0.0.202111181127/tools/bin/../lib/gcc/arm-none-eabi/10.3.1/../../../../arm-none-eabi/lib/thumb/v7e-m+fp/hard\libc_nano.a(lib_a-init.o)
                0x0000000008007480                __libc_init_array
 .text.memcpy   0x00000000080074c8       0x1c c:/st/stm32cubeide_1.10.1/stm32cubeide/plugins/com.st.stm32cube.ide.mcu.externaltools.gnu-tools-for-stm32.10.3-2021.10.win32_1.0.0.202111181127/tools/bin/../lib/gcc/arm-none-eabi/10.3.1/../../../../arm-none-eabi/lib/thumb/v7e-m+fp/hard\libc_nano.a(lib_a-memcpy-stub.o)
                0x00000000080074c8                memcpy
 .text.memset   0x00000000080074e4       0x10 c:/st/stm32cubeide_1.10.1/stm32cubeide/plugins/com.st.stm32cube.ide.mcu.externaltools.gnu-tools-for-stm32.10.3-2021.10.win32_1.0.0.202111181127/tools/bin/../lib/gcc/arm-none-eabi/10.3.1/../../../../arm-none-eabi/lib/thumb/v7e-m+fp/hard\libc_nano.a(lib_a-memset.o)
                0x00000000080074e4                memset
 .text.sprintf  0x00000000080074f4       0x40 c:/st/stm32cubeide_1.10.1/stm32cubeide/plugins/com.st.stm32cube.ide.mcu.externaltools.gnu-tools-for-stm32.10.3-2021.10.win32_1.0.0.202111181127/tools/bin/../lib/gcc/arm-none-eabi/10.3.1/../../../../arm-none-eabi/lib/thumb/v7e-m+fp/hard\libc_nano.a(lib_a-sprintf.o)
                0x00000000080074f4                siprintf
                0x00000000080074f4                sprintf
 .text.__ssputs_r
                0x0000000008007534       0xb6 c:/st/stm32cubeide_1.10.1/stm32cubeide/plugins/com.st.stm32cube.ide.mcu.externaltools.gnu-tools-for-stm32.10.3-2021.10.win32_1.0.0.202111181127/tools/bin/../lib/gcc/arm-none-eabi/10.3.1/../../../../arm-none-eabi/lib/thumb/v7e-m+fp/hard\libc_nano.a(lib_a-nano-svfprintf.o)
                0x0000000008007534                __ssputs_r
 *fill*         0x00000000080075ea        0x2 
 .text._svfprintf_r
                0x00000000080075ec      0x200 c:/st/stm32cubeide_1.10.1/stm32cubeide/plugins/com.st.stm32cube.ide.mcu.externaltools.gnu-tools-for-stm32.10.3-2021.10.win32_1.0.0.202111181127/tools/bin/../lib/gcc/arm-none-eabi/10.3.1/../../../../arm-none-eabi/lib/thumb/v7e-m+fp/hard\libc_nano.a(lib_a-nano-svfprintf.o)
                0x00000000080075ec                _svfiprintf_r
                0x00000000080075ec                _svfprintf_r
 .text._printf_common
                0x00000000080077ec       0xda c:/st/stm32cubeide_1.10.1/stm32cubeide/plugins/com.st.stm32cube.ide.mcu.externaltools.gnu-tools-for-stm32.10.3-2021.10.win32_1.0.0.202111181127/tools/bin/../lib/gcc/arm-none-eabi/10.3.1/../../../../arm-none-eabi/lib/thumb/v7e-m+fp/hard\libc_nano.a(lib_a-nano-vfprintf_i.o)
                0x00000000080077ec                _printf_common
 *fill*         0x00000000080078c6        0x2 
 .text._printf_i
                0x00000000080078c8      0x24c c:/st/stm32cubeide_1.10.1/stm32cubeide/plugins/com.st.stm32cube.ide.mcu.externaltools.gnu-tools-for-stm32.10.3-2021.10.win32_1.0.0.202111181127/tools/bin/../lib/gcc/arm-none-eabi/10.3.1/../../../../arm-none-eabi/lib/thumb/v7e-m+fp/hard\libc_nano.a(lib_a-nano-vfprintf_i.o)
                0x00000000080078c8                _printf_i
 .text.memmove  0x0000000008007b14       0x34 c:/st/stm32cubeide_1.10.1/stm32cubeide/plugins/com.st.stm32cube.ide.mcu.externaltools.gnu-tools-for-stm32.10.3-2021.10.win32_1.0.0.202111181127/tools/bin/../lib/gcc/arm-none-eabi/10.3.1/../../../../arm-none-eabi/lib/thumb/v7e-m+fp/hard\libc_nano.a(lib_a-memmove.o)
                0x0000000008007b14                memmove
 .text._free_r  0x0000000008007b48       0x98 c:/st/stm32cubeide_1.10.1/stm32cubeide/plugins/com.st.stm32cube.ide.mcu.externaltools.gnu-tools-for-stm32.10.3-2021.10.win32_1.0.0.202111181127/tools/bin/../lib/gcc/arm-none-eabi/10.3.1/../../../../arm-none-eabi/lib/thumb/v7e-m+fp/hard\libc_nano.a(lib_a-nano-freer.o)
                0x0000000008007b48                _free_r
 .text.sbrk_aligned
                0x0000000008007be0       0x40 c:/st/stm32cubeide_1.10.1/stm32cubeide/plugins/com.st.stm32cube.ide.mcu.externaltools.gnu-tools-for-stm32.10.3-2021.10.win32_1.0.0.202111181127/tools/bin/../lib/gcc/arm-none-eabi/10.3.1/../../../../arm-none-eabi/lib/thumb/v7e-m+fp/hard\libc_nano.a(lib_a-nano-mallocr.o)
 .text._malloc_r
                0x0000000008007c20       0xe8 c:/st/stm32cubeide_1.10.1/stm32cubeide/plugins/com.st.stm32cube.ide.mcu.externaltools.gnu-tools-for-stm32.10.3-2021.10.win32_1.0.0.202111181127/tools/bin/../lib/gcc/arm-none-eabi/10.3.1/../../../../arm-none-eabi/lib/thumb/v7e-m+fp/hard\libc_nano.a(lib_a-nano-mallocr.o)
                0x0000000008007c20                _malloc_r
 .text._realloc_r
                0x0000000008007d08       0x5e c:/st/stm32cubeide_1.10.1/stm32cubeide/plugins/com.st.stm32cube.ide.mcu.externaltools.gnu-tools-for-stm32.10.3-2021.10.win32_1.0.0.202111181127/tools/bin/../lib/gcc/arm-none-eabi/10.3.1/../../../../arm-none-eabi/lib/thumb/v7e-m+fp/hard\libc_nano.a(lib_a-nano-reallocr.o)
                0x0000000008007d08                _realloc_r
 *fill*         0x0000000008007d66        0x2 
 .text._sbrk_r  0x0000000008007d68       0x20 c:/st/stm32cubeide_1.10.1/stm32cubeide/plugins/com.st.stm32cube.ide.mcu.externaltools.gnu-tools-for-stm32.10.3-2021.10.win32_1.0.0.202111181127/tools/bin/../lib/gcc/arm-none-eabi/10.3.1/../../../../arm-none-eabi/lib/thumb/v7e-m+fp/hard\libc_nano.a(lib_a-sbrkr.o)
                0x0000000008007d68                _sbrk_r
 .text.__malloc_lock
                0x0000000008007d88        0xc c:/st/stm32cubeide_1.10.1/stm32cubeide/plugins/com.st.stm32cube.ide.mcu.externaltools.gnu-tools-for-stm32.10.3-2021.10.win32_1.0.0.202111181127/tools/bin/../lib/gcc/arm-none-eabi/10.3.1/../../../../arm-none-eabi/lib/thumb/v7e-m+fp/hard\libc_nano.a(lib_a-mlock.o)
                0x0000000008007d88                __malloc_lock
 .text.__malloc_unlock
                0x0000000008007d94        0xc c:/st/stm32cubeide_1.10.1/stm32cubeide/plugins/com.st.stm32cube.ide.mcu.externaltools.gnu-tools-for-stm32.10.3-2021.10.win32_1.0.0.202111181127/tools/bin/../lib/gcc/arm-none-eabi/10.3.1/../../../../arm-none-eabi/lib/thumb/v7e-m+fp/hard\libc_nano.a(lib_a-mlock.o)
                0x0000000008007d94                __malloc_unlock
 .text._malloc_usable_size_r
                0x0000000008007da0       0x10 c:/st/stm32cubeide_1.10.1/stm32cubeide/plugins/com.st.stm32cube.ide.mcu.externaltools.gnu-tools-for-stm32.10.3-2021.10.win32_1.0.0.202111181127/tools/bin/../lib/gcc/arm-none-eabi/10.3.1/../../../../arm-none-eabi/lib/thumb/v7e-m+fp/hard\libc_nano.a(lib_a-nano-msizer.o)
                0x0000000008007da0                _malloc_usable_size_r
 .text.__retarget_lock_acquire_recursive
                0x0000000008007db0        0x2 c:/st/stm32cubeide_1.10.1/stm32cubeide/plugins/com.st.stm32cube.ide.mcu.externaltools.gnu-tools-for-stm32.10.3-2021.10.win32_1.0.0.202111181127/tools/bin/../lib/gcc/arm-none-eabi/10.3.1/../../../../arm-none-eabi/lib/thumb/v7e-m+fp/hard\libc_nano.a(lib_a-lock.o)
                0x0000000008007db0                __retarget_lock_acquire_recursive
 .text.__retarget_lock_release_recursive
                0x0000000008007db2        0x2 c:/st/stm32cubeide_1.10.1/stm32cubeide/plugins/com.st.stm32cube.ide.mcu.externaltools.gnu-tools-for-stm32.10.3-2021.10.win32_1.0.0.202111181127/tools/bin/../lib/gcc/arm-none-eabi/10.3.1/../../../../arm-none-eabi/lib/thumb/v7e-m+fp/hard\libc_nano.a(lib_a-lock.o)
                0x0000000008007db2                __retarget_lock_release_recursive
 .text.roundf   0x0000000008007db4       0x48 c:/st/stm32cubeide_1.10.1/stm32cubeide/plugins/com.st.stm32cube.ide.mcu.externaltools.gnu-tools-for-stm32.10.3-2021.10.win32_1.0.0.202111181127/tools/bin/../lib/gcc/arm-none-eabi/10.3.1/../../../../arm-none-eabi/lib/thumb/v7e-m+fp/hard\libm.a(lib_a-sf_round.o)
                0x0000000008007db4                roundf
 *fill*         0x0000000008007dfc        0x4 
 .text.log      0x0000000008007e00       0x7c c:/st/stm32cubeide_1.10.1/stm32cubeide/plugins/com.st.stm32cube.ide.mcu.externaltools.gnu-tools-for-stm32.10.3-2021.10.win32_1.0.0.202111181127/tools/bin/../lib/gcc/arm-none-eabi/10.3.1/../../../../arm-none-eabi/lib/thumb/v7e-m+fp/hard\libm.a(lib_a-w_log.o)
                0x0000000008007e00                log
 *fill*         0x0000000008007e7c        0x4 
 .text.__ieee754_log
                0x0000000008007e80      0x374 c:/st/stm32cubeide_1.10.1/stm32cubeide/plugins/com.st.stm32cube.ide.mcu.externaltools.gnu-tools-for-stm32.10.3-2021.10.win32_1.0.0.202111181127/tools/bin/../lib/gcc/arm-none-eabi/10.3.1/../../../../arm-none-eabi/lib/thumb/v7e-m+fp/hard\libm.a(lib_a-e_log.o)
                0x0000000008007e80                __ieee754_log
 *fill*         0x00000000080081f4        0x4 
 .text.nan      0x00000000080081f8       0x10 c:/st/stm32cubeide_1.10.1/stm32cubeide/plugins/com.st.stm32cube.ide.mcu.externaltools.gnu-tools-for-stm32.10.3-2021.10.win32_1.0.0.202111181127/tools/bin/../lib/gcc/arm-none-eabi/10.3.1/../../../../arm-none-eabi/lib/thumb/v7e-m+fp/hard\libm.a(lib_a-s_nan.o)
                0x00000000080081f8                nan
 *(.glue_7)
 .glue_7        0x0000000008008208        0x0 linker stubs
 *(.glue_7t)
 .glue_7t       0x0000000008008208        0x0 linker stubs
 *(.eh_frame)
 .eh_frame      0x0000000008008208        0x0 c:/st/stm32cubeide_1.10.1/stm32cubeide/plugins/com.st.stm32cube.ide.mcu.externaltools.gnu-tools-for-stm32.10.3-2021.10.win32_1.0.0.202111181127/tools/bin/../lib/gcc/arm-none-eabi/10.3.1/thumb/v7e-m+fp/hard/crtbegin.o
 *(.init)
 .init          0x0000000008008208        0x4 c:/st/stm32cubeide_1.10.1/stm32cubeide/plugins/com.st.stm32cube.ide.mcu.externaltools.gnu-tools-for-stm32.10.3-2021.10.win32_1.0.0.202111181127/tools/bin/../lib/gcc/arm-none-eabi/10.3.1/thumb/v7e-m+fp/hard/crti.o
                0x0000000008008208                _init
 .init          0x000000000800820c        0x8 c:/st/stm32cubeide_1.10.1/stm32cubeide/plugins/com.st.stm32cube.ide.mcu.externaltools.gnu-tools-for-stm32.10.3-2021.10.win32_1.0.0.202111181127/tools/bin/../lib/gcc/arm-none-eabi/10.3.1/thumb/v7e-m+fp/hard/crtn.o
 *(.fini)
 .fini          0x0000000008008214        0x4 c:/st/stm32cubeide_1.10.1/stm32cubeide/plugins/com.st.stm32cube.ide.mcu.externaltools.gnu-tools-for-stm32.10.3-2021.10.win32_1.0.0.202111181127/tools/bin/../lib/gcc/arm-none-eabi/10.3.1/thumb/v7e-m+fp/hard/crti.o
                0x0000000008008214                _fini
 .fini          0x0000000008008218        0x8 c:/st/stm32cubeide_1.10.1/stm32cubeide/plugins/com.st.stm32cube.ide.mcu.externaltools.gnu-tools-for-stm32.10.3-2021.10.win32_1.0.0.202111181127/tools/bin/../lib/gcc/arm-none-eabi/10.3.1/thumb/v7e-m+fp/hard/crtn.o
                0x0000000008008220                . = ALIGN (0x4)
                0x0000000008008220                _etext = .

.vfp11_veneer   0x0000000008008220        0x0
 .vfp11_veneer  0x0000000008008220        0x0 linker stubs

.v4_bx          0x0000000008008220        0x0
 .v4_bx         0x0000000008008220        0x0 linker stubs

.iplt           0x0000000008008220        0x0
 .iplt          0x0000000008008220        0x0 c:/st/stm32cubeide_1.10.1/stm32cubeide/plugins/com.st.stm32cube.ide.mcu.externaltools.gnu-tools-for-stm32.10.3-2021.10.win32_1.0.0.202111181127/tools/bin/../lib/gcc/arm-none-eabi/10.3.1/thumb/v7e-m+fp/hard/crtbegin.o

.rodata         0x0000000008008220      0xbe0
                0x0000000008008220                . = ALIGN (0x4)
 *(.rodata)
 *(.rodata*)
 .rodata.StartDefaultTask.str1.1
                0x0000000008008220       0x26 ./Core/Src/main.o
 .rodata.str1.1
                0x0000000008008246       0x3a ./Core/Src/main.o
 .rodata.EncoderTask_attributes
                0x0000000008008280       0x24 ./Core/Src/main.o
                0x0000000008008280                EncoderTask_attributes
 .rodata.GyroTask_attributes
                0x00000000080082a4       0x24 ./Core/Src/main.o
                0x00000000080082a4                GyroTask_attributes
 .rodata.MotorTask_attributes
                0x00000000080082c8       0x24 ./Core/Src/main.o
                0x00000000080082c8                MotorTask_attributes
 .rodata.UltrasoundTask_attributes
                0x00000000080082ec       0x24 ./Core/Src/main.o
                0x00000000080082ec                UltrasoundTask_attributes
 .rodata.defaultTask_attributes
                0x0000000008008310       0x24 ./Core/Src/main.o
                0x0000000008008310                defaultTask_attributes
 .rodata.AHBPrescTable
                0x0000000008008334       0x10 ./Core/Src/system_stm32f4xx.o
                0x0000000008008334                AHBPrescTable
 .rodata.APBPrescTable
                0x0000000008008344        0x8 ./Core/Src/system_stm32f4xx.o
                0x0000000008008344                APBPrescTable
 .rodata.flagBitshiftOffset.0
                0x000000000800834c        0x8 ./Drivers/STM32F4xx_HAL_Driver/Src/stm32f4xx_hal_dma.o
 .rodata.vTaskStartScheduler.str1.1
                0x0000000008008354        0x5 ./Middlewares/Third_Party/FreeRTOS/Source/tasks.o
 .rodata.prvCheckForValidListAndQueue.str1.1
                0x0000000008008359        0x5 ./Middlewares/Third_Party/FreeRTOS/Source/timers.o
 .rodata.xTimerCreateTimerTask.str1.1
                0x000000000800835e        0x8 ./Middlewares/Third_Party/FreeRTOS/Source/timers.o
 .rodata.oled_asc2_1206
                0x0000000008008366      0x474 ./PeripheralDriver/Src/oled.o
                0x0000000008008366                oled_asc2_1206
 .rodata.oled_asc2_1608
                0x00000000080087da      0x5f0 ./PeripheralDriver/Src/oled.o
                0x00000000080087da                oled_asc2_1608
 .rodata._svfprintf_r.str1.1
                0x0000000008008dca       0x11 c:/st/stm32cubeide_1.10.1/stm32cubeide/plugins/com.st.stm32cube.ide.mcu.externaltools.gnu-tools-for-stm32.10.3-2021.10.win32_1.0.0.202111181127/tools/bin/../lib/gcc/arm-none-eabi/10.3.1/../../../../arm-none-eabi/lib/thumb/v7e-m+fp/hard\libc_nano.a(lib_a-nano-svfprintf.o)
 .rodata._printf_i.str1.1
                0x0000000008008ddb       0x22 c:/st/stm32cubeide_1.10.1/stm32cubeide/plugins/com.st.stm32cube.ide.mcu.externaltools.gnu-tools-for-stm32.10.3-2021.10.win32_1.0.0.202111181127/tools/bin/../lib/gcc/arm-none-eabi/10.3.1/../../../../arm-none-eabi/lib/thumb/v7e-m+fp/hard\libc_nano.a(lib_a-nano-vfprintf_i.o)
 .rodata.log.str1.1
                0x0000000008008dfd       0x22 c:/st/stm32cubeide_1.10.1/stm32cubeide/plugins/com.st.stm32cube.ide.mcu.externaltools.gnu-tools-for-stm32.10.3-2021.10.win32_1.0.0.202111181127/tools/bin/../lib/gcc/arm-none-eabi/10.3.1/../../../../arm-none-eabi/lib/thumb/v7e-m+fp/hard\libm.a(lib_a-w_log.o)
                                          0x1 (size before relaxing)
                0x0000000008008e20                . = ALIGN (0x4)
 *fill*         0x0000000008008dfd        0x3 

.ARM.extab      0x0000000008008e00        0x0
                0x0000000008008e00                . = ALIGN (0x4)
 *(.ARM.extab* .gnu.linkonce.armextab.*)
                0x0000000008008e00                . = ALIGN (0x4)

.ARM            0x0000000008008e00        0x8
                0x0000000008008e00                . = ALIGN (0x4)
                0x0000000008008e00                __exidx_start = .
 *(.ARM.exidx*)
 .ARM.exidx     0x0000000008008e00        0x8 c:/st/stm32cubeide_1.10.1/stm32cubeide/plugins/com.st.stm32cube.ide.mcu.externaltools.gnu-tools-for-stm32.10.3-2021.10.win32_1.0.0.202111181127/tools/bin/../lib/gcc/arm-none-eabi/10.3.1/thumb/v7e-m+fp/hard\libgcc.a(_udivmoddi4.o)
                0x0000000008008e08                __exidx_end = .
                0x0000000008008e08                . = ALIGN (0x4)

.rel.dyn        0x0000000008008e08        0x0
 .rel.iplt      0x0000000008008e08        0x0 c:/st/stm32cubeide_1.10.1/stm32cubeide/plugins/com.st.stm32cube.ide.mcu.externaltools.gnu-tools-for-stm32.10.3-2021.10.win32_1.0.0.202111181127/tools/bin/../lib/gcc/arm-none-eabi/10.3.1/thumb/v7e-m+fp/hard/crtbegin.o

.preinit_array  0x0000000008008e08        0x0
                0x0000000008008e08                . = ALIGN (0x4)
                0x0000000008008e08                PROVIDE (__preinit_array_start = .)
 *(.preinit_array*)
                0x0000000008008e08                PROVIDE (__preinit_array_end = .)
                0x0000000008008e08                . = ALIGN (0x4)

.init_array     0x0000000008008e08        0x4
                0x0000000008008e08                . = ALIGN (0x4)
                0x0000000008008e08                PROVIDE (__init_array_start = .)
 *(SORT_BY_NAME(.init_array.*))
 *(.init_array*)
 .init_array    0x0000000008008e08        0x4 c:/st/stm32cubeide_1.10.1/stm32cubeide/plugins/com.st.stm32cube.ide.mcu.externaltools.gnu-tools-for-stm32.10.3-2021.10.win32_1.0.0.202111181127/tools/bin/../lib/gcc/arm-none-eabi/10.3.1/thumb/v7e-m+fp/hard/crtbegin.o
                0x0000000008008e0c                PROVIDE (__init_array_end = .)
                0x0000000008008e0c                . = ALIGN (0x4)

.fini_array     0x0000000008008e0c        0x4
                0x0000000008008e0c                . = ALIGN (0x4)
                [!provide]                        PROVIDE (__fini_array_start = .)
 *(SORT_BY_NAME(.fini_array.*))
 *(.fini_array*)
 .fini_array    0x0000000008008e0c        0x4 c:/st/stm32cubeide_1.10.1/stm32cubeide/plugins/com.st.stm32cube.ide.mcu.externaltools.gnu-tools-for-stm32.10.3-2021.10.win32_1.0.0.202111181127/tools/bin/../lib/gcc/arm-none-eabi/10.3.1/thumb/v7e-m+fp/hard/crtbegin.o
                [!provide]                        PROVIDE (__fini_array_end = .)
                0x0000000008008e10                . = ALIGN (0x4)
                0x0000000008008e10                _sidata = LOADADDR (.data)

.data           0x0000000020000000       0x88 load address 0x0000000008008e10
                0x0000000020000000                . = ALIGN (0x4)
                0x0000000020000000                _sdata = .
 *(.data)
 *(.data*)
 .data.ICMAddr  0x0000000020000000        0x1 ./Core/Src/main.o
                0x0000000020000000                ICMAddr
 *fill*         0x0000000020000001        0x3 
 .data.SPEED    0x0000000020000004        0x4 ./Core/Src/main.o
                0x0000000020000004                SPEED
 .data.dir      0x0000000020000008        0x4 ./Core/Src/main.o
                0x0000000020000008                dir
 .data.progress
                0x000000002000000c        0x4 ./Core/Src/main.o
                0x000000002000000c                progress
 .data.turnSPEED
                0x0000000020000010        0x4 ./Core/Src/main.o
                0x0000000020000010                turnSPEED
 .data.SystemCoreClock
                0x0000000020000014        0x4 ./Core/Src/system_stm32f4xx.o
                0x0000000020000014                SystemCoreClock
 .data.uwTickFreq
                0x0000000020000018        0x1 ./Drivers/STM32F4xx_HAL_Driver/Src/stm32f4xx_hal.o
                0x0000000020000018                uwTickFreq
 *fill*         0x0000000020000019        0x3 
 .data.uwTickPrio
                0x000000002000001c        0x4 ./Drivers/STM32F4xx_HAL_Driver/Src/stm32f4xx_hal.o
                0x000000002000001c                uwTickPrio
 .data.uxCriticalNesting
                0x0000000020000020        0x4 ./Middlewares/Third_Party/FreeRTOS/Source/portable/GCC/ARM_CM4F/port.o
 .data._impure_ptr
                0x0000000020000024        0x4 c:/st/stm32cubeide_1.10.1/stm32cubeide/plugins/com.st.stm32cube.ide.mcu.externaltools.gnu-tools-for-stm32.10.3-2021.10.win32_1.0.0.202111181127/tools/bin/../lib/gcc/arm-none-eabi/10.3.1/../../../../arm-none-eabi/lib/thumb/v7e-m+fp/hard\libc_nano.a(lib_a-impure.o)
                0x0000000020000024                _impure_ptr
 .data.impure_data
                0x0000000020000028       0x60 c:/st/stm32cubeide_1.10.1/stm32cubeide/plugins/com.st.stm32cube.ide.mcu.externaltools.gnu-tools-for-stm32.10.3-2021.10.win32_1.0.0.202111181127/tools/bin/../lib/gcc/arm-none-eabi/10.3.1/../../../../arm-none-eabi/lib/thumb/v7e-m+fp/hard\libc_nano.a(lib_a-impure.o)
 *(.RamFunc)
 *(.RamFunc*)
                0x0000000020000088                . = ALIGN (0x4)
                0x0000000020000088                _edata = .
                0x0000000008008e98                _siccmram = LOADADDR (.ccmram)

.igot.plt       0x0000000020000088        0x0 load address 0x0000000008008e98
 .igot.plt      0x0000000020000088        0x0 c:/st/stm32cubeide_1.10.1/stm32cubeide/plugins/com.st.stm32cube.ide.mcu.externaltools.gnu-tools-for-stm32.10.3-2021.10.win32_1.0.0.202111181127/tools/bin/../lib/gcc/arm-none-eabi/10.3.1/thumb/v7e-m+fp/hard/crtbegin.o

.ccmram         0x0000000010000000        0x0 load address 0x0000000008008e98
                0x0000000010000000                . = ALIGN (0x4)
                0x0000000010000000                _sccmram = .
 *(.ccmram)
 *(.ccmram*)
                0x0000000010000000                . = ALIGN (0x4)
                0x0000000010000000                _eccmram = .
                0x0000000010000000                . = ALIGN (0x4)

.bss            0x0000000020000088     0x5178
                0x0000000020000088                _sbss = .
                0x0000000020000088                __bss_start__ = _sbss
 *(.bss)
 .bss           0x0000000020000088       0x1c c:/st/stm32cubeide_1.10.1/stm32cubeide/plugins/com.st.stm32cube.ide.mcu.externaltools.gnu-tools-for-stm32.10.3-2021.10.win32_1.0.0.202111181127/tools/bin/../lib/gcc/arm-none-eabi/10.3.1/thumb/v7e-m+fp/hard/crtbegin.o
 *(.bss*)
 .bss.Difference
                0x00000000200000a4        0x4 ./Core/Src/main.o
                0x00000000200000a4                Difference
 .bss.EncoderTaskHandle
                0x00000000200000a8        0x4 ./Core/Src/main.o
                0x00000000200000a8                EncoderTaskHandle
 .bss.GyroTaskHandle
                0x00000000200000ac        0x4 ./Core/Src/main.o
                0x00000000200000ac                GyroTaskHandle
 .bss.IC_Val1   0x00000000200000b0        0x4 ./Core/Src/main.o
                0x00000000200000b0                IC_Val1
 .bss.IC_Val2   0x00000000200000b4        0x4 ./Core/Src/main.o
                0x00000000200000b4                IC_Val2
 .bss.Is_First_Captured
                0x00000000200000b8        0x1 ./Core/Src/main.o
                0x00000000200000b8                Is_First_Captured
 *fill*         0x00000000200000b9        0x3 
 .bss.MotorTaskHandle
                0x00000000200000bc        0x4 ./Core/Src/main.o
                0x00000000200000bc                MotorTaskHandle
 .bss.UltrasoundTaskHandle
                0x00000000200000c0        0x4 ./Core/Src/main.o
                0x00000000200000c0                UltrasoundTaskHandle
 .bss.aRxBuffer
                0x00000000200000c4       0x14 ./Core/Src/main.o
                0x00000000200000c4                aRxBuffer
 .bss.buff      0x00000000200000d8       0x14 ./Core/Src/main.o
                0x00000000200000d8                buff
 .bss.bye       0x00000000200000ec       0x28 ./Core/Src/main.o
                0x00000000200000ec                bye
 .bss.defaultTaskHandle
                0x0000000020000114        0x4 ./Core/Src/main.o
                0x0000000020000114                defaultTaskHandle
 .bss.direction
                0x0000000020000118        0x1 ./Core/Src/main.o
                0x0000000020000118                direction
 *fill*         0x0000000020000119        0x3 
 .bss.flag      0x000000002000011c        0x4 ./Core/Src/main.o
                0x000000002000011c                flag
 .bss.global_angle
                0x0000000020000120        0x8 ./Core/Src/main.o
                0x0000000020000120                global_angle
 .bss.hadc1     0x0000000020000128       0x48 ./Core/Src/main.o
                0x0000000020000128                hadc1
 .bss.hdma_adc1
                0x0000000020000170       0x60 ./Core/Src/main.o
                0x0000000020000170                hdma_adc1
 .bss.hello     0x00000000200001d0       0x28 ./Core/Src/main.o
                0x00000000200001d0                hello
 .bss.hi2c1     0x00000000200001f8       0x54 ./Core/Src/main.o
                0x00000000200001f8                hi2c1
 .bss.htim1     0x000000002000024c       0x48 ./Core/Src/main.o
                0x000000002000024c                htim1
 .bss.htim2     0x0000000020000294       0x48 ./Core/Src/main.o
                0x0000000020000294                htim2
 .bss.htim3     0x00000000200002dc       0x48 ./Core/Src/main.o
                0x00000000200002dc                htim3
 .bss.htim4     0x0000000020000324       0x48 ./Core/Src/main.o
                0x0000000020000324                htim4
 .bss.htim8     0x000000002000036c       0x48 ./Core/Src/main.o
                0x000000002000036c                htim8
 .bss.huart3    0x00000000200003b4       0x44 ./Core/Src/main.o
                0x00000000200003b4                huart3
 .bss.ir1       0x00000000200003f8        0x4 ./Core/Src/main.o
                0x00000000200003f8                ir1
 .bss.ir1_dist  0x00000000200003fc        0x4 ./Core/Src/main.o
                0x00000000200003fc                ir1_dist
 .bss.magnitude
                0x0000000020000400        0x4 ./Core/Src/main.o
                0x0000000020000400                magnitude
 .bss.motorOnA  0x0000000020000404        0x4 ./Core/Src/main.o
                0x0000000020000404                motorOnA
 .bss.motorOnB  0x0000000020000408        0x4 ./Core/Src/main.o
                0x0000000020000408                motorOnB
 *fill*         0x000000002000040c        0x4 
 .bss.total_angle
                0x0000000020000410        0x8 ./Core/Src/main.o
                0x0000000020000410                total_angle
 .bss.total_distancea
                0x0000000020000418        0x4 ./Core/Src/main.o
                0x0000000020000418                total_distancea
 .bss.total_distanceb
                0x000000002000041c        0x4 ./Core/Src/main.o
                0x000000002000041c                total_distanceb
 .bss.travel    0x0000000020000420        0x4 ./Core/Src/main.o
                0x0000000020000420                travel
 .bss.turnDir   0x0000000020000424        0x4 ./Core/Src/main.o
                0x0000000020000424                turnDir
 .bss.us_dist   0x0000000020000428        0x1 ./Core/Src/main.o
                0x0000000020000428                us_dist
 .bss.yay       0x0000000020000429       0x28 ./Core/Src/main.o
                0x0000000020000429                yay
 *fill*         0x0000000020000451        0x3 
 .bss.htim6     0x0000000020000454       0x48 ./Core/Src/stm32f4xx_hal_timebase_tim.o
                0x0000000020000454                htim6
 .bss.__sbrk_heap_end
                0x000000002000049c        0x4 ./Core/Src/sysmem.o
 .bss.uwTick    0x00000000200004a0        0x4 ./Drivers/STM32F4xx_HAL_Driver/Src/stm32f4xx_hal.o
                0x00000000200004a0                uwTick
 .bss.Idle_Stack.2
                0x00000000200004a4      0x200 ./Middlewares/Third_Party/FreeRTOS/Source/CMSIS_RTOS_V2/cmsis_os2.o
 .bss.Idle_TCB.3
                0x00000000200006a4       0x5c ./Middlewares/Third_Party/FreeRTOS/Source/CMSIS_RTOS_V2/cmsis_os2.o
 .bss.KernelState
                0x0000000020000700        0x4 ./Middlewares/Third_Party/FreeRTOS/Source/CMSIS_RTOS_V2/cmsis_os2.o
 .bss.Timer_Stack.0
                0x0000000020000704      0x400 ./Middlewares/Third_Party/FreeRTOS/Source/CMSIS_RTOS_V2/cmsis_os2.o
 .bss.Timer_TCB.1
                0x0000000020000b04       0x5c ./Middlewares/Third_Party/FreeRTOS/Source/CMSIS_RTOS_V2/cmsis_os2.o
 .bss.xQueueRegistry
                0x0000000020000b60       0x40 ./Middlewares/Third_Party/FreeRTOS/Source/queue.o
                0x0000000020000b60                xQueueRegistry
 .bss.pxCurrentTCB
                0x0000000020000ba0        0x4 ./Middlewares/Third_Party/FreeRTOS/Source/tasks.o
                0x0000000020000ba0                pxCurrentTCB
 .bss.pxDelayedTaskList
                0x0000000020000ba4        0x4 ./Middlewares/Third_Party/FreeRTOS/Source/tasks.o
 .bss.pxOverflowDelayedTaskList
                0x0000000020000ba8        0x4 ./Middlewares/Third_Party/FreeRTOS/Source/tasks.o
 .bss.pxReadyTasksLists
                0x0000000020000bac      0x460 ./Middlewares/Third_Party/FreeRTOS/Source/tasks.o
 .bss.uxCurrentNumberOfTasks
                0x000000002000100c        0x4 ./Middlewares/Third_Party/FreeRTOS/Source/tasks.o
 .bss.uxDeletedTasksWaitingCleanUp
                0x0000000020001010        0x4 ./Middlewares/Third_Party/FreeRTOS/Source/tasks.o
 .bss.uxSchedulerSuspended
                0x0000000020001014        0x4 ./Middlewares/Third_Party/FreeRTOS/Source/tasks.o
 .bss.uxTaskNumber
                0x0000000020001018        0x4 ./Middlewares/Third_Party/FreeRTOS/Source/tasks.o
 .bss.uxTopReadyPriority
                0x000000002000101c        0x4 ./Middlewares/Third_Party/FreeRTOS/Source/tasks.o
 .bss.xDelayedTaskList1
                0x0000000020001020       0x14 ./Middlewares/Third_Party/FreeRTOS/Source/tasks.o
 .bss.xDelayedTaskList2
                0x0000000020001034       0x14 ./Middlewares/Third_Party/FreeRTOS/Source/tasks.o
 .bss.xNextTaskUnblockTime
                0x0000000020001048        0x4 ./Middlewares/Third_Party/FreeRTOS/Source/tasks.o
 .bss.xNumOfOverflows
                0x000000002000104c        0x4 ./Middlewares/Third_Party/FreeRTOS/Source/tasks.o
 .bss.xPendedTicks
                0x0000000020001050        0x4 ./Middlewares/Third_Party/FreeRTOS/Source/tasks.o
 .bss.xPendingReadyList
                0x0000000020001054       0x14 ./Middlewares/Third_Party/FreeRTOS/Source/tasks.o
 .bss.xSchedulerRunning
                0x0000000020001068        0x4 ./Middlewares/Third_Party/FreeRTOS/Source/tasks.o
 .bss.xSuspendedTaskList
                0x000000002000106c       0x14 ./Middlewares/Third_Party/FreeRTOS/Source/tasks.o
 .bss.xTasksWaitingTermination
                0x0000000020001080       0x14 ./Middlewares/Third_Party/FreeRTOS/Source/tasks.o
 .bss.xTickCount
                0x0000000020001094        0x4 ./Middlewares/Third_Party/FreeRTOS/Source/tasks.o
 .bss.xYieldPending
                0x0000000020001098        0x4 ./Middlewares/Third_Party/FreeRTOS/Source/tasks.o
 .bss.pxCurrentTimerList
                0x000000002000109c        0x4 ./Middlewares/Third_Party/FreeRTOS/Source/timers.o
 .bss.pxOverflowTimerList
                0x00000000200010a0        0x4 ./Middlewares/Third_Party/FreeRTOS/Source/timers.o
 .bss.ucStaticTimerQueueStorage.1
                0x00000000200010a4       0xa0 ./Middlewares/Third_Party/FreeRTOS/Source/timers.o
 .bss.xActiveTimerList1
                0x0000000020001144       0x14 ./Middlewares/Third_Party/FreeRTOS/Source/timers.o
 .bss.xActiveTimerList2
                0x0000000020001158       0x14 ./Middlewares/Third_Party/FreeRTOS/Source/timers.o
 .bss.xLastTime.2
                0x000000002000116c        0x4 ./Middlewares/Third_Party/FreeRTOS/Source/timers.o
 .bss.xStaticTimerQueue.0
                0x0000000020001170       0x50 ./Middlewares/Third_Party/FreeRTOS/Source/timers.o
 .bss.xTimerQueue
                0x00000000200011c0        0x4 ./Middlewares/Third_Party/FreeRTOS/Source/timers.o
 .bss.xTimerTaskHandle
                0x00000000200011c4        0x4 ./Middlewares/Third_Party/FreeRTOS/Source/timers.o
 .bss.ucMaxSysCallPriority
                0x00000000200011c8        0x1 ./Middlewares/Third_Party/FreeRTOS/Source/portable/GCC/ARM_CM4F/port.o
 *fill*         0x00000000200011c9        0x3 
 .bss.ulMaxPRIGROUPValue
                0x00000000200011cc        0x4 ./Middlewares/Third_Party/FreeRTOS/Source/portable/GCC/ARM_CM4F/port.o
 .bss.pxEnd     0x00000000200011d0        0x4 ./Middlewares/Third_Party/FreeRTOS/Source/portable/MemMang/heap_4.o
 .bss.ucHeap    0x00000000200011d4     0x3c00 ./Middlewares/Third_Party/FreeRTOS/Source/portable/MemMang/heap_4.o
 .bss.xBlockAllocatedBit
                0x0000000020004dd4        0x4 ./Middlewares/Third_Party/FreeRTOS/Source/portable/MemMang/heap_4.o
 .bss.xFreeBytesRemaining
                0x0000000020004dd8        0x4 ./Middlewares/Third_Party/FreeRTOS/Source/portable/MemMang/heap_4.o
 .bss.xMinimumEverFreeBytesRemaining
                0x0000000020004ddc        0x4 ./Middlewares/Third_Party/FreeRTOS/Source/portable/MemMang/heap_4.o
 .bss.xNumberOfSuccessfulAllocations
                0x0000000020004de0        0x4 ./Middlewares/Third_Party/FreeRTOS/Source/portable/MemMang/heap_4.o
 .bss.xNumberOfSuccessfulFrees
                0x0000000020004de4        0x4 ./Middlewares/Third_Party/FreeRTOS/Source/portable/MemMang/heap_4.o
 .bss.xStart    0x0000000020004de8        0x8 ./Middlewares/Third_Party/FreeRTOS/Source/portable/MemMang/heap_4.o
 .bss.OLED_GRAM
                0x0000000020004df0      0x400 ./PeripheralDriver/Src/oled.o
                0x0000000020004df0                OLED_GRAM
 .bss.__malloc_free_list
                0x00000000200051f0        0x4 c:/st/stm32cubeide_1.10.1/stm32cubeide/plugins/com.st.stm32cube.ide.mcu.externaltools.gnu-tools-for-stm32.10.3-2021.10.win32_1.0.0.202111181127/tools/bin/../lib/gcc/arm-none-eabi/10.3.1/../../../../arm-none-eabi/lib/thumb/v7e-m+fp/hard\libc_nano.a(lib_a-nano-mallocr.o)
                0x00000000200051f0                __malloc_free_list
 .bss.__malloc_sbrk_start
                0x00000000200051f4        0x4 c:/st/stm32cubeide_1.10.1/stm32cubeide/plugins/com.st.stm32cube.ide.mcu.externaltools.gnu-tools-for-stm32.10.3-2021.10.win32_1.0.0.202111181127/tools/bin/../lib/gcc/arm-none-eabi/10.3.1/../../../../arm-none-eabi/lib/thumb/v7e-m+fp/hard\libc_nano.a(lib_a-nano-mallocr.o)
                0x00000000200051f4                __malloc_sbrk_start
 .bss.errno     0x00000000200051f8        0x4 c:/st/stm32cubeide_1.10.1/stm32cubeide/plugins/com.st.stm32cube.ide.mcu.externaltools.gnu-tools-for-stm32.10.3-2021.10.win32_1.0.0.202111181127/tools/bin/../lib/gcc/arm-none-eabi/10.3.1/../../../../arm-none-eabi/lib/thumb/v7e-m+fp/hard\libc_nano.a(lib_a-reent.o)
                0x00000000200051f8                errno
 .bss.__lock___malloc_recursive_mutex
                0x00000000200051fc        0x1 c:/st/stm32cubeide_1.10.1/stm32cubeide/plugins/com.st.stm32cube.ide.mcu.externaltools.gnu-tools-for-stm32.10.3-2021.10.win32_1.0.0.202111181127/tools/bin/../lib/gcc/arm-none-eabi/10.3.1/../../../../arm-none-eabi/lib/thumb/v7e-m+fp/hard\libc_nano.a(lib_a-lock.o)
                0x00000000200051fc                __lock___malloc_recursive_mutex
 *(COMMON)
                0x0000000020005200                . = ALIGN (0x4)
 *fill*         0x00000000200051fd        0x3 
                0x0000000020005200                _ebss = .
                0x0000000020005200                __bss_end__ = _ebss

._user_heap_stack
                0x0000000020005200      0x600
                0x0000000020005200                . = ALIGN (0x8)
                [!provide]                        PROVIDE (end = .)
                0x0000000020005200                PROVIDE (_end = .)
                0x0000000020005400                . = (. + _Min_Heap_Size)
 *fill*         0x0000000020005200      0x200 
                0x0000000020005800                . = (. + _Min_Stack_Size)
 *fill*         0x0000000020005400      0x400 
                0x0000000020005800                . = ALIGN (0x8)

/DISCARD/
 libc.a(*)
 libm.a(*)
 libgcc.a(*)

.ARM.attributes
                0x0000000000000000       0x30
 *(.ARM.attributes)
 .ARM.attributes
                0x0000000000000000       0x1e c:/st/stm32cubeide_1.10.1/stm32cubeide/plugins/com.st.stm32cube.ide.mcu.externaltools.gnu-tools-for-stm32.10.3-2021.10.win32_1.0.0.202111181127/tools/bin/../lib/gcc/arm-none-eabi/10.3.1/thumb/v7e-m+fp/hard/crti.o
 .ARM.attributes
                0x000000000000001e       0x34 c:/st/stm32cubeide_1.10.1/stm32cubeide/plugins/com.st.stm32cube.ide.mcu.externaltools.gnu-tools-for-stm32.10.3-2021.10.win32_1.0.0.202111181127/tools/bin/../lib/gcc/arm-none-eabi/10.3.1/thumb/v7e-m+fp/hard/crtbegin.o
 .ARM.attributes
                0x0000000000000052       0x34 ./Core/Src/main.o
 .ARM.attributes
                0x0000000000000086       0x34 ./Core/Src/stm32f4xx_hal_msp.o
 .ARM.attributes
                0x00000000000000ba       0x34 ./Core/Src/stm32f4xx_hal_timebase_tim.o
 .ARM.attributes
                0x00000000000000ee       0x34 ./Core/Src/stm32f4xx_it.o
 .ARM.attributes
                0x0000000000000122       0x34 ./Core/Src/sysmem.o
 .ARM.attributes
                0x0000000000000156       0x34 ./Core/Src/system_stm32f4xx.o
 .ARM.attributes
                0x000000000000018a       0x21 ./Core/Startup/startup_stm32f407vetx.o
 .ARM.attributes
                0x00000000000001ab       0x34 ./Drivers/STM32F4xx_HAL_Driver/Src/stm32f4xx_hal.o
 .ARM.attributes
                0x00000000000001df       0x34 ./Drivers/STM32F4xx_HAL_Driver/Src/stm32f4xx_hal_adc.o
 .ARM.attributes
                0x0000000000000213       0x34 ./Drivers/STM32F4xx_HAL_Driver/Src/stm32f4xx_hal_cortex.o
 .ARM.attributes
                0x0000000000000247       0x34 ./Drivers/STM32F4xx_HAL_Driver/Src/stm32f4xx_hal_dma.o
 .ARM.attributes
                0x000000000000027b       0x34 ./Drivers/STM32F4xx_HAL_Driver/Src/stm32f4xx_hal_gpio.o
 .ARM.attributes
                0x00000000000002af       0x34 ./Drivers/STM32F4xx_HAL_Driver/Src/stm32f4xx_hal_i2c.o
 .ARM.attributes
                0x00000000000002e3       0x34 ./Drivers/STM32F4xx_HAL_Driver/Src/stm32f4xx_hal_pwr.o
 .ARM.attributes
                0x0000000000000317       0x34 ./Drivers/STM32F4xx_HAL_Driver/Src/stm32f4xx_hal_rcc.o
 .ARM.attributes
                0x000000000000034b       0x34 ./Drivers/STM32F4xx_HAL_Driver/Src/stm32f4xx_hal_tim.o
 .ARM.attributes
                0x000000000000037f       0x34 ./Drivers/STM32F4xx_HAL_Driver/Src/stm32f4xx_hal_tim_ex.o
 .ARM.attributes
                0x00000000000003b3       0x34 ./Drivers/STM32F4xx_HAL_Driver/Src/stm32f4xx_hal_uart.o
 .ARM.attributes
                0x00000000000003e7       0x34 ./Middlewares/Third_Party/FreeRTOS/Source/CMSIS_RTOS_V2/cmsis_os2.o
 .ARM.attributes